objc[39789]: Class AVFFrameReceiver is implemented in both /Users/nielsmurawka/Documents/VScodeProject/experience_Le/venv312/lib/python3.12/site-packages/av/.dylibs/libavdevice.61.3.100.dylib (0x133bac3a8) and /Users/nielsmurawka/Documents/VScodeProject/experience_Le/venv312/lib/python3.12/site-packages/cv2/.dylibs/libavdevice.61.3.100.dylib (0x1474ec3a8). This may cause spurious casting failures and mysterious crashes. One of the duplicates must be removed or renamed.
objc[39789]: Class AVFAudioReceiver is implemented in both /Users/nielsmurawka/Documents/VScodeProject/experience_Le/venv312/lib/python3.12/site-packages/av/.dylibs/libavdevice.61.3.100.dylib (0x133bac3f8) and /Users/nielsmurawka/Documents/VScodeProject/experience_Le/venv312/lib/python3.12/site-packages/cv2/.dylibs/libavdevice.61.3.100.dylib (0x1474ec3f8). This may cause spurious casting failures and mysterious crashes. One of the duplicates must be removed or renamed.
objc[39789]: Class SDLApplication is implemented in both /Users/nielsmurawka/Documents/VScodeProject/experience_Le/venv312/lib/python3.12/site-packages/cv2/.dylibs/libSDL2-2.0.0.dylib (0x36dfbc890) and /Users/nielsmurawka/Documents/VScodeProject/experience_Le/venv312/lib/python3.12/site-packages/pygame/.dylibs/libSDL2-2.0.0.dylib (0x36f8212c8). This may cause spurious casting failures and mysterious crashes. One of the duplicates must be removed or renamed.
objc[39789]: Class SDLAppDelegate is implemented in both /Users/nielsmurawka/Documents/VScodeProject/experience_Le/venv312/lib/python3.12/site-packages/cv2/.dylibs/libSDL2-2.0.0.dylib (0x36dfbc8e0) and /Users/nielsmurawka/Documents/VScodeProject/experience_Le/venv312/lib/python3.12/site-packages/pygame/.dylibs/libSDL2-2.0.0.dylib (0x36f821318). This may cause spurious casting failures and mysterious crashes. One of the duplicates must be removed or renamed.
objc[39789]: Class SDLTranslatorResponder is implemented in both /Users/nielsmurawka/Documents/VScodeProject/experience_Le/venv312/lib/python3.12/site-packages/cv2/.dylibs/libSDL2-2.0.0.dylib (0x36dfbc958) and /Users/nielsmurawka/Documents/VScodeProject/experience_Le/venv312/lib/python3.12/site-packages/pygame/.dylibs/libSDL2-2.0.0.dylib (0x36f821390). This may cause spurious casting failures and mysterious crashes. One of the duplicates must be removed or renamed.
objc[39789]: Class SDLMessageBoxPresenter is implemented in both /Users/nielsmurawka/Documents/VScodeProject/experience_Le/venv312/lib/python3.12/site-packages/cv2/.dylibs/libSDL2-2.0.0.dylib (0x36dfbc980) and /Users/nielsmurawka/Documents/VScodeProject/experience_Le/venv312/lib/python3.12/site-packages/pygame/.dylibs/libSDL2-2.0.0.dylib (0x36f8213b8). This may cause spurious casting failures and mysterious crashes. One of the duplicates must be removed or renamed.
objc[39789]: Class SDL_cocoametalview is implemented in both /Users/nielsmurawka/Documents/VScodeProject/experience_Le/venv312/lib/python3.12/site-packages/cv2/.dylibs/libSDL2-2.0.0.dylib (0x36dfbc9d0) and /Users/nielsmurawka/Documents/VScodeProject/experience_Le/venv312/lib/python3.12/site-packages/pygame/.dylibs/libSDL2-2.0.0.dylib (0x36f821408). This may cause spurious casting failures and mysterious crashes. One of the duplicates must be removed or renamed.
objc[39789]: Class SDLOpenGLContext is implemented in both /Users/nielsmurawka/Documents/VScodeProject/experience_Le/venv312/lib/python3.12/site-packages/cv2/.dylibs/libSDL2-2.0.0.dylib (0x36dfbca20) and /Users/nielsmurawka/Documents/VScodeProject/experience_Le/venv312/lib/python3.12/site-packages/pygame/.dylibs/libSDL2-2.0.0.dylib (0x36f821458). This may cause spurious casting failures and mysterious crashes. One of the duplicates must be removed or renamed.
objc[39789]: Class SDL_ShapeData is implemented in both /Users/nielsmurawka/Documents/VScodeProject/experience_Le/venv312/lib/python3.12/site-packages/cv2/.dylibs/libSDL2-2.0.0.dylib (0x36dfbca98) and /Users/nielsmurawka/Documents/VScodeProject/experience_Le/venv312/lib/python3.12/site-packages/pygame/.dylibs/libSDL2-2.0.0.dylib (0x36f8214d0). This may cause spurious casting failures and mysterious crashes. One of the duplicates must be removed or renamed.
objc[39789]: Class SDL_CocoaClosure is implemented in both /Users/nielsmurawka/Documents/VScodeProject/experience_Le/venv312/lib/python3.12/site-packages/cv2/.dylibs/libSDL2-2.0.0.dylib (0x36dfbcae8) and /Users/nielsmurawka/Documents/VScodeProject/experience_Le/venv312/lib/python3.12/site-packages/pygame/.dylibs/libSDL2-2.0.0.dylib (0x36f821520). This may cause spurious casting failures and mysterious crashes. One of the duplicates must be removed or renamed.
objc[39789]: Class SDL_VideoData is implemented in both /Users/nielsmurawka/Documents/VScodeProject/experience_Le/venv312/lib/python3.12/site-packages/cv2/.dylibs/libSDL2-2.0.0.dylib (0x36dfbcb38) and /Users/nielsmurawka/Documents/VScodeProject/experience_Le/venv312/lib/python3.12/site-packages/pygame/.dylibs/libSDL2-2.0.0.dylib (0x36f821570). This may cause spurious casting failures and mysterious crashes. One of the duplicates must be removed or renamed.
objc[39789]: Class SDL_WindowData is implemented in both /Users/nielsmurawka/Documents/VScodeProject/experience_Le/venv312/lib/python3.12/site-packages/cv2/.dylibs/libSDL2-2.0.0.dylib (0x36dfbcb88) and /Users/nielsmurawka/Documents/VScodeProject/experience_Le/venv312/lib/python3.12/site-packages/pygame/.dylibs/libSDL2-2.0.0.dylib (0x36f8215c0). This may cause spurious casting failures and mysterious crashes. One of the duplicates must be removed or renamed.
objc[39789]: Class SDLWindow is implemented in both /Users/nielsmurawka/Documents/VScodeProject/experience_Le/venv312/lib/python3.12/site-packages/cv2/.dylibs/libSDL2-2.0.0.dylib (0x36dfbcbb0) and /Users/nielsmurawka/Documents/VScodeProject/experience_Le/venv312/lib/python3.12/site-packages/pygame/.dylibs/libSDL2-2.0.0.dylib (0x36f8215e8). This may cause spurious casting failures and mysterious crashes. One of the duplicates must be removed or renamed.
objc[39789]: Class Cocoa_WindowListener is implemented in both /Users/nielsmurawka/Documents/VScodeProject/experience_Le/venv312/lib/python3.12/site-packages/cv2/.dylibs/libSDL2-2.0.0.dylib (0x36dfbcbd8) and /Users/nielsmurawka/Documents/VScodeProject/experience_Le/venv312/lib/python3.12/site-packages/pygame/.dylibs/libSDL2-2.0.0.dylib (0x36f821610). This may cause spurious casting failures and mysterious crashes. One of the duplicates must be removed or renamed.
objc[39789]: Class SDLView is implemented in both /Users/nielsmurawka/Documents/VScodeProject/experience_Le/venv312/lib/python3.12/site-packages/cv2/.dylibs/libSDL2-2.0.0.dylib (0x36dfbcc50) and /Users/nielsmurawka/Documents/VScodeProject/experience_Le/venv312/lib/python3.12/site-packages/pygame/.dylibs/libSDL2-2.0.0.dylib (0x36f821688). This may cause spurious casting failures and mysterious crashes. One of the duplicates must be removed or renamed.
objc[39789]: Class METAL_RenderData is implemented in both /Users/nielsmurawka/Documents/VScodeProject/experience_Le/venv312/lib/python3.12/site-packages/cv2/.dylibs/libSDL2-2.0.0.dylib (0x36dfbccc8) and /Users/nielsmurawka/Documents/VScodeProject/experience_Le/venv312/lib/python3.12/site-packages/pygame/.dylibs/libSDL2-2.0.0.dylib (0x36f821700). This may cause spurious casting failures and mysterious crashes. One of the duplicates must be removed or renamed.
objc[39789]: Class METAL_TextureData is implemented in both /Users/nielsmurawka/Documents/VScodeProject/experience_Le/venv312/lib/python3.12/site-packages/cv2/.dylibs/libSDL2-2.0.0.dylib (0x36dfbcd18) and /Users/nielsmurawka/Documents/VScodeProject/experience_Le/venv312/lib/python3.12/site-packages/pygame/.dylibs/libSDL2-2.0.0.dylib (0x36f821750). This may cause spurious casting failures and mysterious crashes. One of the duplicates must be removed or renamed.
objc[39789]: Class SDL_RumbleMotor is implemented in both /Users/nielsmurawka/Documents/VScodeProject/experience_Le/venv312/lib/python3.12/site-packages/cv2/.dylibs/libSDL2-2.0.0.dylib (0x36dfbcd40) and /Users/nielsmurawka/Documents/VScodeProject/experience_Le/venv312/lib/python3.12/site-packages/pygame/.dylibs/libSDL2-2.0.0.dylib (0x36f821778). This may cause spurious casting failures and mysterious crashes. One of the duplicates must be removed or renamed.
objc[39789]: Class SDL_RumbleContext is implemented in both /Users/nielsmurawka/Documents/VScodeProject/experience_Le/venv312/lib/python3.12/site-packages/cv2/.dylibs/libSDL2-2.0.0.dylib (0x36dfbcd90) and /Users/nielsmurawka/Documents/VScodeProject/experience_Le/venv312/lib/python3.12/site-packages/pygame/.dylibs/libSDL2-2.0.0.dylib (0x36f8217c8). This may cause spurious casting failures and mysterious crashes. One of the duplicates must be removed or renamed.
/Users/nielsmurawka/Documents/VScodeProject/experience_Le/venv312/lib/python3.12/site-packages/pygame/pkgdata.py:25: UserWarning: pkg_resources is deprecated as an API. See https://setuptools.pypa.io/en/latest/pkg_resources.html. The pkg_resources package is slated for removal as early as 2025-11-30. Refrain from using this package or pin to Setuptools<81.
  from pkg_resources import resource_stream, resource_exists
WARNING:imageio_ffmpeg:IMAGEIO FFMPEG_WRITER WARNING: input image is not divisible by macro_block_size=16, resizing from (680, 680) to (688, 688) to ensure video compatibility with most codecs and players. To prevent resizing, make your input image divisible by the macro_block_size or set the macro_block_size to 1 (risking incompatibility).
WARNING:imageio_ffmpeg:IMAGEIO FFMPEG_WRITER WARNING: input image is not divisible by macro_block_size=16, resizing from (680, 680) to (688, 688) to ensure video compatibility with most codecs and players. To prevent resizing, make your input image divisible by the macro_block_size or set the macro_block_size to 1 (risking incompatibility).
WARNING:imageio_ffmpeg:IMAGEIO FFMPEG_WRITER WARNING: input image is not divisible by macro_block_size=16, resizing from (680, 680) to (688, 688) to ensure video compatibility with most codecs and players. To prevent resizing, make your input image divisible by the macro_block_size or set the macro_block_size to 1 (risking incompatibility).

============================================================
EXPÉRIENCE : 29_image_only
============================================================

Features ResNet18...
  Features en cache : data_cache/resnet18_features_ep206_64px.pt
  21736 samples (chunk=20)
  Paramètres entraînés : 169,026
  (ResNet18 gelé : 11.2M params, non entraînés)

Entraînement (image seule, sans agent_pos)...
  Epoch   1/100 — train: 0.466876 — test: 0.324184 — 9s
  Epoch  20/100 — train: 0.168007 — test: 0.166807 — 183s
  Epoch  40/100 — train: 0.115934 — test: 0.126645 — 365s
  Epoch  60/100 — train: 0.088283 — test: 0.102289 — 543s
  Epoch  80/100 — train: 0.077307 — test: 0.089390 — 721s
  Epoch 100/100 — train: 0.066702 — test: 0.089571 — 899s
  Temps total : 899.4s
  Inférence Transformer : 0.78ms
  (+ ResNet18 ~5ms en inférence live)

  Évaluation (200 épisodes)...
    Episode  20/200 : ✗ coverage=44.6%
    Episode  40/200 : ✗ coverage=1.7%
    Episode  60/200 : ✗ coverage=0.0%
    Episode  80/200 : ✗ coverage=0.0%
    Episode 100/200 : ✗ coverage=57.8%
    Episode 120/200 : ✗ coverage=29.8%
    Episode 140/200 : ✗ coverage=0.0%
    Episode 160/200 : ✗ coverage=17.0%
    Episode 180/200 : ✗ coverage=4.7%
    Episode 200/200 : ✗ coverage=0.0%
    Success rate : 0/200 (0%)
    Coverage moyen : 31.8%
  Poids sauvegardés : /Users/nielsmurawka/Documents/VScodeProject/experience_Le/results/runs/29_image_only_resnet18_image_only/model.pt
  Config modèle    : /Users/nielsmurawka/Documents/VScodeProject/experience_Le/results/runs/29_image_only_resnet18_image_only/model_config.json
  Vidéo : /Users/nielsmurawka/Documents/VScodeProject/experience_Le/results/runs/29_image_only_resnet18_image_only/ep0.mp4
  Vidéo : /Users/nielsmurawka/Documents/VScodeProject/experience_Le/results/runs/29_image_only_resnet18_image_only/ep1.mp4
  Vidéo : /Users/nielsmurawka/Documents/VScodeProject/experience_Le/results/runs/29_image_only_resnet18_image_only/ep2.mp4
Run sauvegardé dans /Users/nielsmurawka/Documents/VScodeProject/experience_Le/results/all_runs.jsonl
  Graphe : /Users/nielsmurawka/Documents/VScodeProject/experience_Le/results/runs/29_image_only_resnet18_image_only/losses.png
  Run info : /Users/nielsmurawka/Documents/VScodeProject/experience_Le/results/runs/29_image_only_resnet18_image_only/run_info.md

============================================================
RÉSUMÉ
============================================================
  Coverage         : 31.8%
  Success rate     : 0%
  Params entraînés : 169,026
  Temps train      : 899s
  Inférence        : 0.78ms (Transformer seul)
  Dossier          : /Users/nielsmurawka/Documents/VScodeProject/experience_Le/results/runs/29_image_only_resnet18_image_only
