[robosuite WARNING] No private macro file found! (macros.py:57)
[robosuite WARNING] It is recommended to use a private macro file (macros.py:58)
[robosuite WARNING] To setup, run: python /Users/nielsmurawka/Documents/VScodeProject/experience_Le/venv312/lib/python3.12/site-packages/robosuite/scripts/setup_macros.py (macros.py:59)
[robosuite WARNING] Could not import robosuite_models. Some robots may not be available. If you want to use these robots, please install robosuite_models from source (https://github.com/ARISE-Initiative/robosuite_models) or through pip install. (__init__.py:30)
[robosuite WARNING] Could not load the mink-based whole-body IK. Make sure you install related import properly, otherwise you will not be able to use the default IK controller setting for GR1 robot. (__init__.py:40)
[09] device=mps, checkpoint=010000
objc[45702]: Class AVFFrameReceiver is implemented in both /Users/nielsmurawka/Documents/VScodeProject/experience_Le/venv312/lib/python3.12/site-packages/cv2/.dylibs/libavdevice.61.3.100.dylib (0x10729c3a8) and /Users/nielsmurawka/Documents/VScodeProject/experience_Le/venv312/lib/python3.12/site-packages/av/.dylibs/libavdevice.61.3.100.dylib (0x1431703a8). This may cause spurious casting failures and mysterious crashes. One of the duplicates must be removed or renamed.
objc[45702]: Class AVFAudioReceiver is implemented in both /Users/nielsmurawka/Documents/VScodeProject/experience_Le/venv312/lib/python3.12/site-packages/cv2/.dylibs/libavdevice.61.3.100.dylib (0x10729c3f8) and /Users/nielsmurawka/Documents/VScodeProject/experience_Le/venv312/lib/python3.12/site-packages/av/.dylibs/libavdevice.61.3.100.dylib (0x1431703f8). This may cause spurious casting failures and mysterious crashes. One of the duplicates must be removed or renamed.
Loading weights from local directory
[09] policy chargée
[09] RAPPEL original seed=0 : 152/500 = 30.4% [26.5-34.6]
[09] génération 500 états Can seed=1...
ROBOMIMIC WARNING(
    No private macro file found!
    It is recommended to use a private macro file
    To setup, run: python /Users/nielsmurawka/Documents/VScodeProject/experience_Le/venv312/lib/python3.12/site-packages/robomimic/scripts/setup_macros.py
)

============= Initialized Observation Utils with Obs Spec =============

using obs modality: low_dim with keys: ['robot0_eef_pos', 'robot0_gripper_qpos', 'object', 'robot0_eef_quat']
using obs modality: rgb with keys: []
Created environment with name PickPlaceCan
Action size is 7
ROBOMIMIC WARNING(
    Dataset and installed environment version mismatch!
    Dataset environment version: 1.4.1
    Installed environment version: 1.5.2
)
[09]   100/500
[09]   200/500
Context leak detected, msgtracer returned -1
Context leak detected, msgtracer returned -1
Context leak detected, msgtracer returned -1
Context leak detected, msgtracer returned -1
Context leak detected, msgtracer returned -1
Context leak detected, msgtracer returned -1
[09]   300/500
[09]   400/500
[09]   500/500
[09] sauvé results/runs/can/can_eval500_seed1.npy (500, 71)

============= Initialized Observation Utils with Obs Spec =============

using obs modality: low_dim with keys: ['robot0_eef_pos', 'robot0_gripper_qpos', 'object', 'robot0_eef_quat']
using obs modality: rgb with keys: []
Created environment with name PickPlaceCan
Action size is 7
ROBOMIMIC WARNING(
    Dataset and installed environment version mismatch!
    Dataset environment version: 1.4.1
    Installed environment version: 1.5.2
)

============= Initialized Observation Utils with Obs Spec =============

using obs modality: low_dim with keys: ['robot0_eef_pos', 'robot0_gripper_qpos', 'object', 'robot0_eef_quat']
using obs modality: rgb with keys: []
Created environment with name PickPlaceCan
Action size is 7
ROBOMIMIC WARNING(
    Dataset and installed environment version mismatch!
    Dataset environment version: 1.4.1
    Installed environment version: 1.5.2
)

============= Initialized Observation Utils with Obs Spec =============

using obs modality: low_dim with keys: ['robot0_eef_pos', 'robot0_gripper_qpos', 'object', 'robot0_eef_quat']
using obs modality: rgb with keys: []
Created environment with name PickPlaceCan
Action size is 7
ROBOMIMIC WARNING(
    Dataset and installed environment version mismatch!
    Dataset environment version: 1.4.1
    Installed environment version: 1.5.2
)

============= Initialized Observation Utils with Obs Spec =============

using obs modality: low_dim with keys: ['robot0_eef_pos', 'robot0_gripper_qpos', 'object', 'robot0_eef_quat']
using obs modality: rgb with keys: []
Created environment with name PickPlaceCan
Action size is 7
ROBOMIMIC WARNING(
    Dataset and installed environment version mismatch!
    Dataset environment version: 1.4.1
    Installed environment version: 1.5.2
)

============= Initialized Observation Utils with Obs Spec =============

using obs modality: low_dim with keys: ['robot0_eef_pos', 'robot0_gripper_qpos', 'object', 'robot0_eef_quat']
using obs modality: rgb with keys: []
Created environment with name PickPlaceCan
Action size is 7
ROBOMIMIC WARNING(
    Dataset and installed environment version mismatch!
    Dataset environment version: 1.4.1
    Installed environment version: 1.5.2
)

============= Initialized Observation Utils with Obs Spec =============

using obs modality: low_dim with keys: ['robot0_eef_pos', 'robot0_gripper_qpos', 'object', 'robot0_eef_quat']
using obs modality: rgb with keys: []
Created environment with name PickPlaceCan
Action size is 7
ROBOMIMIC WARNING(
    Dataset and installed environment version mismatch!
    Dataset environment version: 1.4.1
    Installed environment version: 1.5.2
)

============= Initialized Observation Utils with Obs Spec =============

using obs modality: low_dim with keys: ['robot0_eef_pos', 'robot0_gripper_qpos', 'object', 'robot0_eef_quat']
using obs modality: rgb with keys: []
Created environment with name PickPlaceCan
Action size is 7
ROBOMIMIC WARNING(
    Dataset and installed environment version mismatch!
    Dataset environment version: 1.4.1
    Installed environment version: 1.5.2
)

============= Initialized Observation Utils with Obs Spec =============

using obs modality: low_dim with keys: ['robot0_eef_pos', 'robot0_gripper_qpos', 'object', 'robot0_eef_quat']
using obs modality: rgb with keys: []
Created environment with name PickPlaceCan
Action size is 7
ROBOMIMIC WARNING(
    Dataset and installed environment version mismatch!
    Dataset environment version: 1.4.1
    Installed environment version: 1.5.2
)

============= Initialized Observation Utils with Obs Spec =============

using obs modality: low_dim with keys: ['robot0_eef_pos', 'robot0_gripper_qpos', 'object', 'robot0_eef_quat']
using obs modality: rgb with keys: []
Created environment with name PickPlaceCan
Action size is 7
ROBOMIMIC WARNING(
    Dataset and installed environment version mismatch!
    Dataset environment version: 1.4.1
    Installed environment version: 1.5.2
)

============= Initialized Observation Utils with Obs Spec =============

using obs modality: low_dim with keys: ['robot0_eef_pos', 'robot0_gripper_qpos', 'object', 'robot0_eef_quat']
using obs modality: rgb with keys: []
Created environment with name PickPlaceCan
Action size is 7
ROBOMIMIC WARNING(
    Dataset and installed environment version mismatch!
    Dataset environment version: 1.4.1
    Installed environment version: 1.5.2
)
[09] seed=1 : 153/500 = 30.6% [26.7%-34.8%] (5065s)
[09] génération 500 états Can seed=2...

============= Initialized Observation Utils with Obs Spec =============

using obs modality: low_dim with keys: ['robot0_eef_pos', 'robot0_gripper_qpos', 'object', 'robot0_eef_quat']
using obs modality: rgb with keys: []
Created environment with name PickPlaceCan
Action size is 7
ROBOMIMIC WARNING(
    Dataset and installed environment version mismatch!
    Dataset environment version: 1.4.1
    Installed environment version: 1.5.2
)
[09]   100/500
[09]   200/500
Context leak detected, msgtracer returned -1
Context leak detected, msgtracer returned -1
Context leak detected, msgtracer returned -1
Context leak detected, msgtracer returned -1
Context leak detected, msgtracer returned -1
Context leak detected, msgtracer returned -1
[09]   300/500
[09]   400/500
Context leak detected, msgtracer returned -1
Context leak detected, msgtracer returned -1
Context leak detected, msgtracer returned -1
Context leak detected, msgtracer returned -1
Context leak detected, msgtracer returned -1
Context leak detected, msgtracer returned -1
[09]   500/500
[09] sauvé results/runs/can/can_eval500_seed2.npy (500, 71)

============= Initialized Observation Utils with Obs Spec =============

using obs modality: low_dim with keys: ['robot0_eef_pos', 'robot0_gripper_qpos', 'object', 'robot0_eef_quat']
using obs modality: rgb with keys: []
Created environment with name PickPlaceCan
Action size is 7
ROBOMIMIC WARNING(
    Dataset and installed environment version mismatch!
    Dataset environment version: 1.4.1
    Installed environment version: 1.5.2
)

============= Initialized Observation Utils with Obs Spec =============

using obs modality: low_dim with keys: ['robot0_eef_pos', 'robot0_gripper_qpos', 'object', 'robot0_eef_quat']
using obs modality: rgb with keys: []
Created environment with name PickPlaceCan
Action size is 7
ROBOMIMIC WARNING(
    Dataset and installed environment version mismatch!
    Dataset environment version: 1.4.1
    Installed environment version: 1.5.2
)

============= Initialized Observation Utils with Obs Spec =============

using obs modality: low_dim with keys: ['robot0_eef_pos', 'robot0_gripper_qpos', 'object', 'robot0_eef_quat']
using obs modality: rgb with keys: []
Created environment with name PickPlaceCan
Action size is 7
ROBOMIMIC WARNING(
    Dataset and installed environment version mismatch!
    Dataset environment version: 1.4.1
    Installed environment version: 1.5.2
)

============= Initialized Observation Utils with Obs Spec =============

using obs modality: low_dim with keys: ['robot0_eef_pos', 'robot0_gripper_qpos', 'object', 'robot0_eef_quat']
using obs modality: rgb with keys: []
Created environment with name PickPlaceCan
Action size is 7
ROBOMIMIC WARNING(
    Dataset and installed environment version mismatch!
    Dataset environment version: 1.4.1
    Installed environment version: 1.5.2
)

============= Initialized Observation Utils with Obs Spec =============

using obs modality: low_dim with keys: ['robot0_eef_pos', 'robot0_gripper_qpos', 'object', 'robot0_eef_quat']
using obs modality: rgb with keys: []
Created environment with name PickPlaceCan
Action size is 7
ROBOMIMIC WARNING(
    Dataset and installed environment version mismatch!
    Dataset environment version: 1.4.1
    Installed environment version: 1.5.2
)

============= Initialized Observation Utils with Obs Spec =============

using obs modality: low_dim with keys: ['robot0_eef_pos', 'robot0_gripper_qpos', 'object', 'robot0_eef_quat']
using obs modality: rgb with keys: []
Created environment with name PickPlaceCan
Action size is 7
ROBOMIMIC WARNING(
    Dataset and installed environment version mismatch!
    Dataset environment version: 1.4.1
    Installed environment version: 1.5.2
)

============= Initialized Observation Utils with Obs Spec =============

using obs modality: low_dim with keys: ['robot0_eef_pos', 'robot0_gripper_qpos', 'object', 'robot0_eef_quat']
using obs modality: rgb with keys: []
Created environment with name PickPlaceCan
Action size is 7
ROBOMIMIC WARNING(
    Dataset and installed environment version mismatch!
    Dataset environment version: 1.4.1
    Installed environment version: 1.5.2
)

============= Initialized Observation Utils with Obs Spec =============

using obs modality: low_dim with keys: ['robot0_eef_pos', 'robot0_gripper_qpos', 'object', 'robot0_eef_quat']
using obs modality: rgb with keys: []
Created environment with name PickPlaceCan
Action size is 7
ROBOMIMIC WARNING(
    Dataset and installed environment version mismatch!
    Dataset environment version: 1.4.1
    Installed environment version: 1.5.2
)

============= Initialized Observation Utils with Obs Spec =============

using obs modality: low_dim with keys: ['robot0_eef_pos', 'robot0_gripper_qpos', 'object', 'robot0_eef_quat']
using obs modality: rgb with keys: []
Created environment with name PickPlaceCan
Action size is 7
ROBOMIMIC WARNING(
    Dataset and installed environment version mismatch!
    Dataset environment version: 1.4.1
    Installed environment version: 1.5.2
)

============= Initialized Observation Utils with Obs Spec =============

using obs modality: low_dim with keys: ['robot0_eef_pos', 'robot0_gripper_qpos', 'object', 'robot0_eef_quat']
using obs modality: rgb with keys: []
Created environment with name PickPlaceCan
Action size is 7
ROBOMIMIC WARNING(
    Dataset and installed environment version mismatch!
    Dataset environment version: 1.4.1
    Installed environment version: 1.5.2
)
[09] seed=2 : 134/500 = 26.8% [23.1%-30.8%] (6539s)
[09] VARIANCE 500 SEEDS DONE
