[chain08] START 08 val_loss 1seed/1000
[robosuite WARNING] No private macro file found! (macros.py:57)
[robosuite WARNING] It is recommended to use a private macro file (macros.py:58)
[robosuite WARNING] To setup, run: python /Users/nielsmurawka/Documents/VScodeProject/experience_Le/venv312/lib/python3.12/site-packages/robosuite/scripts/setup_macros.py (macros.py:59)
[robosuite WARNING] Could not import robosuite_models. Some robots may not be available. If you want to use these robots, please install robosuite_models from source (https://github.com/ARISE-Initiative/robosuite_models) or through pip install. (__init__.py:30)
[robosuite WARNING] Could not load the mink-based whole-body IK. Make sure you install related import properly, otherwise you will not be able to use the default IK controller setting for GR1 robot. (__init__.py:40)
[08] device=mps, val_idx=50 ép.
objc[48487]: Class AVFFrameReceiver is implemented in both /Users/nielsmurawka/Documents/VScodeProject/experience_Le/venv312/lib/python3.12/site-packages/cv2/.dylibs/libavdevice.61.3.100.dylib (0x102e5c3a8) and /Users/nielsmurawka/Documents/VScodeProject/experience_Le/venv312/lib/python3.12/site-packages/av/.dylibs/libavdevice.61.3.100.dylib (0x150d143a8). This may cause spurious casting failures and mysterious crashes. One of the duplicates must be removed or renamed.
objc[48487]: Class AVFAudioReceiver is implemented in both /Users/nielsmurawka/Documents/VScodeProject/experience_Le/venv312/lib/python3.12/site-packages/cv2/.dylibs/libavdevice.61.3.100.dylib (0x102e5c3f8) and /Users/nielsmurawka/Documents/VScodeProject/experience_Le/venv312/lib/python3.12/site-packages/av/.dylibs/libavdevice.61.3.100.dylib (0x150d143f8). This may cause spurious casting failures and mysterious crashes. One of the duplicates must be removed or renamed.
[08] 119 steps déjà mesurés (05 + fast), on saute ceux-là
[08] 19 checkpoints à mesurer : [12000, 13000, 14000, 15000, 16000, 17000, 18000, 19000, 20000, 21000, 22000, 23000, 24000, 25000, 26000, 27000, 28000, 29000, 30000]
Loading weights from local directory
objc[48487]: Class SDLApplication is implemented in both /Users/nielsmurawka/Documents/VScodeProject/experience_Le/venv312/lib/python3.12/site-packages/cv2/.dylibs/libSDL2-2.0.0.dylib (0x113bb0890) and /opt/homebrew/Cellar/sdl2/2.32.6/lib/libSDL2-2.0.0.dylib (0x35ff7bc88). This may cause spurious casting failures and mysterious crashes. One of the duplicates must be removed or renamed.
objc[48487]: Class SDLAppDelegate is implemented in both /Users/nielsmurawka/Documents/VScodeProject/experience_Le/venv312/lib/python3.12/site-packages/cv2/.dylibs/libSDL2-2.0.0.dylib (0x113bb08e0) and /opt/homebrew/Cellar/sdl2/2.32.6/lib/libSDL2-2.0.0.dylib (0x35ff7bcd8). This may cause spurious casting failures and mysterious crashes. One of the duplicates must be removed or renamed.
objc[48487]: Class SDLTranslatorResponder is implemented in both /Users/nielsmurawka/Documents/VScodeProject/experience_Le/venv312/lib/python3.12/site-packages/cv2/.dylibs/libSDL2-2.0.0.dylib (0x113bb0958) and /opt/homebrew/Cellar/sdl2/2.32.6/lib/libSDL2-2.0.0.dylib (0x35ff7bd50). This may cause spurious casting failures and mysterious crashes. One of the duplicates must be removed or renamed.
objc[48487]: Class SDLMessageBoxPresenter is implemented in both /Users/nielsmurawka/Documents/VScodeProject/experience_Le/venv312/lib/python3.12/site-packages/cv2/.dylibs/libSDL2-2.0.0.dylib (0x113bb0980) and /opt/homebrew/Cellar/sdl2/2.32.6/lib/libSDL2-2.0.0.dylib (0x35ff7bd78). This may cause spurious casting failures and mysterious crashes. One of the duplicates must be removed or renamed.
objc[48487]: Class SDL_cocoametalview is implemented in both /Users/nielsmurawka/Documents/VScodeProject/experience_Le/venv312/lib/python3.12/site-packages/cv2/.dylibs/libSDL2-2.0.0.dylib (0x113bb09d0) and /opt/homebrew/Cellar/sdl2/2.32.6/lib/libSDL2-2.0.0.dylib (0x35ff7bdc8). This may cause spurious casting failures and mysterious crashes. One of the duplicates must be removed or renamed.
objc[48487]: Class SDLOpenGLContext is implemented in both /Users/nielsmurawka/Documents/VScodeProject/experience_Le/venv312/lib/python3.12/site-packages/cv2/.dylibs/libSDL2-2.0.0.dylib (0x113bb0a20) and /opt/homebrew/Cellar/sdl2/2.32.6/lib/libSDL2-2.0.0.dylib (0x35ff7be18). This may cause spurious casting failures and mysterious crashes. One of the duplicates must be removed or renamed.
objc[48487]: Class SDL_ShapeData is implemented in both /Users/nielsmurawka/Documents/VScodeProject/experience_Le/venv312/lib/python3.12/site-packages/cv2/.dylibs/libSDL2-2.0.0.dylib (0x113bb0a98) and /opt/homebrew/Cellar/sdl2/2.32.6/lib/libSDL2-2.0.0.dylib (0x35ff7be90). This may cause spurious casting failures and mysterious crashes. One of the duplicates must be removed or renamed.
objc[48487]: Class SDL_CocoaClosure is implemented in both /Users/nielsmurawka/Documents/VScodeProject/experience_Le/venv312/lib/python3.12/site-packages/cv2/.dylibs/libSDL2-2.0.0.dylib (0x113bb0ae8) and /opt/homebrew/Cellar/sdl2/2.32.6/lib/libSDL2-2.0.0.dylib (0x35ff7bee0). This may cause spurious casting failures and mysterious crashes. One of the duplicates must be removed or renamed.
objc[48487]: Class SDL_VideoData is implemented in both /Users/nielsmurawka/Documents/VScodeProject/experience_Le/venv312/lib/python3.12/site-packages/cv2/.dylibs/libSDL2-2.0.0.dylib (0x113bb0b38) and /opt/homebrew/Cellar/sdl2/2.32.6/lib/libSDL2-2.0.0.dylib (0x35ff7bf30). This may cause spurious casting failures and mysterious crashes. One of the duplicates must be removed or renamed.
objc[48487]: Class SDL_WindowData is implemented in both /Users/nielsmurawka/Documents/VScodeProject/experience_Le/venv312/lib/python3.12/site-packages/cv2/.dylibs/libSDL2-2.0.0.dylib (0x113bb0b88) and /opt/homebrew/Cellar/sdl2/2.32.6/lib/libSDL2-2.0.0.dylib (0x35ff7bf80). This may cause spurious casting failures and mysterious crashes. One of the duplicates must be removed or renamed.
objc[48487]: Class SDLWindow is implemented in both /Users/nielsmurawka/Documents/VScodeProject/experience_Le/venv312/lib/python3.12/site-packages/cv2/.dylibs/libSDL2-2.0.0.dylib (0x113bb0bb0) and /opt/homebrew/Cellar/sdl2/2.32.6/lib/libSDL2-2.0.0.dylib (0x35ff7bfa8). This may cause spurious casting failures and mysterious crashes. One of the duplicates must be removed or renamed.
objc[48487]: Class Cocoa_WindowListener is implemented in both /Users/nielsmurawka/Documents/VScodeProject/experience_Le/venv312/lib/python3.12/site-packages/cv2/.dylibs/libSDL2-2.0.0.dylib (0x113bb0bd8) and /opt/homebrew/Cellar/sdl2/2.32.6/lib/libSDL2-2.0.0.dylib (0x35ff7bfd0). This may cause spurious casting failures and mysterious crashes. One of the duplicates must be removed or renamed.
objc[48487]: Class SDLView is implemented in both /Users/nielsmurawka/Documents/VScodeProject/experience_Le/venv312/lib/python3.12/site-packages/cv2/.dylibs/libSDL2-2.0.0.dylib (0x113bb0c50) and /opt/homebrew/Cellar/sdl2/2.32.6/lib/libSDL2-2.0.0.dylib (0x35ff7c048). This may cause spurious casting failures and mysterious crashes. One of the duplicates must be removed or renamed.
objc[48487]: Class METAL_RenderData is implemented in both /Users/nielsmurawka/Documents/VScodeProject/experience_Le/venv312/lib/python3.12/site-packages/cv2/.dylibs/libSDL2-2.0.0.dylib (0x113bb0cc8) and /opt/homebrew/Cellar/sdl2/2.32.6/lib/libSDL2-2.0.0.dylib (0x35ff7c0c0). This may cause spurious casting failures and mysterious crashes. One of the duplicates must be removed or renamed.
objc[48487]: Class METAL_TextureData is implemented in both /Users/nielsmurawka/Documents/VScodeProject/experience_Le/venv312/lib/python3.12/site-packages/cv2/.dylibs/libSDL2-2.0.0.dylib (0x113bb0d18) and /opt/homebrew/Cellar/sdl2/2.32.6/lib/libSDL2-2.0.0.dylib (0x35ff7c110). This may cause spurious casting failures and mysterious crashes. One of the duplicates must be removed or renamed.
objc[48487]: Class SDL_RumbleMotor is implemented in both /Users/nielsmurawka/Documents/VScodeProject/experience_Le/venv312/lib/python3.12/site-packages/cv2/.dylibs/libSDL2-2.0.0.dylib (0x113bb0d40) and /opt/homebrew/Cellar/sdl2/2.32.6/lib/libSDL2-2.0.0.dylib (0x35ff7c138). This may cause spurious casting failures and mysterious crashes. One of the duplicates must be removed or renamed.
objc[48487]: Class SDL_RumbleContext is implemented in both /Users/nielsmurawka/Documents/VScodeProject/experience_Le/venv312/lib/python3.12/site-packages/cv2/.dylibs/libSDL2-2.0.0.dylib (0x113bb0d90) and /opt/homebrew/Cellar/sdl2/2.32.6/lib/libSDL2-2.0.0.dylib (0x35ff7c188). This may cause spurious casting failures and mysterious crashes. One of the duplicates must be removed or renamed.
objc[48487]: Class AVFFrameReceiver is implemented in both /Users/nielsmurawka/Documents/VScodeProject/experience_Le/venv312/lib/python3.12/site-packages/cv2/.dylibs/libavdevice.61.3.100.dylib (0x102e5c3a8) and /opt/homebrew/Cellar/ffmpeg/7.1.1_2/lib/libavdevice.61.3.100.dylib (0x17c2e0328). This may cause spurious casting failures and mysterious crashes. One of the duplicates must be removed or renamed.
objc[48487]: Class AVFAudioReceiver is implemented in both /Users/nielsmurawka/Documents/VScodeProject/experience_Le/venv312/lib/python3.12/site-packages/cv2/.dylibs/libavdevice.61.3.100.dylib (0x102e5c3f8) and /opt/homebrew/Cellar/ffmpeg/7.1.1_2/lib/libavdevice.61.3.100.dylib (0x17c2e0378). This may cause spurious casting failures and mysterious crashes. One of the duplicates must be removed or renamed.
[08] step=12000: val_loss=0.0547 (129s)
Loading weights from local directory
[08] step=13000: val_loss=0.0561 (124s)
Loading weights from local directory
[08] step=14000: val_loss=0.0548 (133s)
Loading weights from local directory
[08] step=15000: val_loss=0.0510 (127s)
Loading weights from local directory
[08] step=16000: val_loss=0.0517 (125s)
Loading weights from local directory
[08] step=17000: val_loss=0.0526 (127s)
Loading weights from local directory
[08] step=18000: val_loss=0.0505 (124s)
Loading weights from local directory
[08] step=19000: val_loss=0.0520 (124s)
Loading weights from local directory
[08] step=20000: val_loss=0.0526 (122s)
Loading weights from local directory
[08] step=21000: val_loss=0.0518 (125s)
Loading weights from local directory
[08] step=22000: val_loss=0.0529 (119s)
Loading weights from local directory
[08] step=23000: val_loss=0.0545 (127s)
Loading weights from local directory
[08] step=24000: val_loss=0.0519 (125s)
Loading weights from local directory
[08] step=25000: val_loss=0.0513 (119s)
Loading weights from local directory
[08] step=26000: val_loss=0.0503 (119s)
Loading weights from local directory
[08] step=27000: val_loss=0.0517 (126s)
Loading weights from local directory
[08] step=28000: val_loss=0.0552 (122s)
Loading weights from local directory
[08] step=29000: val_loss=0.0547 (124s)
Loading weights from local directory
[08] step=30000: val_loss=0.0527 (118s)
[08] VAL_LOSS 1SEED DONE
[chain08] 08 DONE -> 06 variance pure
[robosuite WARNING] No private macro file found! (macros.py:57)
[robosuite WARNING] It is recommended to use a private macro file (macros.py:58)
[robosuite WARNING] To setup, run: python /Users/nielsmurawka/Documents/VScodeProject/experience_Le/venv312/lib/python3.12/site-packages/robosuite/scripts/setup_macros.py (macros.py:59)
[robosuite WARNING] Could not import robosuite_models. Some robots may not be available. If you want to use these robots, please install robosuite_models from source (https://github.com/ARISE-Initiative/robosuite_models) or through pip install. (__init__.py:30)
[robosuite WARNING] Could not load the mink-based whole-body IK. Make sure you install related import properly, otherwise you will not be able to use the default IK controller setting for GR1 robot. (__init__.py:40)
[06] device=mps, 50 val states
objc[86098]: Class AVFFrameReceiver is implemented in both /Users/nielsmurawka/Documents/VScodeProject/experience_Le/venv312/lib/python3.12/site-packages/cv2/.dylibs/libavdevice.61.3.100.dylib (0x1076683a8) and /Users/nielsmurawka/Documents/VScodeProject/experience_Le/venv312/lib/python3.12/site-packages/av/.dylibs/libavdevice.61.3.100.dylib (0x158f103a8). This may cause spurious casting failures and mysterious crashes. One of the duplicates must be removed or renamed.
objc[86098]: Class AVFAudioReceiver is implemented in both /Users/nielsmurawka/Documents/VScodeProject/experience_Le/venv312/lib/python3.12/site-packages/cv2/.dylibs/libavdevice.61.3.100.dylib (0x1076683f8) and /Users/nielsmurawka/Documents/VScodeProject/experience_Le/venv312/lib/python3.12/site-packages/av/.dylibs/libavdevice.61.3.100.dylib (0x158f103f8). This may cause spurious casting failures and mysterious crashes. One of the duplicates must be removed or renamed.
[06] 0 (step, rep) déjà fait
Loading weights from local directory
ROBOMIMIC WARNING(
    No private macro file found!
    It is recommended to use a private macro file
    To setup, run: python /Users/nielsmurawka/Documents/VScodeProject/experience_Le/venv312/lib/python3.12/site-packages/robomimic/scripts/setup_macros.py
)

============= Initialized Observation Utils with Obs Spec =============

using obs modality: low_dim with keys: ['robot0_eef_pos', 'robot0_gripper_qpos', 'robot0_eef_quat', 'object']
using obs modality: rgb with keys: []
Created environment with name PickPlaceCan
Action size is 7
ROBOMIMIC WARNING(
    Dataset and installed environment version mismatch!
    Dataset environment version: 1.4.1
    Installed environment version: 1.5.2
)
[06] step=5000 rep=0: 1/50 = 2% (595s)

============= Initialized Observation Utils with Obs Spec =============

using obs modality: low_dim with keys: ['robot0_eef_pos', 'robot0_gripper_qpos', 'robot0_eef_quat', 'object']
using obs modality: rgb with keys: []
Created environment with name PickPlaceCan
Action size is 7
ROBOMIMIC WARNING(
    Dataset and installed environment version mismatch!
    Dataset environment version: 1.4.1
    Installed environment version: 1.5.2
)
[06] step=5000 rep=1: 1/50 = 2% (593s)

============= Initialized Observation Utils with Obs Spec =============

using obs modality: low_dim with keys: ['robot0_eef_pos', 'robot0_gripper_qpos', 'robot0_eef_quat', 'object']
using obs modality: rgb with keys: []
Created environment with name PickPlaceCan
Action size is 7
ROBOMIMIC WARNING(
    Dataset and installed environment version mismatch!
    Dataset environment version: 1.4.1
    Installed environment version: 1.5.2
)
[06] step=5000 rep=2: 1/50 = 2% (593s)

============= Initialized Observation Utils with Obs Spec =============

using obs modality: low_dim with keys: ['robot0_eef_pos', 'robot0_gripper_qpos', 'robot0_eef_quat', 'object']
using obs modality: rgb with keys: []
Created environment with name PickPlaceCan
Action size is 7
ROBOMIMIC WARNING(
    Dataset and installed environment version mismatch!
    Dataset environment version: 1.4.1
    Installed environment version: 1.5.2
)
[06] step=5000 rep=3: 2/50 = 4% (585s)

============= Initialized Observation Utils with Obs Spec =============

using obs modality: low_dim with keys: ['robot0_eef_pos', 'robot0_gripper_qpos', 'robot0_eef_quat', 'object']
using obs modality: rgb with keys: []
Created environment with name PickPlaceCan
Action size is 7
ROBOMIMIC WARNING(
    Dataset and installed environment version mismatch!
    Dataset environment version: 1.4.1
    Installed environment version: 1.5.2
)
[06] step=5000 rep=4: 1/50 = 2% (595s)
Loading weights from local directory

============= Initialized Observation Utils with Obs Spec =============

using obs modality: low_dim with keys: ['robot0_eef_pos', 'robot0_gripper_qpos', 'robot0_eef_quat', 'object']
using obs modality: rgb with keys: []
Created environment with name PickPlaceCan
Action size is 7
ROBOMIMIC WARNING(
    Dataset and installed environment version mismatch!
    Dataset environment version: 1.4.1
    Installed environment version: 1.5.2
)
[06] step=10000 rep=0: 13/50 = 26% (507s)

============= Initialized Observation Utils with Obs Spec =============

using obs modality: low_dim with keys: ['robot0_eef_pos', 'robot0_gripper_qpos', 'robot0_eef_quat', 'object']
using obs modality: rgb with keys: []
Created environment with name PickPlaceCan
Action size is 7
ROBOMIMIC WARNING(
    Dataset and installed environment version mismatch!
    Dataset environment version: 1.4.1
    Installed environment version: 1.5.2
)
[06] step=10000 rep=1: 14/50 = 28% (495s)

============= Initialized Observation Utils with Obs Spec =============

using obs modality: low_dim with keys: ['robot0_eef_pos', 'robot0_gripper_qpos', 'robot0_eef_quat', 'object']
using obs modality: rgb with keys: []
Created environment with name PickPlaceCan
Action size is 7
ROBOMIMIC WARNING(
    Dataset and installed environment version mismatch!
    Dataset environment version: 1.4.1
    Installed environment version: 1.5.2
)
[06] step=10000 rep=2: 18/50 = 36% (471s)

============= Initialized Observation Utils with Obs Spec =============

using obs modality: low_dim with keys: ['robot0_eef_pos', 'robot0_gripper_qpos', 'robot0_eef_quat', 'object']
using obs modality: rgb with keys: []
Created environment with name PickPlaceCan
Action size is 7
ROBOMIMIC WARNING(
    Dataset and installed environment version mismatch!
    Dataset environment version: 1.4.1
    Installed environment version: 1.5.2
)
[06] step=10000 rep=3: 11/50 = 22% (522s)

============= Initialized Observation Utils with Obs Spec =============

using obs modality: low_dim with keys: ['robot0_eef_pos', 'robot0_gripper_qpos', 'robot0_eef_quat', 'object']
using obs modality: rgb with keys: []
Created environment with name PickPlaceCan
Action size is 7
ROBOMIMIC WARNING(
    Dataset and installed environment version mismatch!
    Dataset environment version: 1.4.1
    Installed environment version: 1.5.2
)
[06] step=10000 rep=4: 12/50 = 24% (515s)
Loading weights from local directory

============= Initialized Observation Utils with Obs Spec =============

using obs modality: low_dim with keys: ['robot0_eef_pos', 'robot0_gripper_qpos', 'robot0_eef_quat', 'object']
using obs modality: rgb with keys: []
Created environment with name PickPlaceCan
Action size is 7
ROBOMIMIC WARNING(
    Dataset and installed environment version mismatch!
    Dataset environment version: 1.4.1
    Installed environment version: 1.5.2
)
[06] step=15000 rep=0: 36/50 = 72% (341s)

============= Initialized Observation Utils with Obs Spec =============

using obs modality: low_dim with keys: ['robot0_eef_pos', 'robot0_gripper_qpos', 'robot0_eef_quat', 'object']
using obs modality: rgb with keys: []
Created environment with name PickPlaceCan
Action size is 7
ROBOMIMIC WARNING(
    Dataset and installed environment version mismatch!
    Dataset environment version: 1.4.1
    Installed environment version: 1.5.2
)
[06] step=15000 rep=1: 33/50 = 66% (369s)

============= Initialized Observation Utils with Obs Spec =============

using obs modality: low_dim with keys: ['robot0_eef_pos', 'robot0_gripper_qpos', 'robot0_eef_quat', 'object']
using obs modality: rgb with keys: []
Created environment with name PickPlaceCan
Action size is 7
ROBOMIMIC WARNING(
    Dataset and installed environment version mismatch!
    Dataset environment version: 1.4.1
    Installed environment version: 1.5.2
)
[06] step=15000 rep=2: 37/50 = 74% (334s)

============= Initialized Observation Utils with Obs Spec =============

using obs modality: low_dim with keys: ['robot0_eef_pos', 'robot0_gripper_qpos', 'robot0_eef_quat', 'object']
using obs modality: rgb with keys: []
Created environment with name PickPlaceCan
Action size is 7
ROBOMIMIC WARNING(
    Dataset and installed environment version mismatch!
    Dataset environment version: 1.4.1
    Installed environment version: 1.5.2
)
[06] step=15000 rep=3: 39/50 = 78% (318s)

============= Initialized Observation Utils with Obs Spec =============

using obs modality: low_dim with keys: ['robot0_eef_pos', 'robot0_gripper_qpos', 'robot0_eef_quat', 'object']
using obs modality: rgb with keys: []
Created environment with name PickPlaceCan
Action size is 7
ROBOMIMIC WARNING(
    Dataset and installed environment version mismatch!
    Dataset environment version: 1.4.1
    Installed environment version: 1.5.2
)
[06] step=15000 rep=4: 36/50 = 72% (343s)
Loading weights from local directory

============= Initialized Observation Utils with Obs Spec =============

using obs modality: low_dim with keys: ['robot0_eef_pos', 'robot0_gripper_qpos', 'robot0_eef_quat', 'object']
using obs modality: rgb with keys: []
Created environment with name PickPlaceCan
Action size is 7
ROBOMIMIC WARNING(
    Dataset and installed environment version mismatch!
    Dataset environment version: 1.4.1
    Installed environment version: 1.5.2
)
[06] step=20000 rep=0: 46/50 = 92% (257s)

============= Initialized Observation Utils with Obs Spec =============

using obs modality: low_dim with keys: ['robot0_eef_pos', 'robot0_gripper_qpos', 'robot0_eef_quat', 'object']
using obs modality: rgb with keys: []
Created environment with name PickPlaceCan
Action size is 7
ROBOMIMIC WARNING(
    Dataset and installed environment version mismatch!
    Dataset environment version: 1.4.1
    Installed environment version: 1.5.2
)
[06] step=20000 rep=1: 42/50 = 84% (290s)

============= Initialized Observation Utils with Obs Spec =============

using obs modality: low_dim with keys: ['robot0_eef_pos', 'robot0_gripper_qpos', 'robot0_eef_quat', 'object']
using obs modality: rgb with keys: []
Created environment with name PickPlaceCan
Action size is 7
ROBOMIMIC WARNING(
    Dataset and installed environment version mismatch!
    Dataset environment version: 1.4.1
    Installed environment version: 1.5.2
)
[06] step=20000 rep=2: 44/50 = 88% (276s)

============= Initialized Observation Utils with Obs Spec =============

using obs modality: low_dim with keys: ['robot0_eef_pos', 'robot0_gripper_qpos', 'robot0_eef_quat', 'object']
using obs modality: rgb with keys: []
Created environment with name PickPlaceCan
Action size is 7
ROBOMIMIC WARNING(
    Dataset and installed environment version mismatch!
    Dataset environment version: 1.4.1
    Installed environment version: 1.5.2
)
[06] step=20000 rep=3: 45/50 = 90% (267s)

============= Initialized Observation Utils with Obs Spec =============

using obs modality: low_dim with keys: ['robot0_eef_pos', 'robot0_gripper_qpos', 'robot0_eef_quat', 'object']
using obs modality: rgb with keys: []
Created environment with name PickPlaceCan
Action size is 7
ROBOMIMIC WARNING(
    Dataset and installed environment version mismatch!
    Dataset environment version: 1.4.1
    Installed environment version: 1.5.2
)
[06] step=20000 rep=4: 46/50 = 92% (266s)
Loading weights from local directory

============= Initialized Observation Utils with Obs Spec =============

using obs modality: low_dim with keys: ['robot0_eef_pos', 'robot0_gripper_qpos', 'robot0_eef_quat', 'object']
using obs modality: rgb with keys: []
Created environment with name PickPlaceCan
Action size is 7
ROBOMIMIC WARNING(
    Dataset and installed environment version mismatch!
    Dataset environment version: 1.4.1
    Installed environment version: 1.5.2
)
[06] step=30000 rep=0: 46/50 = 92% (254s)

============= Initialized Observation Utils with Obs Spec =============

using obs modality: low_dim with keys: ['robot0_eef_pos', 'robot0_gripper_qpos', 'robot0_eef_quat', 'object']
using obs modality: rgb with keys: []
Created environment with name PickPlaceCan
Action size is 7
ROBOMIMIC WARNING(
    Dataset and installed environment version mismatch!
    Dataset environment version: 1.4.1
    Installed environment version: 1.5.2
)
[06] step=30000 rep=1: 44/50 = 88% (278s)

============= Initialized Observation Utils with Obs Spec =============

using obs modality: low_dim with keys: ['robot0_eef_pos', 'robot0_gripper_qpos', 'robot0_eef_quat', 'object']
using obs modality: rgb with keys: []
Created environment with name PickPlaceCan
Action size is 7
ROBOMIMIC WARNING(
    Dataset and installed environment version mismatch!
    Dataset environment version: 1.4.1
    Installed environment version: 1.5.2
)
[06] step=30000 rep=2: 47/50 = 94% (239s)

============= Initialized Observation Utils with Obs Spec =============

using obs modality: low_dim with keys: ['robot0_eef_pos', 'robot0_gripper_qpos', 'robot0_eef_quat', 'object']
using obs modality: rgb with keys: []
Created environment with name PickPlaceCan
Action size is 7
ROBOMIMIC WARNING(
    Dataset and installed environment version mismatch!
    Dataset environment version: 1.4.1
    Installed environment version: 1.5.2
)
[06] step=30000 rep=3: 47/50 = 94% (245s)

============= Initialized Observation Utils with Obs Spec =============

using obs modality: low_dim with keys: ['robot0_eef_pos', 'robot0_gripper_qpos', 'robot0_eef_quat', 'object']
using obs modality: rgb with keys: []
Created environment with name PickPlaceCan
Action size is 7
ROBOMIMIC WARNING(
    Dataset and installed environment version mismatch!
    Dataset environment version: 1.4.1
    Installed environment version: 1.5.2
)
[06] step=30000 rep=4: 49/50 = 98% (226s)
[06] DONE
[chain08] 06 DONE — ALL DONE
