[33] 11:22:08 attente fin entraînement run 31 (TRAIN DONE)
[33] 11:22:08 entraînement fini -> éval dense 50 rollouts/checkpoint
[robosuite WARNING] No private macro file found! (macros.py:57)
[robosuite WARNING] It is recommended to use a private macro file (macros.py:58)
[robosuite WARNING] To setup, run: python /Users/nielsmurawka/Documents/VScodeProject/experience_Le/venv312/lib/python3.12/site-packages/robosuite/scripts/setup_macros.py (macros.py:59)
[robosuite WARNING] Could not import robosuite_models. Some robots may not be available. If you want to use these robots, please install robosuite_models from source (https://github.com/ARISE-Initiative/robosuite_models) or through pip install. (__init__.py:30)
[robosuite WARNING] Could not load the mink-based whole-body IK. Make sure you install related import properly, otherwise you will not be able to use the default IK controller setting for GR1 robot. (__init__.py:40)
[32] device=mps, 20 ckpts, n=50, max_steps=300, déjà faits=[2000, 4000]
[32] step 2000: déjà fait, skip
[32] step 4000: déjà fait, skip
objc[2444]: Class AVFFrameReceiver is implemented in both /Users/nielsmurawka/Documents/VScodeProject/experience_Le/venv312/lib/python3.12/site-packages/cv2/.dylibs/libavdevice.61.3.100.dylib (0x106a903a8) and /Users/nielsmurawka/Documents/VScodeProject/experience_Le/venv312/lib/python3.12/site-packages/av/.dylibs/libavdevice.61.3.100.dylib (0x12ac283a8). This may cause spurious casting failures and mysterious crashes. One of the duplicates must be removed or renamed.
objc[2444]: Class AVFAudioReceiver is implemented in both /Users/nielsmurawka/Documents/VScodeProject/experience_Le/venv312/lib/python3.12/site-packages/cv2/.dylibs/libavdevice.61.3.100.dylib (0x106a903f8) and /Users/nielsmurawka/Documents/VScodeProject/experience_Le/venv312/lib/python3.12/site-packages/av/.dylibs/libavdevice.61.3.100.dylib (0x12ac283f8). This may cause spurious casting failures and mysterious crashes. One of the duplicates must be removed or renamed.
Loading weights from local directory
ROBOMIMIC WARNING(
    No private macro file found!
    It is recommended to use a private macro file
    To setup, run: python /Users/nielsmurawka/Documents/VScodeProject/experience_Le/venv312/lib/python3.12/site-packages/robomimic/scripts/setup_macros.py
)

============= Initialized Observation Utils with Obs Spec =============

using obs modality: low_dim with keys: ['object', 'robot0_gripper_qpos', 'robot0_eef_quat', 'robot0_eef_pos']
using obs modality: rgb with keys: []
Created environment with name PickPlaceCan
Action size is 7
ROBOMIMIC WARNING(
    Dataset and installed environment version mismatch!
    Dataset environment version: 1.4.1
    Installed environment version: 1.5.2
)
[32] step=6000: 0/50 = 0.0% [0.0%-7.1%] (616s)
Loading weights from local directory

============= Initialized Observation Utils with Obs Spec =============

using obs modality: low_dim with keys: ['object', 'robot0_gripper_qpos', 'robot0_eef_quat', 'robot0_eef_pos']
using obs modality: rgb with keys: []
Created environment with name PickPlaceCan
Action size is 7
ROBOMIMIC WARNING(
    Dataset and installed environment version mismatch!
    Dataset environment version: 1.4.1
    Installed environment version: 1.5.2
)
[32] step=8000: 11/50 = 22.0% [12.8%-35.2%] (515s)
Loading weights from local directory

============= Initialized Observation Utils with Obs Spec =============

using obs modality: low_dim with keys: ['object', 'robot0_gripper_qpos', 'robot0_eef_quat', 'robot0_eef_pos']
using obs modality: rgb with keys: []
Created environment with name PickPlaceCan
Action size is 7
ROBOMIMIC WARNING(
    Dataset and installed environment version mismatch!
    Dataset environment version: 1.4.1
    Installed environment version: 1.5.2
)
[32] step=10000: 15/50 = 30.0% [19.1%-43.8%] (501s)
Loading weights from local directory

============= Initialized Observation Utils with Obs Spec =============

using obs modality: low_dim with keys: ['object', 'robot0_gripper_qpos', 'robot0_eef_quat', 'robot0_eef_pos']
using obs modality: rgb with keys: []
Created environment with name PickPlaceCan
Action size is 7
ROBOMIMIC WARNING(
    Dataset and installed environment version mismatch!
    Dataset environment version: 1.4.1
    Installed environment version: 1.5.2
)
[32] step=12000: 14/50 = 28.0% [17.5%-41.7%] (597s)
Loading weights from local directory

============= Initialized Observation Utils with Obs Spec =============

using obs modality: low_dim with keys: ['object', 'robot0_gripper_qpos', 'robot0_eef_quat', 'robot0_eef_pos']
using obs modality: rgb with keys: []
Created environment with name PickPlaceCan
Action size is 7
ROBOMIMIC WARNING(
    Dataset and installed environment version mismatch!
    Dataset environment version: 1.4.1
    Installed environment version: 1.5.2
)
[32] step=14000: 8/50 = 16.0% [8.3%-28.5%] (600s)
Loading weights from local directory

============= Initialized Observation Utils with Obs Spec =============

using obs modality: low_dim with keys: ['object', 'robot0_gripper_qpos', 'robot0_eef_quat', 'robot0_eef_pos']
using obs modality: rgb with keys: []
Created environment with name PickPlaceCan
Action size is 7
ROBOMIMIC WARNING(
    Dataset and installed environment version mismatch!
    Dataset environment version: 1.4.1
    Installed environment version: 1.5.2
)
[32] step=16000: 23/50 = 46.0% [33.0%-59.6%] (477s)
Loading weights from local directory

============= Initialized Observation Utils with Obs Spec =============

using obs modality: low_dim with keys: ['object', 'robot0_gripper_qpos', 'robot0_eef_quat', 'robot0_eef_pos']
using obs modality: rgb with keys: []
Created environment with name PickPlaceCan
Action size is 7
ROBOMIMIC WARNING(
    Dataset and installed environment version mismatch!
    Dataset environment version: 1.4.1
    Installed environment version: 1.5.2
)
[32] step=18000: 24/50 = 48.0% [34.8%-61.5%] (431s)
Loading weights from local directory

============= Initialized Observation Utils with Obs Spec =============

using obs modality: low_dim with keys: ['object', 'robot0_gripper_qpos', 'robot0_eef_quat', 'robot0_eef_pos']
using obs modality: rgb with keys: []
Created environment with name PickPlaceCan
Action size is 7
ROBOMIMIC WARNING(
    Dataset and installed environment version mismatch!
    Dataset environment version: 1.4.1
    Installed environment version: 1.5.2
)
[32] step=20000: 35/50 = 70.0% [56.2%-80.9%] (344s)
Loading weights from local directory

============= Initialized Observation Utils with Obs Spec =============

using obs modality: low_dim with keys: ['object', 'robot0_gripper_qpos', 'robot0_eef_quat', 'robot0_eef_pos']
using obs modality: rgb with keys: []
Created environment with name PickPlaceCan
Action size is 7
ROBOMIMIC WARNING(
    Dataset and installed environment version mismatch!
    Dataset environment version: 1.4.1
    Installed environment version: 1.5.2
)
[32] step=22000: 37/50 = 74.0% [60.4%-84.1%] (334s)
Loading weights from local directory

============= Initialized Observation Utils with Obs Spec =============

using obs modality: low_dim with keys: ['object', 'robot0_gripper_qpos', 'robot0_eef_quat', 'robot0_eef_pos']
using obs modality: rgb with keys: []
Created environment with name PickPlaceCan
Action size is 7
ROBOMIMIC WARNING(
    Dataset and installed environment version mismatch!
    Dataset environment version: 1.4.1
    Installed environment version: 1.5.2
)
[32] step=24000: 35/50 = 70.0% [56.2%-80.9%] (345s)
Loading weights from local directory

============= Initialized Observation Utils with Obs Spec =============

using obs modality: low_dim with keys: ['object', 'robot0_gripper_qpos', 'robot0_eef_quat', 'robot0_eef_pos']
using obs modality: rgb with keys: []
Created environment with name PickPlaceCan
Action size is 7
ROBOMIMIC WARNING(
    Dataset and installed environment version mismatch!
    Dataset environment version: 1.4.1
    Installed environment version: 1.5.2
)
[32] step=26000: 41/50 = 82.0% [69.2%-90.2%] (314s)
Loading weights from local directory

============= Initialized Observation Utils with Obs Spec =============

using obs modality: low_dim with keys: ['object', 'robot0_gripper_qpos', 'robot0_eef_quat', 'robot0_eef_pos']
using obs modality: rgb with keys: []
Created environment with name PickPlaceCan
Action size is 7
ROBOMIMIC WARNING(
    Dataset and installed environment version mismatch!
    Dataset environment version: 1.4.1
    Installed environment version: 1.5.2
)
[32] step=28000: 45/50 = 90.0% [78.6%-95.7%] (266s)
Loading weights from local directory

============= Initialized Observation Utils with Obs Spec =============

using obs modality: low_dim with keys: ['object', 'robot0_gripper_qpos', 'robot0_eef_quat', 'robot0_eef_pos']
using obs modality: rgb with keys: []
Created environment with name PickPlaceCan
Action size is 7
ROBOMIMIC WARNING(
    Dataset and installed environment version mismatch!
    Dataset environment version: 1.4.1
    Installed environment version: 1.5.2
)
[32] step=30000: 43/50 = 86.0% [73.8%-93.0%] (298s)
Loading weights from local directory

============= Initialized Observation Utils with Obs Spec =============

using obs modality: low_dim with keys: ['object', 'robot0_gripper_qpos', 'robot0_eef_quat', 'robot0_eef_pos']
using obs modality: rgb with keys: []
Created environment with name PickPlaceCan
Action size is 7
ROBOMIMIC WARNING(
    Dataset and installed environment version mismatch!
    Dataset environment version: 1.4.1
    Installed environment version: 1.5.2
)
[32] step=32000: 44/50 = 88.0% [76.2%-94.4%] (285s)
Loading weights from local directory

============= Initialized Observation Utils with Obs Spec =============

using obs modality: low_dim with keys: ['object', 'robot0_gripper_qpos', 'robot0_eef_quat', 'robot0_eef_pos']
using obs modality: rgb with keys: []
Created environment with name PickPlaceCan
Action size is 7
ROBOMIMIC WARNING(
    Dataset and installed environment version mismatch!
    Dataset environment version: 1.4.1
    Installed environment version: 1.5.2
)
[32] step=34000: 43/50 = 86.0% [73.8%-93.0%] (291s)
Loading weights from local directory

============= Initialized Observation Utils with Obs Spec =============

using obs modality: low_dim with keys: ['object', 'robot0_gripper_qpos', 'robot0_eef_quat', 'robot0_eef_pos']
using obs modality: rgb with keys: []
Created environment with name PickPlaceCan
Action size is 7
ROBOMIMIC WARNING(
    Dataset and installed environment version mismatch!
    Dataset environment version: 1.4.1
    Installed environment version: 1.5.2
)
[32] step=36000: 46/50 = 92.0% [81.2%-96.8%] (264s)
Loading weights from local directory

============= Initialized Observation Utils with Obs Spec =============

using obs modality: low_dim with keys: ['object', 'robot0_gripper_qpos', 'robot0_eef_quat', 'robot0_eef_pos']
using obs modality: rgb with keys: []
Created environment with name PickPlaceCan
Action size is 7
ROBOMIMIC WARNING(
    Dataset and installed environment version mismatch!
    Dataset environment version: 1.4.1
    Installed environment version: 1.5.2
)
[32] step=38000: 46/50 = 92.0% [81.2%-96.8%] (262s)
Loading weights from local directory

============= Initialized Observation Utils with Obs Spec =============

using obs modality: low_dim with keys: ['object', 'robot0_gripper_qpos', 'robot0_eef_quat', 'robot0_eef_pos']
using obs modality: rgb with keys: []
Created environment with name PickPlaceCan
Action size is 7
ROBOMIMIC WARNING(
    Dataset and installed environment version mismatch!
    Dataset environment version: 1.4.1
    Installed environment version: 1.5.2
)
[32] step=40000: 50/50 = 100.0% [92.9%-100.0%] (235s)
[32] DONE
[33] 13:19:04 régénération de l'étude de convergence
# Convergence — métriques (succès en rollouts vs steps)

*Généré par `experiments/phase5_methodology/33_plot_convergence_rollouts.py`.*

| run | rollouts | n pts | plage steps | plafond | décollage (>5%) | 50% du max | 90% du max |
|---|---|---|---|---|---|---|---|
| ResNet34 + gros U-Net (61M) | 50 (prov.) | 20 | 2000–40000 | 100% | 8000 | 20000 | 28000 |
| ResNet34 dense (gros modèle) | 500 | 30 | 1000–30000 | 94% | 6000 | 11000 | 20000 |
| mini-CNN cosine (minuscule) | 500 | 198 | 1000–250000 | 81% | 34000 | 45000 | 73000 |
| mini-CNN constant (minuscule) | 500 | 182 | 1000–248000 | 76% | 24000 | 30000 | 46000 |

Sauvé : results/runs/phase5_methodology/convergence_rollouts.png + results/runs/phase5_methodology/convergence_metrics.md
[33] 13:19:06 benchmark perf 4 conditions (sortie -> run_34_benchmark.log)
[33] 13:25:16 DONE
