[robosuite WARNING] No private macro file found! (macros.py:57)
[robosuite WARNING] It is recommended to use a private macro file (macros.py:58)
[robosuite WARNING] To setup, run: python /Users/nielsmurawka/Documents/VScodeProject/experience_Le/venv312/lib/python3.12/site-packages/robosuite/scripts/setup_macros.py (macros.py:59)
[robosuite WARNING] Could not import robosuite_models. Some robots may not be available. If you want to use these robots, please install robosuite_models from source (https://github.com/ARISE-Initiative/robosuite_models) or through pip install. (__init__.py:30)
[robosuite WARNING] Could not load the mink-based whole-body IK. Make sure you install related import properly, otherwise you will not be able to use the default IK controller setting for GR1 robot. (__init__.py:40)
États Can chargés : (500, 71) (results/runs/can/can_eval500.npy)
objc[25651]: Class AVFFrameReceiver is implemented in both /Users/nielsmurawka/Documents/VScodeProject/experience_Le/venv312/lib/python3.12/site-packages/cv2/.dylibs/libavdevice.61.3.100.dylib (0x104f9c3a8) and /Users/nielsmurawka/Documents/VScodeProject/experience_Le/venv312/lib/python3.12/site-packages/av/.dylibs/libavdevice.61.3.100.dylib (0x1635303a8). This may cause spurious casting failures and mysterious crashes. One of the duplicates must be removed or renamed.
objc[25651]: Class AVFAudioReceiver is implemented in both /Users/nielsmurawka/Documents/VScodeProject/experience_Le/venv312/lib/python3.12/site-packages/cv2/.dylibs/libavdevice.61.3.100.dylib (0x104f9c3f8) and /Users/nielsmurawka/Documents/VScodeProject/experience_Le/venv312/lib/python3.12/site-packages/av/.dylibs/libavdevice.61.3.100.dylib (0x1635303f8). This may cause spurious casting failures and mysterious crashes. One of the duplicates must be removed or renamed.

02_proprio (mono-cam) déjà fait, skip

06_proprio_wrist (shared) déjà fait, skip

08_proprio_wrist_sep (séparé) déjà fait, skip

##### 16_proprio_birdview (séparé) — results/runs/can/16_proprio_birdview/checkpoints/010000/pretrained_model #####
Loading weights from local directory
ROBOMIMIC WARNING(
    No private macro file found!
    It is recommended to use a private macro file
    To setup, run: python /Users/nielsmurawka/Documents/VScodeProject/experience_Le/venv312/lib/python3.12/site-packages/robomimic/scripts/setup_macros.py
)

============= Initialized Observation Utils with Obs Spec =============

using obs modality: low_dim with keys: ['robot0_eef_pos', 'robot0_gripper_qpos', 'object', 'robot0_eef_quat']
using obs modality: rgb with keys: []
Created environment with name PickPlaceCan
Action size is 7
ROBOMIMIC WARNING(
    Dataset and installed environment version mismatch!
    Dataset environment version: 1.4.1
    Installed environment version: 1.5.2
)
  [chunk 0-50] cumul 37/50 = 74.0%

============= Initialized Observation Utils with Obs Spec =============

using obs modality: low_dim with keys: ['robot0_eef_pos', 'robot0_gripper_qpos', 'object', 'robot0_eef_quat']
using obs modality: rgb with keys: []
Created environment with name PickPlaceCan
Action size is 7
ROBOMIMIC WARNING(
    Dataset and installed environment version mismatch!
    Dataset environment version: 1.4.1
    Installed environment version: 1.5.2
)
  [chunk 50-100] cumul 75/100 = 75.0%

============= Initialized Observation Utils with Obs Spec =============

using obs modality: low_dim with keys: ['robot0_eef_pos', 'robot0_gripper_qpos', 'object', 'robot0_eef_quat']
using obs modality: rgb with keys: []
Created environment with name PickPlaceCan
Action size is 7
ROBOMIMIC WARNING(
    Dataset and installed environment version mismatch!
    Dataset environment version: 1.4.1
    Installed environment version: 1.5.2
)
  [chunk 100-150] cumul 111/150 = 74.0%

============= Initialized Observation Utils with Obs Spec =============

using obs modality: low_dim with keys: ['robot0_eef_pos', 'robot0_gripper_qpos', 'object', 'robot0_eef_quat']
using obs modality: rgb with keys: []
Created environment with name PickPlaceCan
Action size is 7
ROBOMIMIC WARNING(
    Dataset and installed environment version mismatch!
    Dataset environment version: 1.4.1
    Installed environment version: 1.5.2
)
  [chunk 150-200] cumul 151/200 = 75.5%

============= Initialized Observation Utils with Obs Spec =============

using obs modality: low_dim with keys: ['robot0_eef_pos', 'robot0_gripper_qpos', 'object', 'robot0_eef_quat']
using obs modality: rgb with keys: []
Created environment with name PickPlaceCan
Action size is 7
ROBOMIMIC WARNING(
    Dataset and installed environment version mismatch!
    Dataset environment version: 1.4.1
    Installed environment version: 1.5.2
)
  [chunk 200-250] cumul 191/250 = 76.4%

============= Initialized Observation Utils with Obs Spec =============

using obs modality: low_dim with keys: ['robot0_eef_pos', 'robot0_gripper_qpos', 'object', 'robot0_eef_quat']
using obs modality: rgb with keys: []
Created environment with name PickPlaceCan
Action size is 7
ROBOMIMIC WARNING(
    Dataset and installed environment version mismatch!
    Dataset environment version: 1.4.1
    Installed environment version: 1.5.2
)
  [chunk 250-300] cumul 225/300 = 75.0%

============= Initialized Observation Utils with Obs Spec =============

using obs modality: low_dim with keys: ['robot0_eef_pos', 'robot0_gripper_qpos', 'object', 'robot0_eef_quat']
using obs modality: rgb with keys: []
Created environment with name PickPlaceCan
Action size is 7
ROBOMIMIC WARNING(
    Dataset and installed environment version mismatch!
    Dataset environment version: 1.4.1
    Installed environment version: 1.5.2
)
  [chunk 300-350] cumul 262/350 = 74.9%

============= Initialized Observation Utils with Obs Spec =============

using obs modality: low_dim with keys: ['robot0_eef_pos', 'robot0_gripper_qpos', 'object', 'robot0_eef_quat']
using obs modality: rgb with keys: []
Created environment with name PickPlaceCan
Action size is 7
ROBOMIMIC WARNING(
    Dataset and installed environment version mismatch!
    Dataset environment version: 1.4.1
    Installed environment version: 1.5.2
)
  [chunk 350-400] cumul 302/400 = 75.5%

============= Initialized Observation Utils with Obs Spec =============

using obs modality: low_dim with keys: ['robot0_eef_pos', 'robot0_gripper_qpos', 'object', 'robot0_eef_quat']
using obs modality: rgb with keys: []
Created environment with name PickPlaceCan
Action size is 7
ROBOMIMIC WARNING(
    Dataset and installed environment version mismatch!
    Dataset environment version: 1.4.1
    Installed environment version: 1.5.2
)
  [chunk 400-450] cumul 337/450 = 74.9%

============= Initialized Observation Utils with Obs Spec =============

using obs modality: low_dim with keys: ['robot0_eef_pos', 'robot0_gripper_qpos', 'object', 'robot0_eef_quat']
using obs modality: rgb with keys: []
Created environment with name PickPlaceCan
Action size is 7
ROBOMIMIC WARNING(
    Dataset and installed environment version mismatch!
    Dataset environment version: 1.4.1
    Installed environment version: 1.5.2
)
  [chunk 450-500] cumul 374/500 = 74.8%

=> 16_proprio_birdview (séparé) : 374/500 = 74.8% [70.8%, 78.4%]  t_med=110.0  (63.0min)

=== RÉCAP 500 ROLLOUTS ===
  02_proprio (mono-cam)                   :  70.4% [66.3-74.2]  t=108.0
  06_proprio_wrist (shared)               :  45.0% [40.7-49.4]  t=102.0
  08_proprio_wrist_sep (séparé)           :  55.2% [50.8-59.5]  t=105.0
  16_proprio_birdview (séparé)            :  74.8% [70.8-78.4]  t=110.0

JSON: results/runs/can/vision_500.json
