
============================================================
EXPÉRIENCE : 30_mdn
============================================================

Features ResNet18...
  Features en cache : data_cache/resnet18_features_ep206_64px.pt
  21736 samples (chunk=20)
  Paramètres entraînés : 170,521

Entraînement (MDN K=5, image seule)...
  Epoch   1/100 — train_nll: 2.1258 — test_nll: 1.6795 — 9s
  Epoch   5/100 — train_nll: 1.3630 — test_nll: 1.3347 — 46s
  Epoch  10/100 — train_nll: 1.0080 — test_nll: 0.8985 — 94s
  Epoch  15/100 — train_nll: 0.6791 — test_nll: 0.5444 — 142s
  Epoch  20/100 — train_nll: 0.4658 — test_nll: 0.3519 — 189s
  Epoch  25/100 — train_nll: 0.3043 — test_nll: 0.2399 — 235s

  [CHECKPOINT] Éval à epoch 25...
  Évaluation (200 épisodes)...
objc[54669]: Class AVFFrameReceiver is implemented in both /Users/nielsmurawka/Documents/VScodeProject/experience_Le/venv312/lib/python3.12/site-packages/av/.dylibs/libavdevice.61.3.100.dylib (0x143ce03a8) and /Users/nielsmurawka/Documents/VScodeProject/experience_Le/venv312/lib/python3.12/site-packages/cv2/.dylibs/libavdevice.61.3.100.dylib (0x15e1cc3a8). This may cause spurious casting failures and mysterious crashes. One of the duplicates must be removed or renamed.
objc[54669]: Class AVFAudioReceiver is implemented in both /Users/nielsmurawka/Documents/VScodeProject/experience_Le/venv312/lib/python3.12/site-packages/av/.dylibs/libavdevice.61.3.100.dylib (0x143ce03f8) and /Users/nielsmurawka/Documents/VScodeProject/experience_Le/venv312/lib/python3.12/site-packages/cv2/.dylibs/libavdevice.61.3.100.dylib (0x15e1cc3f8). This may cause spurious casting failures and mysterious crashes. One of the duplicates must be removed or renamed.
objc[54669]: Class SDLApplication is implemented in both /Users/nielsmurawka/Documents/VScodeProject/experience_Le/venv312/lib/python3.12/site-packages/cv2/.dylibs/libSDL2-2.0.0.dylib (0x36ea54890) and /Users/nielsmurawka/Documents/VScodeProject/experience_Le/venv312/lib/python3.12/site-packages/pygame/.dylibs/libSDL2-2.0.0.dylib (0x3702c12c8). This may cause spurious casting failures and mysterious crashes. One of the duplicates must be removed or renamed.
objc[54669]: Class SDLAppDelegate is implemented in both /Users/nielsmurawka/Documents/VScodeProject/experience_Le/venv312/lib/python3.12/site-packages/cv2/.dylibs/libSDL2-2.0.0.dylib (0x36ea548e0) and /Users/nielsmurawka/Documents/VScodeProject/experience_Le/venv312/lib/python3.12/site-packages/pygame/.dylibs/libSDL2-2.0.0.dylib (0x3702c1318). This may cause spurious casting failures and mysterious crashes. One of the duplicates must be removed or renamed.
objc[54669]: Class SDLTranslatorResponder is implemented in both /Users/nielsmurawka/Documents/VScodeProject/experience_Le/venv312/lib/python3.12/site-packages/cv2/.dylibs/libSDL2-2.0.0.dylib (0x36ea54958) and /Users/nielsmurawka/Documents/VScodeProject/experience_Le/venv312/lib/python3.12/site-packages/pygame/.dylibs/libSDL2-2.0.0.dylib (0x3702c1390). This may cause spurious casting failures and mysterious crashes. One of the duplicates must be removed or renamed.
objc[54669]: Class SDLMessageBoxPresenter is implemented in both /Users/nielsmurawka/Documents/VScodeProject/experience_Le/venv312/lib/python3.12/site-packages/cv2/.dylibs/libSDL2-2.0.0.dylib (0x36ea54980) and /Users/nielsmurawka/Documents/VScodeProject/experience_Le/venv312/lib/python3.12/site-packages/pygame/.dylibs/libSDL2-2.0.0.dylib (0x3702c13b8). This may cause spurious casting failures and mysterious crashes. One of the duplicates must be removed or renamed.
objc[54669]: Class SDL_cocoametalview is implemented in both /Users/nielsmurawka/Documents/VScodeProject/experience_Le/venv312/lib/python3.12/site-packages/cv2/.dylibs/libSDL2-2.0.0.dylib (0x36ea549d0) and /Users/nielsmurawka/Documents/VScodeProject/experience_Le/venv312/lib/python3.12/site-packages/pygame/.dylibs/libSDL2-2.0.0.dylib (0x3702c1408). This may cause spurious casting failures and mysterious crashes. One of the duplicates must be removed or renamed.
objc[54669]: Class SDLOpenGLContext is implemented in both /Users/nielsmurawka/Documents/VScodeProject/experience_Le/venv312/lib/python3.12/site-packages/cv2/.dylibs/libSDL2-2.0.0.dylib (0x36ea54a20) and /Users/nielsmurawka/Documents/VScodeProject/experience_Le/venv312/lib/python3.12/site-packages/pygame/.dylibs/libSDL2-2.0.0.dylib (0x3702c1458). This may cause spurious casting failures and mysterious crashes. One of the duplicates must be removed or renamed.
objc[54669]: Class SDL_ShapeData is implemented in both /Users/nielsmurawka/Documents/VScodeProject/experience_Le/venv312/lib/python3.12/site-packages/cv2/.dylibs/libSDL2-2.0.0.dylib (0x36ea54a98) and /Users/nielsmurawka/Documents/VScodeProject/experience_Le/venv312/lib/python3.12/site-packages/pygame/.dylibs/libSDL2-2.0.0.dylib (0x3702c14d0). This may cause spurious casting failures and mysterious crashes. One of the duplicates must be removed or renamed.
objc[54669]: Class SDL_CocoaClosure is implemented in both /Users/nielsmurawka/Documents/VScodeProject/experience_Le/venv312/lib/python3.12/site-packages/cv2/.dylibs/libSDL2-2.0.0.dylib (0x36ea54ae8) and /Users/nielsmurawka/Documents/VScodeProject/experience_Le/venv312/lib/python3.12/site-packages/pygame/.dylibs/libSDL2-2.0.0.dylib (0x3702c1520). This may cause spurious casting failures and mysterious crashes. One of the duplicates must be removed or renamed.
objc[54669]: Class SDL_VideoData is implemented in both /Users/nielsmurawka/Documents/VScodeProject/experience_Le/venv312/lib/python3.12/site-packages/cv2/.dylibs/libSDL2-2.0.0.dylib (0x36ea54b38) and /Users/nielsmurawka/Documents/VScodeProject/experience_Le/venv312/lib/python3.12/site-packages/pygame/.dylibs/libSDL2-2.0.0.dylib (0x3702c1570). This may cause spurious casting failures and mysterious crashes. One of the duplicates must be removed or renamed.
objc[54669]: Class SDL_WindowData is implemented in both /Users/nielsmurawka/Documents/VScodeProject/experience_Le/venv312/lib/python3.12/site-packages/cv2/.dylibs/libSDL2-2.0.0.dylib (0x36ea54b88) and /Users/nielsmurawka/Documents/VScodeProject/experience_Le/venv312/lib/python3.12/site-packages/pygame/.dylibs/libSDL2-2.0.0.dylib (0x3702c15c0). This may cause spurious casting failures and mysterious crashes. One of the duplicates must be removed or renamed.
objc[54669]: Class SDLWindow is implemented in both /Users/nielsmurawka/Documents/VScodeProject/experience_Le/venv312/lib/python3.12/site-packages/cv2/.dylibs/libSDL2-2.0.0.dylib (0x36ea54bb0) and /Users/nielsmurawka/Documents/VScodeProject/experience_Le/venv312/lib/python3.12/site-packages/pygame/.dylibs/libSDL2-2.0.0.dylib (0x3702c15e8). This may cause spurious casting failures and mysterious crashes. One of the duplicates must be removed or renamed.
objc[54669]: Class Cocoa_WindowListener is implemented in both /Users/nielsmurawka/Documents/VScodeProject/experience_Le/venv312/lib/python3.12/site-packages/cv2/.dylibs/libSDL2-2.0.0.dylib (0x36ea54bd8) and /Users/nielsmurawka/Documents/VScodeProject/experience_Le/venv312/lib/python3.12/site-packages/pygame/.dylibs/libSDL2-2.0.0.dylib (0x3702c1610). This may cause spurious casting failures and mysterious crashes. One of the duplicates must be removed or renamed.
objc[54669]: Class SDLView is implemented in both /Users/nielsmurawka/Documents/VScodeProject/experience_Le/venv312/lib/python3.12/site-packages/cv2/.dylibs/libSDL2-2.0.0.dylib (0x36ea54c50) and /Users/nielsmurawka/Documents/VScodeProject/experience_Le/venv312/lib/python3.12/site-packages/pygame/.dylibs/libSDL2-2.0.0.dylib (0x3702c1688). This may cause spurious casting failures and mysterious crashes. One of the duplicates must be removed or renamed.
objc[54669]: Class METAL_RenderData is implemented in both /Users/nielsmurawka/Documents/VScodeProject/experience_Le/venv312/lib/python3.12/site-packages/cv2/.dylibs/libSDL2-2.0.0.dylib (0x36ea54cc8) and /Users/nielsmurawka/Documents/VScodeProject/experience_Le/venv312/lib/python3.12/site-packages/pygame/.dylibs/libSDL2-2.0.0.dylib (0x3702c1700). This may cause spurious casting failures and mysterious crashes. One of the duplicates must be removed or renamed.
objc[54669]: Class METAL_TextureData is implemented in both /Users/nielsmurawka/Documents/VScodeProject/experience_Le/venv312/lib/python3.12/site-packages/cv2/.dylibs/libSDL2-2.0.0.dylib (0x36ea54d18) and /Users/nielsmurawka/Documents/VScodeProject/experience_Le/venv312/lib/python3.12/site-packages/pygame/.dylibs/libSDL2-2.0.0.dylib (0x3702c1750). This may cause spurious casting failures and mysterious crashes. One of the duplicates must be removed or renamed.
objc[54669]: Class SDL_RumbleMotor is implemented in both /Users/nielsmurawka/Documents/VScodeProject/experience_Le/venv312/lib/python3.12/site-packages/cv2/.dylibs/libSDL2-2.0.0.dylib (0x36ea54d40) and /Users/nielsmurawka/Documents/VScodeProject/experience_Le/venv312/lib/python3.12/site-packages/pygame/.dylibs/libSDL2-2.0.0.dylib (0x3702c1778). This may cause spurious casting failures and mysterious crashes. One of the duplicates must be removed or renamed.
objc[54669]: Class SDL_RumbleContext is implemented in both /Users/nielsmurawka/Documents/VScodeProject/experience_Le/venv312/lib/python3.12/site-packages/cv2/.dylibs/libSDL2-2.0.0.dylib (0x36ea54d90) and /Users/nielsmurawka/Documents/VScodeProject/experience_Le/venv312/lib/python3.12/site-packages/pygame/.dylibs/libSDL2-2.0.0.dylib (0x3702c17c8). This may cause spurious casting failures and mysterious crashes. One of the duplicates must be removed or renamed.
/Users/nielsmurawka/Documents/VScodeProject/experience_Le/venv312/lib/python3.12/site-packages/pygame/pkgdata.py:25: UserWarning: pkg_resources is deprecated as an API. See https://setuptools.pypa.io/en/latest/pkg_resources.html. The pkg_resources package is slated for removal as early as 2025-11-30. Refrain from using this package or pin to Setuptools<81.
  from pkg_resources import resource_stream, resource_exists
    Episode  40/200 : cov=1.7%
    Episode  80/200 : cov=0.0%
    Episode 120/200 : cov=53.1%
    Episode 160/200 : cov=15.9%
    Episode 200/200 : cov=0.0%
    Success rate : 0/200 (0%) — Coverage moyen : 23.5%
  [CHECKPOINT epoch 25] train=0.3043 test=0.2399 cov=23.5% success=0%
  Epoch  30/100 — train_nll: 0.1903 — test_nll: 0.1308 — 453s
  Epoch  35/100 — train_nll: 0.0720 — test_nll: 0.0479 — 500s
  Epoch  40/100 — train_nll: -0.0163 — test_nll: -0.0281 — 546s
  Epoch  45/100 — train_nll: -0.0841 — test_nll: -0.0742 — 593s
  Epoch  50/100 — train_nll: -0.1482 — test_nll: -0.1364 — 639s

  [CHECKPOINT] Éval à epoch 50...
  Évaluation (200 épisodes)...
    Episode  40/200 : cov=1.7%
    Episode  80/200 : cov=0.0%
    Episode 120/200 : cov=55.2%
    Episode 160/200 : cov=73.4%
    Episode 200/200 : cov=0.0%
    Success rate : 0/200 (0%) — Coverage moyen : 32.8%
  [CHECKPOINT epoch 50] train=-0.1482 test=-0.1364 cov=32.8% success=0%
  Epoch  55/100 — train_nll: -0.1924 — test_nll: -0.1778 — 1070s
  Epoch  60/100 — train_nll: -0.2444 — test_nll: -0.2045 — 1115s
  Epoch  65/100 — train_nll: -0.2921 — test_nll: -0.1897 — 1165s
  Epoch  70/100 — train_nll: -0.3244 — test_nll: -0.2808 — 1212s
  Epoch  75/100 — train_nll: -0.3651 — test_nll: -0.3458 — 1259s

  [CHECKPOINT] Éval à epoch 75...
  Évaluation (200 épisodes)...
    Episode  40/200 : cov=4.0%
    Episode  80/200 : cov=0.0%
    Episode 120/200 : cov=78.3%
    Episode 160/200 : cov=52.9%
    Episode 200/200 : cov=51.7%
    Success rate : 0/200 (0%) — Coverage moyen : 40.9%
  [CHECKPOINT epoch 75] train=-0.3651 test=-0.3458 cov=40.9% success=0%
  Epoch  80/100 — train_nll: -0.4022 — test_nll: -0.2817 — 1488s
  Epoch  85/100 — train_nll: -0.4297 — test_nll: -0.2705 — 1537s
  Epoch  90/100 — train_nll: -0.4496 — test_nll: -0.3506 — 1589s
  Epoch  95/100 — train_nll: -0.4833 — test_nll: -0.3340 — 1641s
  Epoch 100/100 — train_nll: -0.5027 — test_nll: -0.4009 — 1692s

  [CHECKPOINT] Éval à epoch 100...
  Évaluation (200 épisodes)...
    Episode  40/200 : cov=1.7%
    Episode  80/200 : cov=0.0%
    Episode 120/200 : cov=81.7%
    Episode 160/200 : cov=14.4%
    Episode 200/200 : cov=0.1%
    Success rate : 0/200 (0%) — Coverage moyen : 34.9%
  [CHECKPOINT epoch 100] train=-0.5027 test=-0.4009 cov=34.9% success=0%
  Temps total : 1868.7s

Éval finale avec vidéos...
  Évaluation (200 épisodes)...
    Episode  40/200 : cov=1.7%
    Episode  80/200 : cov=0.0%
    Episode 120/200 : cov=92.9%
    Episode 160/200 : cov=1.9%
    Episode 200/200 : cov=0.0%
    Success rate : 0/200 (0%) — Coverage moyen : 35.4%
  Poids sauvegardés : /Users/nielsmurawka/Documents/VScodeProject/experience_Le/results/runs/30_mdn_resnet18_mdn/model.pt
  Config modèle    : /Users/nielsmurawka/Documents/VScodeProject/experience_Le/results/runs/30_mdn_resnet18_mdn/model_config.json
WARNING:imageio_ffmpeg:IMAGEIO FFMPEG_WRITER WARNING: input image is not divisible by macro_block_size=16, resizing from (680, 680) to (688, 688) to ensure video compatibility with most codecs and players. To prevent resizing, make your input image divisible by the macro_block_size or set the macro_block_size to 1 (risking incompatibility).
  Vidéo : /Users/nielsmurawka/Documents/VScodeProject/experience_Le/results/runs/30_mdn_resnet18_mdn/ep0.mp4
WARNING:imageio_ffmpeg:IMAGEIO FFMPEG_WRITER WARNING: input image is not divisible by macro_block_size=16, resizing from (680, 680) to (688, 688) to ensure video compatibility with most codecs and players. To prevent resizing, make your input image divisible by the macro_block_size or set the macro_block_size to 1 (risking incompatibility).
  Vidéo : /Users/nielsmurawka/Documents/VScodeProject/experience_Le/results/runs/30_mdn_resnet18_mdn/ep1.mp4
WARNING:imageio_ffmpeg:IMAGEIO FFMPEG_WRITER WARNING: input image is not divisible by macro_block_size=16, resizing from (680, 680) to (688, 688) to ensure video compatibility with most codecs and players. To prevent resizing, make your input image divisible by the macro_block_size or set the macro_block_size to 1 (risking incompatibility).
  Vidéo : /Users/nielsmurawka/Documents/VScodeProject/experience_Le/results/runs/30_mdn_resnet18_mdn/ep2.mp4
Run sauvegardé dans /Users/nielsmurawka/Documents/VScodeProject/experience_Le/results/all_runs.jsonl
  Graphe : /Users/nielsmurawka/Documents/VScodeProject/experience_Le/results/runs/30_mdn_resnet18_mdn/losses.png
  Run info : /Users/nielsmurawka/Documents/VScodeProject/experience_Le/results/runs/30_mdn_resnet18_mdn/run_info.md

============================================================
RÉSUMÉ
============================================================
  Coverage final   : 35.4%
  Success rate     : 0%
  Params entraînés : 170,521
  Temps train+eval : 1869s

  Checkpoint evals (loss ↔ coverage) :
    epoch  25 : train=0.3043 test=0.2399 cov=23.5%
    epoch  50 : train=-0.1482 test=-0.1364 cov=32.8%
    epoch  75 : train=-0.3651 test=-0.3458 cov=40.9%
    epoch 100 : train=-0.5027 test=-0.4009 cov=34.9%

  Dossier : /Users/nielsmurawka/Documents/VScodeProject/experience_Le/results/runs/30_mdn_resnet18_mdn
