[chain67] 22:39:53 attente orchestrateur...
[chain67] 05:23:11 orchestrateur fini — relance 67 corrigé (chunked)
[robosuite WARNING] No private macro file found! (macros.py:57)
[robosuite WARNING] It is recommended to use a private macro file (macros.py:58)
[robosuite WARNING] To setup, run: python /Users/nielsmurawka/Documents/VScodeProject/experience_Le/venv312/lib/python3.12/site-packages/robosuite/scripts/setup_macros.py (macros.py:59)
[robosuite WARNING] Could not import robosuite_models. Some robots may not be available. If you want to use these robots, please install robosuite_models from source (https://github.com/ARISE-Initiative/robosuite_models) or through pip install. (__init__.py:30)
[robosuite WARNING] Could not load the mink-based whole-body IK. Make sure you install related import properly, otherwise you will not be able to use the default IK controller setting for GR1 robot. (__init__.py:40)
États de test chargés : (500, 32) (results/runs/lift/phase4_eval500.npy)
objc[17805]: Class AVFFrameReceiver is implemented in both /Users/nielsmurawka/Documents/VScodeProject/experience_Le/venv312/lib/python3.12/site-packages/cv2/.dylibs/libavdevice.61.3.100.dylib (0x10574c3a8) and /Users/nielsmurawka/Documents/VScodeProject/experience_Le/venv312/lib/python3.12/site-packages/av/.dylibs/libavdevice.61.3.100.dylib (0x137dc03a8). This may cause spurious casting failures and mysterious crashes. One of the duplicates must be removed or renamed.
objc[17805]: Class AVFAudioReceiver is implemented in both /Users/nielsmurawka/Documents/VScodeProject/experience_Le/venv312/lib/python3.12/site-packages/cv2/.dylibs/libavdevice.61.3.100.dylib (0x10574c3f8) and /Users/nielsmurawka/Documents/VScodeProject/experience_Le/venv312/lib/python3.12/site-packages/av/.dylibs/libavdevice.61.3.100.dylib (0x137dc03f8). This may cause spurious casting failures and mysterious crashes. One of the duplicates must be removed or renamed.

##### N=150 démos — results/runs/lift/61_minicnn/checkpoints/010500/pretrained_model #####
Loading weights from local directory
ROBOMIMIC WARNING(
    No private macro file found!
    It is recommended to use a private macro file
    To setup, run: python /Users/nielsmurawka/Documents/VScodeProject/experience_Le/venv312/lib/python3.12/site-packages/robomimic/scripts/setup_macros.py
)

============= Initialized Observation Utils with Obs Spec =============

using obs modality: low_dim with keys: ['object', 'robot0_gripper_qpos', 'robot0_eef_pos', 'robot0_eef_quat']
using obs modality: rgb with keys: []
Created environment with name Lift
Action size is 7
ROBOMIMIC WARNING(
    Dataset and installed environment version mismatch!
    Dataset environment version: 1.4.1
    Installed environment version: 1.5.2
)
  [chunk 0-50] cumul 50/50 = 100.0%

============= Initialized Observation Utils with Obs Spec =============

using obs modality: low_dim with keys: ['object', 'robot0_gripper_qpos', 'robot0_eef_pos', 'robot0_eef_quat']
using obs modality: rgb with keys: []
Created environment with name Lift
Action size is 7
ROBOMIMIC WARNING(
    Dataset and installed environment version mismatch!
    Dataset environment version: 1.4.1
    Installed environment version: 1.5.2
)
  [chunk 50-100] cumul 99/100 = 99.0%

============= Initialized Observation Utils with Obs Spec =============

using obs modality: low_dim with keys: ['object', 'robot0_gripper_qpos', 'robot0_eef_pos', 'robot0_eef_quat']
using obs modality: rgb with keys: []
Created environment with name Lift
Action size is 7
ROBOMIMIC WARNING(
    Dataset and installed environment version mismatch!
    Dataset environment version: 1.4.1
    Installed environment version: 1.5.2
)
  [chunk 100-150] cumul 149/150 = 99.3%

============= Initialized Observation Utils with Obs Spec =============

using obs modality: low_dim with keys: ['object', 'robot0_gripper_qpos', 'robot0_eef_pos', 'robot0_eef_quat']
using obs modality: rgb with keys: []
Created environment with name Lift
Action size is 7
ROBOMIMIC WARNING(
    Dataset and installed environment version mismatch!
    Dataset environment version: 1.4.1
    Installed environment version: 1.5.2
)
  [chunk 150-200] cumul 198/200 = 99.0%

============= Initialized Observation Utils with Obs Spec =============

using obs modality: low_dim with keys: ['object', 'robot0_gripper_qpos', 'robot0_eef_pos', 'robot0_eef_quat']
using obs modality: rgb with keys: []
Created environment with name Lift
Action size is 7
ROBOMIMIC WARNING(
    Dataset and installed environment version mismatch!
    Dataset environment version: 1.4.1
    Installed environment version: 1.5.2
)
  [chunk 200-250] cumul 247/250 = 98.8%

============= Initialized Observation Utils with Obs Spec =============

using obs modality: low_dim with keys: ['object', 'robot0_gripper_qpos', 'robot0_eef_pos', 'robot0_eef_quat']
using obs modality: rgb with keys: []
Created environment with name Lift
Action size is 7
ROBOMIMIC WARNING(
    Dataset and installed environment version mismatch!
    Dataset environment version: 1.4.1
    Installed environment version: 1.5.2
)
  [chunk 250-300] cumul 297/300 = 99.0%

============= Initialized Observation Utils with Obs Spec =============

using obs modality: low_dim with keys: ['object', 'robot0_gripper_qpos', 'robot0_eef_pos', 'robot0_eef_quat']
using obs modality: rgb with keys: []
Created environment with name Lift
Action size is 7
ROBOMIMIC WARNING(
    Dataset and installed environment version mismatch!
    Dataset environment version: 1.4.1
    Installed environment version: 1.5.2
)
  [chunk 300-350] cumul 347/350 = 99.1%

============= Initialized Observation Utils with Obs Spec =============

using obs modality: low_dim with keys: ['object', 'robot0_gripper_qpos', 'robot0_eef_pos', 'robot0_eef_quat']
using obs modality: rgb with keys: []
Created environment with name Lift
Action size is 7
ROBOMIMIC WARNING(
    Dataset and installed environment version mismatch!
    Dataset environment version: 1.4.1
    Installed environment version: 1.5.2
)
  [chunk 350-400] cumul 395/400 = 98.8%

============= Initialized Observation Utils with Obs Spec =============

using obs modality: low_dim with keys: ['object', 'robot0_gripper_qpos', 'robot0_eef_pos', 'robot0_eef_quat']
using obs modality: rgb with keys: []
Created environment with name Lift
Action size is 7
ROBOMIMIC WARNING(
    Dataset and installed environment version mismatch!
    Dataset environment version: 1.4.1
    Installed environment version: 1.5.2
)
  [chunk 400-450] cumul 444/450 = 98.7%

============= Initialized Observation Utils with Obs Spec =============

using obs modality: low_dim with keys: ['object', 'robot0_gripper_qpos', 'robot0_eef_pos', 'robot0_eef_quat']
using obs modality: rgb with keys: []
Created environment with name Lift
Action size is 7
ROBOMIMIC WARNING(
    Dataset and installed environment version mismatch!
    Dataset environment version: 1.4.1
    Installed environment version: 1.5.2
)
  [chunk 450-500] cumul 493/500 = 98.6%
  => N=150 : 493/500 = 98.6% [97.1%, 99.3%]  t_succ_med=47.0 (9.3 min)

##### N=100 démos — results/runs/lift/63_dataeff_n100/checkpoints/005250/pretrained_model #####
Loading weights from local directory

============= Initialized Observation Utils with Obs Spec =============

using obs modality: low_dim with keys: ['object', 'robot0_gripper_qpos', 'robot0_eef_pos', 'robot0_eef_quat']
using obs modality: rgb with keys: []
Created environment with name Lift
Action size is 7
ROBOMIMIC WARNING(
    Dataset and installed environment version mismatch!
    Dataset environment version: 1.4.1
    Installed environment version: 1.5.2
)
  [chunk 0-50] cumul 49/50 = 98.0%

============= Initialized Observation Utils with Obs Spec =============

using obs modality: low_dim with keys: ['object', 'robot0_gripper_qpos', 'robot0_eef_pos', 'robot0_eef_quat']
using obs modality: rgb with keys: []
Created environment with name Lift
Action size is 7
ROBOMIMIC WARNING(
    Dataset and installed environment version mismatch!
    Dataset environment version: 1.4.1
    Installed environment version: 1.5.2
)
  [chunk 50-100] cumul 96/100 = 96.0%

============= Initialized Observation Utils with Obs Spec =============

using obs modality: low_dim with keys: ['object', 'robot0_gripper_qpos', 'robot0_eef_pos', 'robot0_eef_quat']
using obs modality: rgb with keys: []
Created environment with name Lift
Action size is 7
ROBOMIMIC WARNING(
    Dataset and installed environment version mismatch!
    Dataset environment version: 1.4.1
    Installed environment version: 1.5.2
)
  [chunk 100-150] cumul 142/150 = 94.7%

============= Initialized Observation Utils with Obs Spec =============

using obs modality: low_dim with keys: ['object', 'robot0_gripper_qpos', 'robot0_eef_pos', 'robot0_eef_quat']
using obs modality: rgb with keys: []
Created environment with name Lift
Action size is 7
ROBOMIMIC WARNING(
    Dataset and installed environment version mismatch!
    Dataset environment version: 1.4.1
    Installed environment version: 1.5.2
)
  [chunk 150-200] cumul 191/200 = 95.5%

============= Initialized Observation Utils with Obs Spec =============

using obs modality: low_dim with keys: ['object', 'robot0_gripper_qpos', 'robot0_eef_pos', 'robot0_eef_quat']
using obs modality: rgb with keys: []
Created environment with name Lift
Action size is 7
ROBOMIMIC WARNING(
    Dataset and installed environment version mismatch!
    Dataset environment version: 1.4.1
    Installed environment version: 1.5.2
)
  [chunk 200-250] cumul 238/250 = 95.2%

============= Initialized Observation Utils with Obs Spec =============

using obs modality: low_dim with keys: ['object', 'robot0_gripper_qpos', 'robot0_eef_pos', 'robot0_eef_quat']
using obs modality: rgb with keys: []
Created environment with name Lift
Action size is 7
ROBOMIMIC WARNING(
    Dataset and installed environment version mismatch!
    Dataset environment version: 1.4.1
    Installed environment version: 1.5.2
)
  [chunk 250-300] cumul 287/300 = 95.7%

============= Initialized Observation Utils with Obs Spec =============

using obs modality: low_dim with keys: ['object', 'robot0_gripper_qpos', 'robot0_eef_pos', 'robot0_eef_quat']
using obs modality: rgb with keys: []
Created environment with name Lift
Action size is 7
ROBOMIMIC WARNING(
    Dataset and installed environment version mismatch!
    Dataset environment version: 1.4.1
    Installed environment version: 1.5.2
)
  [chunk 300-350] cumul 334/350 = 95.4%

============= Initialized Observation Utils with Obs Spec =============

using obs modality: low_dim with keys: ['object', 'robot0_gripper_qpos', 'robot0_eef_pos', 'robot0_eef_quat']
using obs modality: rgb with keys: []
Created environment with name Lift
Action size is 7
ROBOMIMIC WARNING(
    Dataset and installed environment version mismatch!
    Dataset environment version: 1.4.1
    Installed environment version: 1.5.2
)
  [chunk 350-400] cumul 382/400 = 95.5%

============= Initialized Observation Utils with Obs Spec =============

using obs modality: low_dim with keys: ['object', 'robot0_gripper_qpos', 'robot0_eef_pos', 'robot0_eef_quat']
using obs modality: rgb with keys: []
Created environment with name Lift
Action size is 7
ROBOMIMIC WARNING(
    Dataset and installed environment version mismatch!
    Dataset environment version: 1.4.1
    Installed environment version: 1.5.2
)
  [chunk 400-450] cumul 428/450 = 95.1%

============= Initialized Observation Utils with Obs Spec =============

using obs modality: low_dim with keys: ['object', 'robot0_gripper_qpos', 'robot0_eef_pos', 'robot0_eef_quat']
using obs modality: rgb with keys: []
Created environment with name Lift
Action size is 7
ROBOMIMIC WARNING(
    Dataset and installed environment version mismatch!
    Dataset environment version: 1.4.1
    Installed environment version: 1.5.2
)
  [chunk 450-500] cumul 477/500 = 95.4%
  => N=100 : 477/500 = 95.4% [93.2%, 96.9%]  t_succ_med=54.0 (12.5 min)

##### N=50 démos — results/runs/lift/63_dataeff_n50/checkpoints/006000/pretrained_model #####
Loading weights from local directory

============= Initialized Observation Utils with Obs Spec =============

using obs modality: low_dim with keys: ['object', 'robot0_gripper_qpos', 'robot0_eef_pos', 'robot0_eef_quat']
using obs modality: rgb with keys: []
Created environment with name Lift
Action size is 7
ROBOMIMIC WARNING(
    Dataset and installed environment version mismatch!
    Dataset environment version: 1.4.1
    Installed environment version: 1.5.2
)
  [chunk 0-50] cumul 49/50 = 98.0%

============= Initialized Observation Utils with Obs Spec =============

using obs modality: low_dim with keys: ['object', 'robot0_gripper_qpos', 'robot0_eef_pos', 'robot0_eef_quat']
using obs modality: rgb with keys: []
Created environment with name Lift
Action size is 7
ROBOMIMIC WARNING(
    Dataset and installed environment version mismatch!
    Dataset environment version: 1.4.1
    Installed environment version: 1.5.2
)
  [chunk 50-100] cumul 98/100 = 98.0%

============= Initialized Observation Utils with Obs Spec =============

using obs modality: low_dim with keys: ['object', 'robot0_gripper_qpos', 'robot0_eef_pos', 'robot0_eef_quat']
using obs modality: rgb with keys: []
Created environment with name Lift
Action size is 7
ROBOMIMIC WARNING(
    Dataset and installed environment version mismatch!
    Dataset environment version: 1.4.1
    Installed environment version: 1.5.2
)
  [chunk 100-150] cumul 146/150 = 97.3%

============= Initialized Observation Utils with Obs Spec =============

using obs modality: low_dim with keys: ['object', 'robot0_gripper_qpos', 'robot0_eef_pos', 'robot0_eef_quat']
using obs modality: rgb with keys: []
Created environment with name Lift
Action size is 7
ROBOMIMIC WARNING(
    Dataset and installed environment version mismatch!
    Dataset environment version: 1.4.1
    Installed environment version: 1.5.2
)
  [chunk 150-200] cumul 194/200 = 97.0%

============= Initialized Observation Utils with Obs Spec =============

using obs modality: low_dim with keys: ['object', 'robot0_gripper_qpos', 'robot0_eef_pos', 'robot0_eef_quat']
using obs modality: rgb with keys: []
Created environment with name Lift
Action size is 7
ROBOMIMIC WARNING(
    Dataset and installed environment version mismatch!
    Dataset environment version: 1.4.1
    Installed environment version: 1.5.2
)
  [chunk 200-250] cumul 244/250 = 97.6%

============= Initialized Observation Utils with Obs Spec =============

using obs modality: low_dim with keys: ['object', 'robot0_gripper_qpos', 'robot0_eef_pos', 'robot0_eef_quat']
using obs modality: rgb with keys: []
Created environment with name Lift
Action size is 7
ROBOMIMIC WARNING(
    Dataset and installed environment version mismatch!
    Dataset environment version: 1.4.1
    Installed environment version: 1.5.2
)
  [chunk 250-300] cumul 294/300 = 98.0%

============= Initialized Observation Utils with Obs Spec =============

using obs modality: low_dim with keys: ['object', 'robot0_gripper_qpos', 'robot0_eef_pos', 'robot0_eef_quat']
using obs modality: rgb with keys: []
Created environment with name Lift
Action size is 7
ROBOMIMIC WARNING(
    Dataset and installed environment version mismatch!
    Dataset environment version: 1.4.1
    Installed environment version: 1.5.2
)
  [chunk 300-350] cumul 343/350 = 98.0%

============= Initialized Observation Utils with Obs Spec =============

using obs modality: low_dim with keys: ['object', 'robot0_gripper_qpos', 'robot0_eef_pos', 'robot0_eef_quat']
using obs modality: rgb with keys: []
Created environment with name Lift
Action size is 7
ROBOMIMIC WARNING(
    Dataset and installed environment version mismatch!
    Dataset environment version: 1.4.1
    Installed environment version: 1.5.2
)
  [chunk 350-400] cumul 393/400 = 98.2%

============= Initialized Observation Utils with Obs Spec =============

using obs modality: low_dim with keys: ['object', 'robot0_gripper_qpos', 'robot0_eef_pos', 'robot0_eef_quat']
using obs modality: rgb with keys: []
Created environment with name Lift
Action size is 7
ROBOMIMIC WARNING(
    Dataset and installed environment version mismatch!
    Dataset environment version: 1.4.1
    Installed environment version: 1.5.2
)
  [chunk 400-450] cumul 443/450 = 98.4%

============= Initialized Observation Utils with Obs Spec =============

using obs modality: low_dim with keys: ['object', 'robot0_gripper_qpos', 'robot0_eef_pos', 'robot0_eef_quat']
using obs modality: rgb with keys: []
Created environment with name Lift
Action size is 7
ROBOMIMIC WARNING(
    Dataset and installed environment version mismatch!
    Dataset environment version: 1.4.1
    Installed environment version: 1.5.2
)
  [chunk 450-500] cumul 491/500 = 98.2%
  => N=50 : 491/500 = 98.2% [96.6%, 99.1%]  t_succ_med=58.0 (250.0 min)

##### N=20 démos — results/runs/lift/63_dataeff_n20/checkpoints/005250/pretrained_model #####
Loading weights from local directory

============= Initialized Observation Utils with Obs Spec =============

using obs modality: low_dim with keys: ['object', 'robot0_gripper_qpos', 'robot0_eef_pos', 'robot0_eef_quat']
using obs modality: rgb with keys: []
Created environment with name Lift
Action size is 7
ROBOMIMIC WARNING(
    Dataset and installed environment version mismatch!
    Dataset environment version: 1.4.1
    Installed environment version: 1.5.2
)
  [chunk 0-50] cumul 47/50 = 94.0%

============= Initialized Observation Utils with Obs Spec =============

using obs modality: low_dim with keys: ['object', 'robot0_gripper_qpos', 'robot0_eef_pos', 'robot0_eef_quat']
using obs modality: rgb with keys: []
Created environment with name Lift
Action size is 7
ROBOMIMIC WARNING(
    Dataset and installed environment version mismatch!
    Dataset environment version: 1.4.1
    Installed environment version: 1.5.2
)
  [chunk 50-100] cumul 96/100 = 96.0%

============= Initialized Observation Utils with Obs Spec =============

using obs modality: low_dim with keys: ['object', 'robot0_gripper_qpos', 'robot0_eef_pos', 'robot0_eef_quat']
using obs modality: rgb with keys: []
Created environment with name Lift
Action size is 7
ROBOMIMIC WARNING(
    Dataset and installed environment version mismatch!
    Dataset environment version: 1.4.1
    Installed environment version: 1.5.2
)
  [chunk 100-150] cumul 144/150 = 96.0%

============= Initialized Observation Utils with Obs Spec =============

using obs modality: low_dim with keys: ['object', 'robot0_gripper_qpos', 'robot0_eef_pos', 'robot0_eef_quat']
using obs modality: rgb with keys: []
Created environment with name Lift
Action size is 7
ROBOMIMIC WARNING(
    Dataset and installed environment version mismatch!
    Dataset environment version: 1.4.1
    Installed environment version: 1.5.2
)
  [chunk 150-200] cumul 193/200 = 96.5%

============= Initialized Observation Utils with Obs Spec =============

using obs modality: low_dim with keys: ['object', 'robot0_gripper_qpos', 'robot0_eef_pos', 'robot0_eef_quat']
using obs modality: rgb with keys: []
Created environment with name Lift
Action size is 7
ROBOMIMIC WARNING(
    Dataset and installed environment version mismatch!
    Dataset environment version: 1.4.1
    Installed environment version: 1.5.2
)
  [chunk 200-250] cumul 242/250 = 96.8%

============= Initialized Observation Utils with Obs Spec =============

using obs modality: low_dim with keys: ['object', 'robot0_gripper_qpos', 'robot0_eef_pos', 'robot0_eef_quat']
using obs modality: rgb with keys: []
Created environment with name Lift
Action size is 7
ROBOMIMIC WARNING(
    Dataset and installed environment version mismatch!
    Dataset environment version: 1.4.1
    Installed environment version: 1.5.2
)
  [chunk 250-300] cumul 291/300 = 97.0%

============= Initialized Observation Utils with Obs Spec =============

using obs modality: low_dim with keys: ['object', 'robot0_gripper_qpos', 'robot0_eef_pos', 'robot0_eef_quat']
using obs modality: rgb with keys: []
Created environment with name Lift
Action size is 7
ROBOMIMIC WARNING(
    Dataset and installed environment version mismatch!
    Dataset environment version: 1.4.1
    Installed environment version: 1.5.2
)
  [chunk 300-350] cumul 339/350 = 96.9%

============= Initialized Observation Utils with Obs Spec =============

using obs modality: low_dim with keys: ['object', 'robot0_gripper_qpos', 'robot0_eef_pos', 'robot0_eef_quat']
using obs modality: rgb with keys: []
Created environment with name Lift
Action size is 7
ROBOMIMIC WARNING(
    Dataset and installed environment version mismatch!
    Dataset environment version: 1.4.1
    Installed environment version: 1.5.2
)
  [chunk 350-400] cumul 389/400 = 97.2%

============= Initialized Observation Utils with Obs Spec =============

using obs modality: low_dim with keys: ['object', 'robot0_gripper_qpos', 'robot0_eef_pos', 'robot0_eef_quat']
using obs modality: rgb with keys: []
Created environment with name Lift
Action size is 7
ROBOMIMIC WARNING(
    Dataset and installed environment version mismatch!
    Dataset environment version: 1.4.1
    Installed environment version: 1.5.2
)
  [chunk 400-450] cumul 438/450 = 97.3%

============= Initialized Observation Utils with Obs Spec =============

using obs modality: low_dim with keys: ['object', 'robot0_gripper_qpos', 'robot0_eef_pos', 'robot0_eef_quat']
using obs modality: rgb with keys: []
Created environment with name Lift
Action size is 7
ROBOMIMIC WARNING(
    Dataset and installed environment version mismatch!
    Dataset environment version: 1.4.1
    Installed environment version: 1.5.2
)
  [chunk 450-500] cumul 487/500 = 97.4%
  => N=20 : 487/500 = 97.4% [95.6%, 98.5%]  t_succ_med=61.0 (14.0 min)

##### N=10 démos — results/runs/lift/63_dataeff_n10/checkpoints/003000/pretrained_model #####
Loading weights from local directory

============= Initialized Observation Utils with Obs Spec =============

using obs modality: low_dim with keys: ['object', 'robot0_gripper_qpos', 'robot0_eef_pos', 'robot0_eef_quat']
using obs modality: rgb with keys: []
Created environment with name Lift
Action size is 7
ROBOMIMIC WARNING(
    Dataset and installed environment version mismatch!
    Dataset environment version: 1.4.1
    Installed environment version: 1.5.2
)
  [chunk 0-50] cumul 41/50 = 82.0%

============= Initialized Observation Utils with Obs Spec =============

using obs modality: low_dim with keys: ['object', 'robot0_gripper_qpos', 'robot0_eef_pos', 'robot0_eef_quat']
using obs modality: rgb with keys: []
Created environment with name Lift
Action size is 7
ROBOMIMIC WARNING(
    Dataset and installed environment version mismatch!
    Dataset environment version: 1.4.1
    Installed environment version: 1.5.2
)
  [chunk 50-100] cumul 85/100 = 85.0%

============= Initialized Observation Utils with Obs Spec =============

using obs modality: low_dim with keys: ['object', 'robot0_gripper_qpos', 'robot0_eef_pos', 'robot0_eef_quat']
using obs modality: rgb with keys: []
Created environment with name Lift
Action size is 7
ROBOMIMIC WARNING(
    Dataset and installed environment version mismatch!
    Dataset environment version: 1.4.1
    Installed environment version: 1.5.2
)
  [chunk 100-150] cumul 126/150 = 84.0%

============= Initialized Observation Utils with Obs Spec =============

using obs modality: low_dim with keys: ['object', 'robot0_gripper_qpos', 'robot0_eef_pos', 'robot0_eef_quat']
using obs modality: rgb with keys: []
Created environment with name Lift
Action size is 7
ROBOMIMIC WARNING(
    Dataset and installed environment version mismatch!
    Dataset environment version: 1.4.1
    Installed environment version: 1.5.2
)
  [chunk 150-200] cumul 170/200 = 85.0%

============= Initialized Observation Utils with Obs Spec =============

using obs modality: low_dim with keys: ['object', 'robot0_gripper_qpos', 'robot0_eef_pos', 'robot0_eef_quat']
using obs modality: rgb with keys: []
Created environment with name Lift
Action size is 7
ROBOMIMIC WARNING(
    Dataset and installed environment version mismatch!
    Dataset environment version: 1.4.1
    Installed environment version: 1.5.2
)
  [chunk 200-250] cumul 217/250 = 86.8%

============= Initialized Observation Utils with Obs Spec =============

using obs modality: low_dim with keys: ['object', 'robot0_gripper_qpos', 'robot0_eef_pos', 'robot0_eef_quat']
using obs modality: rgb with keys: []
Created environment with name Lift
Action size is 7
ROBOMIMIC WARNING(
    Dataset and installed environment version mismatch!
    Dataset environment version: 1.4.1
    Installed environment version: 1.5.2
)
  [chunk 250-300] cumul 262/300 = 87.3%

============= Initialized Observation Utils with Obs Spec =============

using obs modality: low_dim with keys: ['object', 'robot0_gripper_qpos', 'robot0_eef_pos', 'robot0_eef_quat']
using obs modality: rgb with keys: []
Created environment with name Lift
Action size is 7
ROBOMIMIC WARNING(
    Dataset and installed environment version mismatch!
    Dataset environment version: 1.4.1
    Installed environment version: 1.5.2
)
  [chunk 300-350] cumul 305/350 = 87.1%

============= Initialized Observation Utils with Obs Spec =============

using obs modality: low_dim with keys: ['object', 'robot0_gripper_qpos', 'robot0_eef_pos', 'robot0_eef_quat']
using obs modality: rgb with keys: []
Created environment with name Lift
Action size is 7
ROBOMIMIC WARNING(
    Dataset and installed environment version mismatch!
    Dataset environment version: 1.4.1
    Installed environment version: 1.5.2
)
  [chunk 350-400] cumul 347/400 = 86.8%

============= Initialized Observation Utils with Obs Spec =============

using obs modality: low_dim with keys: ['object', 'robot0_gripper_qpos', 'robot0_eef_pos', 'robot0_eef_quat']
using obs modality: rgb with keys: []
Created environment with name Lift
Action size is 7
ROBOMIMIC WARNING(
    Dataset and installed environment version mismatch!
    Dataset environment version: 1.4.1
    Installed environment version: 1.5.2
)
  [chunk 400-450] cumul 384/450 = 85.3%

============= Initialized Observation Utils with Obs Spec =============

using obs modality: low_dim with keys: ['object', 'robot0_gripper_qpos', 'robot0_eef_pos', 'robot0_eef_quat']
using obs modality: rgb with keys: []
Created environment with name Lift
Action size is 7
ROBOMIMIC WARNING(
    Dataset and installed environment version mismatch!
    Dataset environment version: 1.4.1
    Installed environment version: 1.5.2
)
  [chunk 450-500] cumul 425/500 = 85.0%
  => N=10 : 425/500 = 85.0% [81.6%, 87.9%]  t_succ_med=61.0 (16.5 min)

JSON: results/runs/lift/67_dataeff_500.json
Plot: results/runs/lift/67_dataeff_500.png
[chain67] 10:25:46 67 DONE
