[robosuite WARNING] No private macro file found! (macros.py:57)
[robosuite WARNING] It is recommended to use a private macro file (macros.py:58)
[robosuite WARNING] To setup, run: python /Users/nielsmurawka/Documents/VScodeProject/experience_Le/venv312/lib/python3.12/site-packages/robosuite/scripts/setup_macros.py (macros.py:59)
[robosuite WARNING] Could not import robosuite_models. Some robots may not be available. If you want to use these robots, please install robosuite_models from source (https://github.com/ARISE-Initiative/robosuite_models) or through pip install. (__init__.py:30)
[robosuite WARNING] Could not load the mink-based whole-body IK. Make sure you install related import properly, otherwise you will not be able to use the default IK controller setting for GR1 robot. (__init__.py:40)
objc[63008]: Class AVFFrameReceiver is implemented in both /Users/nielsmurawka/Documents/VScodeProject/experience_Le/venv312/lib/python3.12/site-packages/cv2/.dylibs/libavdevice.61.3.100.dylib (0x106b243a8) and /Users/nielsmurawka/Documents/VScodeProject/experience_Le/venv312/lib/python3.12/site-packages/av/.dylibs/libavdevice.61.3.100.dylib (0x1564603a8). This may cause spurious casting failures and mysterious crashes. One of the duplicates must be removed or renamed.
objc[63008]: Class AVFAudioReceiver is implemented in both /Users/nielsmurawka/Documents/VScodeProject/experience_Le/venv312/lib/python3.12/site-packages/cv2/.dylibs/libavdevice.61.3.100.dylib (0x106b243f8) and /Users/nielsmurawka/Documents/VScodeProject/experience_Le/venv312/lib/python3.12/site-packages/av/.dylibs/libavdevice.61.3.100.dylib (0x1564603f8). This may cause spurious casting failures and mysterious crashes. One of the duplicates must be removed or renamed.

============================================================
EXPÉRIENCE : lift/43_lift_frozen_bn_stable
============================================================

Chargement images brutes + states...
  Cache images brutes : data_cache/lift_ph_raw_images.pt
  Images shape : (9666, 3, 96, 96) (dtype=torch.uint8)

Construction des chunks...
  5866 chunks (chunk_size=20)
  Split : 160 démos train (4701 chunks), 40 démos test (1165 chunks)
  Total params : 12,881,080 (dont ResNet18 ~11.2M trainable)
  Device : mps

  Run dir : /Users/nielsmurawka/Documents/VScodeProject/experience_Le/results/runs/lift/43_lift_frozen_bn_stable_mlp_unfrozen_resnet

Entraînement (ResNet trainable, 2 LR groups)...
  Backbone trainable : 11,166,912 params (LR=1e-05)
  Head     trainable : 1,714,168 params (LR=0.001)
  Epoch   1/100 — train: 2.7517 (ce=2.5937 mse=0.1581) test: 2.0463 — 33s
  Epoch   5/100 — train: 1.5255 (ce=1.4975 mse=0.0280) test: 1.4611 — 150s
  Epoch  10/100 — train: 1.3954 (ce=1.3900 mse=0.0054) test: 1.3835 — 288s
  Epoch  15/100 — train: 1.3402 (ce=1.3377 mse=0.0025) test: 1.3745 — 430s
  Epoch  20/100 — train: 1.3023 (ce=1.3007 mse=0.0017) test: 1.3785 — 581s
  Epoch  25/100 — train: 1.2725 (ce=1.2712 mse=0.0013) test: 1.3886 — 731s

  [CHECKPOINT] Éval à epoch 25 (argmax)...
  Évaluation (50 épisodes, mode=argmax)...
    Episode  10/50 : ✗ max_z=0.829
    Episode  20/50 : ✗ max_z=0.830
    Episode  30/50 : ✓ max_z=0.886
    Episode  40/50 : ✓ max_z=0.873
    Episode  50/50 : ✗ max_z=0.825
    Success rate : 15/50 (30%) — avg max cube_z : 0.845 m
  [CHECKPOINT epoch 25] train=1.2725 test=1.3886 success=30% max_z=0.845
  [NEW BEST] epoch 25 : success 30%
  → sauvegardé à model_best_epoch25.pt
  Epoch  30/100 — train: 1.2510 (ce=1.2499 mse=0.0010) test: 1.3956 — 949s
  Epoch  35/100 — train: 1.2331 (ce=1.2321 mse=0.0010) test: 1.4081 — 1100s
  Epoch  40/100 — train: 1.2174 (ce=1.2164 mse=0.0009) test: 1.4184 — 1254s
  Epoch  45/100 — train: 1.2050 (ce=1.2040 mse=0.0010) test: 1.4286 — 1400s
  Epoch  50/100 — train: 1.1958 (ce=1.1948 mse=0.0010) test: 1.4378 — 1533s

  [CHECKPOINT] Éval à epoch 50 (argmax)...
  Évaluation (50 épisodes, mode=argmax)...
    Episode  10/50 : ✗ max_z=0.822
    Episode  20/50 : ✗ max_z=0.821
    Episode  30/50 : ✗ max_z=0.825
    Episode  40/50 : ✗ max_z=0.821
    Episode  50/50 : ✓ max_z=0.899
    Success rate : 11/50 (22%) — avg max cube_z : 0.838 m
  [CHECKPOINT epoch 50] train=1.1958 test=1.4378 success=22% max_z=0.838
  Epoch  55/100 — train: 1.1861 (ce=1.1851 mse=0.0010) test: 1.4432 — 1760s
  Epoch  60/100 — train: 1.1811 (ce=1.1800 mse=0.0010) test: 1.4437 — 1913s
  Epoch  65/100 — train: 1.1739 (ce=1.1728 mse=0.0011) test: 1.4484 — 2050s
  Epoch  70/100 — train: 1.1691 (ce=1.1679 mse=0.0011) test: 1.4570 — 2198s
  Epoch  75/100 — train: 1.1638 (ce=1.1627 mse=0.0012) test: 1.4632 — 2340s

  [CHECKPOINT] Éval à epoch 75 (argmax)...
  Évaluation (50 épisodes, mode=argmax)...
    Episode  10/50 : ✗ max_z=0.821
    Episode  20/50 : ✗ max_z=0.822
    Episode  30/50 : ✗ max_z=0.822
    Episode  40/50 : ✗ max_z=0.821
    Episode  50/50 : ✗ max_z=0.830
    Success rate : 5/50 (10%) — avg max cube_z : 0.830 m
  [CHECKPOINT epoch 75] train=1.1638 test=1.4632 success=10% max_z=0.830
  Epoch  80/100 — train: 1.1581 (ce=1.1570 mse=0.0012) test: 1.4710 — 2554s
  Epoch  85/100 — train: 1.1544 (ce=1.1533 mse=0.0011) test: 1.4729 — 2685s
  Epoch  90/100 — train: 1.1507 (ce=1.1495 mse=0.0011) test: 1.4801 — 2815s
  Epoch  95/100 — train: 1.1465 (ce=1.1454 mse=0.0011) test: 1.4827 — 2945s
  Epoch 100/100 — train: 1.1421 (ce=1.1410 mse=0.0011) test: 1.4912 — 3074s

  [CHECKPOINT] Éval à epoch 100 (argmax)...
  Évaluation (50 épisodes, mode=argmax)...
    Episode  10/50 : ✗ max_z=0.820
    Episode  20/50 : ✗ max_z=0.820
    Episode  30/50 : ✗ max_z=0.828
    Episode  40/50 : ✗ max_z=0.821
    Episode  50/50 : ✗ max_z=0.826
    Success rate : 5/50 (10%) — avg max cube_z : 0.839 m
  [CHECKPOINT epoch 100] train=1.1421 test=1.4912 success=10% max_z=0.839
  Temps total : 3153.3s

Éval finale 200 eps (argmax + vidéos)...
  Évaluation (200 épisodes, mode=argmax)...
    Episode  40/200 : ✗ max_z=0.821
    Episode  80/200 : ✗ max_z=0.833
    Episode 120/200 : ✓ max_z=0.880
    Episode 160/200 : ✗ max_z=0.834
    Episode 200/200 : ✗ max_z=0.822
    Success rate : 21/200 (10%) — avg max cube_z : 0.833 m
  Poids sauvegardés : /Users/nielsmurawka/Documents/VScodeProject/experience_Le/results/runs/lift/43_lift_frozen_bn_stable_mlp_unfrozen_resnet/model.pt
  Config modèle    : /Users/nielsmurawka/Documents/VScodeProject/experience_Le/results/runs/lift/43_lift_frozen_bn_stable_mlp_unfrozen_resnet/model_config.json
  Vidéo : /Users/nielsmurawka/Documents/VScodeProject/experience_Le/results/runs/lift/43_lift_frozen_bn_stable_mlp_unfrozen_resnet/ep0.mp4
  Vidéo : /Users/nielsmurawka/Documents/VScodeProject/experience_Le/results/runs/lift/43_lift_frozen_bn_stable_mlp_unfrozen_resnet/ep1.mp4
  Vidéo : /Users/nielsmurawka/Documents/VScodeProject/experience_Le/results/runs/lift/43_lift_frozen_bn_stable_mlp_unfrozen_resnet/ep2.mp4
  Best model : /Users/nielsmurawka/Documents/VScodeProject/experience_Le/results/runs/lift/43_lift_frozen_bn_stable_mlp_unfrozen_resnet/model_best_epoch25.pt (epoch 25, success 30%)
Run sauvegardé dans /Users/nielsmurawka/Documents/VScodeProject/experience_Le/results/all_runs.jsonl
  Graphe : /Users/nielsmurawka/Documents/VScodeProject/experience_Le/results/runs/lift/43_lift_frozen_bn_stable_mlp_unfrozen_resnet/losses.png
  Run info : /Users/nielsmurawka/Documents/VScodeProject/experience_Le/results/runs/lift/43_lift_frozen_bn_stable_mlp_unfrozen_resnet/run_info.md

============================================================
RÉSUMÉ
============================================================
  Success rate final : 10% (21/200)
  Best checkpoint    : 30% (epoch 25)
  Avg max cube_z     : 0.833 m
  Params             : 12,881,080
  Temps              : 3153s
    epoch  25 : train=1.2725 test=1.3886 success=30% max_z=0.845
    epoch  50 : train=1.1958 test=1.4378 success=22% max_z=0.838
    epoch  75 : train=1.1638 test=1.4632 success=10% max_z=0.830
    epoch 100 : train=1.1421 test=1.4912 success=10% max_z=0.839

  Dossier : /Users/nielsmurawka/Documents/VScodeProject/experience_Le/results/runs/lift/43_lift_frozen_bn_stable_mlp_unfrozen_resnet
