[robosuite WARNING] No private macro file found! (macros.py:57)
[robosuite WARNING] It is recommended to use a private macro file (macros.py:58)
[robosuite WARNING] To setup, run: python /Users/nielsmurawka/Documents/VScodeProject/experience_Le/venv312/lib/python3.12/site-packages/robosuite/scripts/setup_macros.py (macros.py:59)
[robosuite WARNING] Could not import robosuite_models. Some robots may not be available. If you want to use these robots, please install robosuite_models from source (https://github.com/ARISE-Initiative/robosuite_models) or through pip install. (__init__.py:30)
[robosuite WARNING] Could not load the mink-based whole-body IK. Make sure you install related import properly, otherwise you will not be able to use the default IK controller setting for GR1 robot. (__init__.py:40)
objc[65120]: Class AVFFrameReceiver is implemented in both /Users/nielsmurawka/Documents/VScodeProject/experience_Le/venv312/lib/python3.12/site-packages/cv2/.dylibs/libavdevice.61.3.100.dylib (0x104c2c3a8) and /Users/nielsmurawka/Documents/VScodeProject/experience_Le/venv312/lib/python3.12/site-packages/av/.dylibs/libavdevice.61.3.100.dylib (0x1459543a8). This may cause spurious casting failures and mysterious crashes. One of the duplicates must be removed or renamed.
objc[65120]: Class AVFAudioReceiver is implemented in both /Users/nielsmurawka/Documents/VScodeProject/experience_Le/venv312/lib/python3.12/site-packages/cv2/.dylibs/libavdevice.61.3.100.dylib (0x104c2c3f8) and /Users/nielsmurawka/Documents/VScodeProject/experience_Le/venv312/lib/python3.12/site-packages/av/.dylibs/libavdevice.61.3.100.dylib (0x1459543f8). This may cause spurious casting failures and mysterious crashes. One of the duplicates must be removed or renamed.

============================================================
EXPÉRIENCE : lift/39_lift_image_aug_50pct
============================================================

Chargement features augmentées (n_versions=8)...
  Cache features augmentées : data_cache/lift_ph_image_features_aug.pt
  Features augmentées shape : torch.Size([9666, 8, 512])

Construction des chunks...
  5866 chunks (chunk_size=20), 8 versions par chunk
  Split : 160 démos train (4701 chunks), 40 démos test (1165 chunks)
  Paramètres entraînés : 1,713,144

Entraînement (avec random pick augmenté par sample)...
  Epoch   1/100 — train: 2.0860 (ce=2.0445 mse=0.0415) test: 1.2774 — 1s
  Epoch   5/100 — train: 1.0155 (ce=1.0073 mse=0.0082) test: 1.0125 — 4s
  Epoch  10/100 — train: 0.9452 (ce=0.9378 mse=0.0074) test: 0.9642 — 8s
  Epoch  15/100 — train: 0.9021 (ce=0.8964 mse=0.0057) test: 0.9458 — 11s
  Epoch  20/100 — train: 0.8756 (ce=0.8703 mse=0.0053) test: 0.9435 — 14s
  Epoch  25/100 — train: 0.8496 (ce=0.8446 mse=0.0050) test: 0.9464 — 17s

  [CHECKPOINT] Éval à epoch 25 (argmax)...
  Évaluation (50 épisodes, mode=argmax)...
    Episode 10/50 : ✗ max_z=0.821
    Episode 20/50 : ✗ max_z=0.824
    Episode 30/50 : ✗ max_z=0.820
    Episode 40/50 : ✓ max_z=0.856
    Episode 50/50 : ✗ max_z=0.832
    Success rate : 8/50 (16%) — avg max cube_z : 0.833 m
  [CHECKPOINT epoch 25] train=0.8496 test=0.9464 success=16% max_z=0.833
  [NEW BEST] epoch 25 : success 16%
  Epoch  30/100 — train: 0.8260 (ce=0.8215 mse=0.0045) test: 0.9702 — 102s
  Epoch  35/100 — train: 0.8017 (ce=0.7976 mse=0.0041) test: 0.9759 — 105s
  Epoch  40/100 — train: 0.7761 (ce=0.7724 mse=0.0037) test: 1.0022 — 107s
  Epoch  45/100 — train: 0.7540 (ce=0.7508 mse=0.0032) test: 1.0169 — 110s
  Epoch  50/100 — train: 0.7242 (ce=0.7213 mse=0.0029) test: 1.0573 — 112s

  [CHECKPOINT] Éval à epoch 50 (argmax)...
  Évaluation (50 épisodes, mode=argmax)...
    Episode 10/50 : ✗ max_z=0.822
    Episode 20/50 : ✗ max_z=0.821
    Episode 30/50 : ✗ max_z=0.825
    Episode 40/50 : ✗ max_z=0.820
    Episode 50/50 : ✗ max_z=0.834
    Success rate : 7/50 (14%) — avg max cube_z : 0.831 m
  [CHECKPOINT epoch 50] train=0.7242 test=1.0573 success=14% max_z=0.831
  Epoch  55/100 — train: 0.7009 (ce=0.6982 mse=0.0028) test: 1.0775 — 196s
  Epoch  60/100 — train: 0.6795 (ce=0.6768 mse=0.0027) test: 1.1112 — 198s
  Epoch  65/100 — train: 0.6625 (ce=0.6597 mse=0.0028) test: 1.1485 — 201s
  Epoch  70/100 — train: 0.6449 (ce=0.6419 mse=0.0030) test: 1.1787 — 203s
  Epoch  75/100 — train: 0.6303 (ce=0.6274 mse=0.0030) test: 1.2030 — 206s

  [CHECKPOINT] Éval à epoch 75 (argmax)...
  Évaluation (50 épisodes, mode=argmax)...
    Episode 10/50 : ✗ max_z=0.822
    Episode 20/50 : ✗ max_z=0.830
    Episode 30/50 : ✗ max_z=0.821
    Episode 40/50 : ✗ max_z=0.821
    Episode 50/50 : ✗ max_z=0.832
    Success rate : 2/50 (4%) — avg max cube_z : 0.828 m
  [CHECKPOINT epoch 75] train=0.6303 test=1.2030 success=4% max_z=0.828
  Epoch  80/100 — train: 0.6159 (ce=0.6124 mse=0.0034) test: 1.2370 — 289s
  Epoch  85/100 — train: 0.6017 (ce=0.5985 mse=0.0032) test: 1.2728 — 292s
  Epoch  90/100 — train: 0.5908 (ce=0.5875 mse=0.0033) test: 1.3016 — 295s
  Epoch  95/100 — train: 0.5788 (ce=0.5754 mse=0.0034) test: 1.3324 — 297s
  Epoch 100/100 — train: 0.5663 (ce=0.5629 mse=0.0035) test: 1.3637 — 300s

  [CHECKPOINT] Éval à epoch 100 (argmax)...
  Évaluation (50 épisodes, mode=argmax)...
    Episode 10/50 : ✗ max_z=0.820
    Episode 20/50 : ✗ max_z=0.830
    Episode 30/50 : ✗ max_z=0.829
    Episode 40/50 : ✗ max_z=0.832
    Episode 50/50 : ✗ max_z=0.821
    Success rate : 1/50 (2%) — avg max cube_z : 0.826 m
  [CHECKPOINT epoch 100] train=0.5663 test=1.3637 success=2% max_z=0.826
  Temps total : 381.0s

Éval finale (argmax + vidéos)...
  Évaluation (50 épisodes, mode=argmax)...
    Episode 10/50 : ✗ max_z=0.820
    Episode 20/50 : ✗ max_z=0.820
    Episode 30/50 : ✗ max_z=0.834
    Episode 40/50 : ✗ max_z=0.822
    Episode 50/50 : ✗ max_z=0.821
    Success rate : 3/50 (6%) — avg max cube_z : 0.827 m
  Poids sauvegardés : /Users/nielsmurawka/Documents/VScodeProject/experience_Le/results/runs/lift/39_lift_image_aug_50pct_mlp_feat_state_ce_aug50pct/model.pt
  Config modèle    : /Users/nielsmurawka/Documents/VScodeProject/experience_Le/results/runs/lift/39_lift_image_aug_50pct_mlp_feat_state_ce_aug50pct/model_config.json
  Vidéo : /Users/nielsmurawka/Documents/VScodeProject/experience_Le/results/runs/lift/39_lift_image_aug_50pct_mlp_feat_state_ce_aug50pct/ep0.mp4
  Vidéo : /Users/nielsmurawka/Documents/VScodeProject/experience_Le/results/runs/lift/39_lift_image_aug_50pct_mlp_feat_state_ce_aug50pct/ep1.mp4
  Vidéo : /Users/nielsmurawka/Documents/VScodeProject/experience_Le/results/runs/lift/39_lift_image_aug_50pct_mlp_feat_state_ce_aug50pct/ep2.mp4
  Best model : /Users/nielsmurawka/Documents/VScodeProject/experience_Le/results/runs/lift/39_lift_image_aug_50pct_mlp_feat_state_ce_aug50pct/model_best_epoch25.pt (epoch 25, success 16%)
Run sauvegardé dans /Users/nielsmurawka/Documents/VScodeProject/experience_Le/results/all_runs.jsonl
  Graphe : /Users/nielsmurawka/Documents/VScodeProject/experience_Le/results/runs/lift/39_lift_image_aug_50pct_mlp_feat_state_ce_aug50pct/losses.png
  Run info : /Users/nielsmurawka/Documents/VScodeProject/experience_Le/results/runs/lift/39_lift_image_aug_50pct_mlp_feat_state_ce_aug50pct/run_info.md

============================================================
RÉSUMÉ
============================================================
  Success rate final : 6% (3/50)
  Best checkpoint    : 16% (epoch 25)
  Avg max cube_z     : 0.827 m
  Params entraînés   : 1,713,144
  Temps              : 381s
    epoch  25 : train=0.8496 test=0.9464 success=16% max_z=0.833
    epoch  50 : train=0.7242 test=1.0573 success=14% max_z=0.831
    epoch  75 : train=0.6303 test=1.2030 success=4% max_z=0.828
    epoch 100 : train=0.5663 test=1.3637 success=2% max_z=0.826

  Dossier : /Users/nielsmurawka/Documents/VScodeProject/experience_Le/results/runs/lift/39_lift_image_aug_50pct_mlp_feat_state_ce_aug50pct
