[robosuite WARNING] No private macro file found! (macros.py:57)
[robosuite WARNING] It is recommended to use a private macro file (macros.py:58)
[robosuite WARNING] To setup, run: python /Users/nielsmurawka/Documents/VScodeProject/experience_Le/venv312/lib/python3.12/site-packages/robosuite/scripts/setup_macros.py (macros.py:59)
[robosuite WARNING] Could not import robosuite_models. Some robots may not be available. If you want to use these robots, please install robosuite_models from source (https://github.com/ARISE-Initiative/robosuite_models) or through pip install. (__init__.py:30)
[robosuite WARNING] Could not load the mink-based whole-body IK. Make sure you install related import properly, otherwise you will not be able to use the default IK controller setting for GR1 robot. (__init__.py:40)
objc[98024]: Class AVFFrameReceiver is implemented in both /Users/nielsmurawka/Documents/VScodeProject/experience_Le/venv312/lib/python3.12/site-packages/cv2/.dylibs/libavdevice.61.3.100.dylib (0x107a883a8) and /Users/nielsmurawka/Documents/VScodeProject/experience_Le/venv312/lib/python3.12/site-packages/av/.dylibs/libavdevice.61.3.100.dylib (0x1175dc3a8). This may cause spurious casting failures and mysterious crashes. One of the duplicates must be removed or renamed.
objc[98024]: Class AVFAudioReceiver is implemented in both /Users/nielsmurawka/Documents/VScodeProject/experience_Le/venv312/lib/python3.12/site-packages/cv2/.dylibs/libavdevice.61.3.100.dylib (0x107a883f8) and /Users/nielsmurawka/Documents/VScodeProject/experience_Le/venv312/lib/python3.12/site-packages/av/.dylibs/libavdevice.61.3.100.dylib (0x1175dc3f8). This may cause spurious casting failures and mysterious crashes. One of the duplicates must be removed or renamed.
ROBOMIMIC WARNING(
    No private macro file found!
    It is recommended to use a private macro file
    To setup, run: python /Users/nielsmurawka/Documents/VScodeProject/experience_Le/venv312/lib/python3.12/site-packages/robomimic/scripts/setup_macros.py
)

============= Initialized Observation Utils with Obs Spec =============

using obs modality: low_dim with keys: ['robot0_eef_pos', 'object', 'robot0_gripper_qpos', 'robot0_eef_quat']
using obs modality: rgb with keys: []
Created environment with name Lift
Action size is 7
ROBOMIMIC WARNING(
    Dataset and installed environment version mismatch!
    Dataset environment version: 1.4.1
    Installed environment version: 1.5.2
)

##### baseline_252M (results/runs/lift/47_baseline_150/checkpoints/006000/pretrained_model) #####
Loading weights from local directory
  ep 150 -> OK  (results/runs/lift/51_unet_sweep_eval/videos/baseline_252M_ep150_OK.mp4)
  ep 151 -> OK  (results/runs/lift/51_unet_sweep_eval/videos/baseline_252M_ep151_OK.mp4)
  ep 152 -> OK  (results/runs/lift/51_unet_sweep_eval/videos/baseline_252M_ep152_OK.mp4)

##### unet_256_512_1024_76M (results/runs/lift/51_unet_d256_512_1024/checkpoints/004500/pretrained_model) #####
Loading weights from local directory
  ep 150 -> OK  (results/runs/lift/51_unet_sweep_eval/videos/unet_256_512_1024_76M_ep150_OK.mp4)
  ep 151 -> OK  (results/runs/lift/51_unet_sweep_eval/videos/unet_256_512_1024_76M_ep151_OK.mp4)
  ep 152 -> OK  (results/runs/lift/51_unet_sweep_eval/videos/unet_256_512_1024_76M_ep152_OK.mp4)

##### unet_128_256_512_29M (results/runs/lift/51_unet_d128_256_512/checkpoints/004500/pretrained_model) #####
Loading weights from local directory
  ep 150 -> OK  (results/runs/lift/51_unet_sweep_eval/videos/unet_128_256_512_29M_ep150_OK.mp4)
  ep 151 -> OK  (results/runs/lift/51_unet_sweep_eval/videos/unet_128_256_512_29M_ep151_OK.mp4)
  ep 152 -> OK  (results/runs/lift/51_unet_sweep_eval/videos/unet_128_256_512_29M_ep152_OK.mp4)

##### unet_64_128_256_16M (results/runs/lift/51_unet_d64_128_256/checkpoints/006000/pretrained_model) #####
Loading weights from local directory
  ep 150 -> OK  (results/runs/lift/51_unet_sweep_eval/videos/unet_64_128_256_16M_ep150_OK.mp4)
  ep 151 -> OK  (results/runs/lift/51_unet_sweep_eval/videos/unet_64_128_256_16M_ep151_OK.mp4)
  ep 152 -> OK  (results/runs/lift/51_unet_sweep_eval/videos/unet_64_128_256_16M_ep152_OK.mp4)

Vidéos dans : results/runs/lift/51_unet_sweep_eval/videos
