[robosuite WARNING] No private macro file found! (macros.py:57)
[robosuite WARNING] It is recommended to use a private macro file (macros.py:58)
[robosuite WARNING] To setup, run: python /Users/nielsmurawka/Documents/VScodeProject/experience_Le/venv312/lib/python3.12/site-packages/robosuite/scripts/setup_macros.py (macros.py:59)
[robosuite WARNING] Could not import robosuite_models. Some robots may not be available. If you want to use these robots, please install robosuite_models from source (https://github.com/ARISE-Initiative/robosuite_models) or through pip install. (__init__.py:30)
[robosuite WARNING] Could not load the mink-based whole-body IK. Make sure you install related import properly, otherwise you will not be able to use the default IK controller setting for GR1 robot. (__init__.py:40)
États (500, 32) | N=[150, 100, 50, 20, 10] | pas=[2, 10, 20, 50]
objc[23586]: Class AVFFrameReceiver is implemented in both /Users/nielsmurawka/Documents/VScodeProject/experience_Le/venv312/lib/python3.12/site-packages/cv2/.dylibs/libavdevice.61.3.100.dylib (0x104fb43a8) and /Users/nielsmurawka/Documents/VScodeProject/experience_Le/venv312/lib/python3.12/site-packages/av/.dylibs/libavdevice.61.3.100.dylib (0x12e9a83a8). This may cause spurious casting failures and mysterious crashes. One of the duplicates must be removed or renamed.
objc[23586]: Class AVFAudioReceiver is implemented in both /Users/nielsmurawka/Documents/VScodeProject/experience_Le/venv312/lib/python3.12/site-packages/cv2/.dylibs/libavdevice.61.3.100.dylib (0x104fb43f8) and /Users/nielsmurawka/Documents/VScodeProject/experience_Le/venv312/lib/python3.12/site-packages/av/.dylibs/libavdevice.61.3.100.dylib (0x12e9a83f8). This may cause spurious casting failures and mysterious crashes. One of the duplicates must be removed or renamed.
Loading weights from local directory

##### N=150 pas=2 #####
ROBOMIMIC WARNING(
    No private macro file found!
    It is recommended to use a private macro file
    To setup, run: python /Users/nielsmurawka/Documents/VScodeProject/experience_Le/venv312/lib/python3.12/site-packages/robomimic/scripts/setup_macros.py
)

============= Initialized Observation Utils with Obs Spec =============

using obs modality: low_dim with keys: ['object', 'robot0_eef_quat', 'robot0_eef_pos', 'robot0_gripper_qpos']
using obs modality: rgb with keys: []
Created environment with name Lift
Action size is 7
ROBOMIMIC WARNING(
    Dataset and installed environment version mismatch!
    Dataset environment version: 1.4.1
    Installed environment version: 1.5.2
)
  [chunk 0-50] cumul 13/50 = 26.0%

============= Initialized Observation Utils with Obs Spec =============

using obs modality: low_dim with keys: ['object', 'robot0_eef_quat', 'robot0_eef_pos', 'robot0_gripper_qpos']
using obs modality: rgb with keys: []
Created environment with name Lift
Action size is 7
ROBOMIMIC WARNING(
    Dataset and installed environment version mismatch!
    Dataset environment version: 1.4.1
    Installed environment version: 1.5.2
)
  [chunk 50-100] cumul 27/100 = 27.0%

============= Initialized Observation Utils with Obs Spec =============

using obs modality: low_dim with keys: ['object', 'robot0_eef_quat', 'robot0_eef_pos', 'robot0_gripper_qpos']
using obs modality: rgb with keys: []
Created environment with name Lift
Action size is 7
ROBOMIMIC WARNING(
    Dataset and installed environment version mismatch!
    Dataset environment version: 1.4.1
    Installed environment version: 1.5.2
)
  [chunk 100-150] cumul 41/150 = 27.3%

============= Initialized Observation Utils with Obs Spec =============

using obs modality: low_dim with keys: ['object', 'robot0_eef_quat', 'robot0_eef_pos', 'robot0_gripper_qpos']
using obs modality: rgb with keys: []
Created environment with name Lift
Action size is 7
ROBOMIMIC WARNING(
    Dataset and installed environment version mismatch!
    Dataset environment version: 1.4.1
    Installed environment version: 1.5.2
)
  [chunk 150-200] cumul 61/200 = 30.5%

============= Initialized Observation Utils with Obs Spec =============

using obs modality: low_dim with keys: ['object', 'robot0_eef_quat', 'robot0_eef_pos', 'robot0_gripper_qpos']
using obs modality: rgb with keys: []
Created environment with name Lift
Action size is 7
ROBOMIMIC WARNING(
    Dataset and installed environment version mismatch!
    Dataset environment version: 1.4.1
    Installed environment version: 1.5.2
)
  [chunk 200-250] cumul 76/250 = 30.4%

============= Initialized Observation Utils with Obs Spec =============

using obs modality: low_dim with keys: ['object', 'robot0_eef_quat', 'robot0_eef_pos', 'robot0_gripper_qpos']
using obs modality: rgb with keys: []
Created environment with name Lift
Action size is 7
ROBOMIMIC WARNING(
    Dataset and installed environment version mismatch!
    Dataset environment version: 1.4.1
    Installed environment version: 1.5.2
)
  [chunk 250-300] cumul 95/300 = 31.7%

============= Initialized Observation Utils with Obs Spec =============

using obs modality: low_dim with keys: ['object', 'robot0_eef_quat', 'robot0_eef_pos', 'robot0_gripper_qpos']
using obs modality: rgb with keys: []
Created environment with name Lift
Action size is 7
ROBOMIMIC WARNING(
    Dataset and installed environment version mismatch!
    Dataset environment version: 1.4.1
    Installed environment version: 1.5.2
)
  [chunk 300-350] cumul 108/350 = 30.9%

============= Initialized Observation Utils with Obs Spec =============

using obs modality: low_dim with keys: ['object', 'robot0_eef_quat', 'robot0_eef_pos', 'robot0_gripper_qpos']
using obs modality: rgb with keys: []
Created environment with name Lift
Action size is 7
ROBOMIMIC WARNING(
    Dataset and installed environment version mismatch!
    Dataset environment version: 1.4.1
    Installed environment version: 1.5.2
)
  [chunk 350-400] cumul 125/400 = 31.2%

============= Initialized Observation Utils with Obs Spec =============

using obs modality: low_dim with keys: ['object', 'robot0_eef_quat', 'robot0_eef_pos', 'robot0_gripper_qpos']
using obs modality: rgb with keys: []
Created environment with name Lift
Action size is 7
ROBOMIMIC WARNING(
    Dataset and installed environment version mismatch!
    Dataset environment version: 1.4.1
    Installed environment version: 1.5.2
)
  [chunk 400-450] cumul 139/450 = 30.9%

============= Initialized Observation Utils with Obs Spec =============

using obs modality: low_dim with keys: ['object', 'robot0_eef_quat', 'robot0_eef_pos', 'robot0_gripper_qpos']
using obs modality: rgb with keys: []
Created environment with name Lift
Action size is 7
ROBOMIMIC WARNING(
    Dataset and installed environment version mismatch!
    Dataset environment version: 1.4.1
    Installed environment version: 1.5.2
)
  [chunk 450-500] cumul 155/500 = 31.0%
  => N=150 pas=2 : 155/500 = 31.0% [27.1%, 35.2%]  t_succ_med=64.0 (25.8 min)

##### N=150 pas=10 #####

============= Initialized Observation Utils with Obs Spec =============

using obs modality: low_dim with keys: ['object', 'robot0_eef_quat', 'robot0_eef_pos', 'robot0_gripper_qpos']
using obs modality: rgb with keys: []
Created environment with name Lift
Action size is 7
ROBOMIMIC WARNING(
    Dataset and installed environment version mismatch!
    Dataset environment version: 1.4.1
    Installed environment version: 1.5.2
)
  [chunk 0-50] cumul 47/50 = 94.0%

============= Initialized Observation Utils with Obs Spec =============

using obs modality: low_dim with keys: ['object', 'robot0_eef_quat', 'robot0_eef_pos', 'robot0_gripper_qpos']
using obs modality: rgb with keys: []
Created environment with name Lift
Action size is 7
ROBOMIMIC WARNING(
    Dataset and installed environment version mismatch!
    Dataset environment version: 1.4.1
    Installed environment version: 1.5.2
)
  [chunk 50-100] cumul 97/100 = 97.0%

============= Initialized Observation Utils with Obs Spec =============

using obs modality: low_dim with keys: ['object', 'robot0_eef_quat', 'robot0_eef_pos', 'robot0_gripper_qpos']
using obs modality: rgb with keys: []
Created environment with name Lift
Action size is 7
ROBOMIMIC WARNING(
    Dataset and installed environment version mismatch!
    Dataset environment version: 1.4.1
    Installed environment version: 1.5.2
)
  [chunk 100-150] cumul 146/150 = 97.3%

============= Initialized Observation Utils with Obs Spec =============

using obs modality: low_dim with keys: ['object', 'robot0_eef_quat', 'robot0_eef_pos', 'robot0_gripper_qpos']
using obs modality: rgb with keys: []
Created environment with name Lift
Action size is 7
ROBOMIMIC WARNING(
    Dataset and installed environment version mismatch!
    Dataset environment version: 1.4.1
    Installed environment version: 1.5.2
)
  [chunk 150-200] cumul 195/200 = 97.5%

============= Initialized Observation Utils with Obs Spec =============

using obs modality: low_dim with keys: ['object', 'robot0_eef_quat', 'robot0_eef_pos', 'robot0_gripper_qpos']
using obs modality: rgb with keys: []
Created environment with name Lift
Action size is 7
ROBOMIMIC WARNING(
    Dataset and installed environment version mismatch!
    Dataset environment version: 1.4.1
    Installed environment version: 1.5.2
)
  [chunk 200-250] cumul 244/250 = 97.6%

============= Initialized Observation Utils with Obs Spec =============

using obs modality: low_dim with keys: ['object', 'robot0_eef_quat', 'robot0_eef_pos', 'robot0_gripper_qpos']
using obs modality: rgb with keys: []
Created environment with name Lift
Action size is 7
ROBOMIMIC WARNING(
    Dataset and installed environment version mismatch!
    Dataset environment version: 1.4.1
    Installed environment version: 1.5.2
)
  [chunk 250-300] cumul 294/300 = 98.0%

============= Initialized Observation Utils with Obs Spec =============

using obs modality: low_dim with keys: ['object', 'robot0_eef_quat', 'robot0_eef_pos', 'robot0_gripper_qpos']
using obs modality: rgb with keys: []
Created environment with name Lift
Action size is 7
ROBOMIMIC WARNING(
    Dataset and installed environment version mismatch!
    Dataset environment version: 1.4.1
    Installed environment version: 1.5.2
)
  [chunk 300-350] cumul 344/350 = 98.3%

============= Initialized Observation Utils with Obs Spec =============

using obs modality: low_dim with keys: ['object', 'robot0_eef_quat', 'robot0_eef_pos', 'robot0_gripper_qpos']
using obs modality: rgb with keys: []
Created environment with name Lift
Action size is 7
ROBOMIMIC WARNING(
    Dataset and installed environment version mismatch!
    Dataset environment version: 1.4.1
    Installed environment version: 1.5.2
)
  [chunk 350-400] cumul 393/400 = 98.2%

============= Initialized Observation Utils with Obs Spec =============

using obs modality: low_dim with keys: ['object', 'robot0_eef_quat', 'robot0_eef_pos', 'robot0_gripper_qpos']
using obs modality: rgb with keys: []
Created environment with name Lift
Action size is 7
ROBOMIMIC WARNING(
    Dataset and installed environment version mismatch!
    Dataset environment version: 1.4.1
    Installed environment version: 1.5.2
)
  [chunk 400-450] cumul 443/450 = 98.4%

============= Initialized Observation Utils with Obs Spec =============

using obs modality: low_dim with keys: ['object', 'robot0_eef_quat', 'robot0_eef_pos', 'robot0_gripper_qpos']
using obs modality: rgb with keys: []
Created environment with name Lift
Action size is 7
ROBOMIMIC WARNING(
    Dataset and installed environment version mismatch!
    Dataset environment version: 1.4.1
    Installed environment version: 1.5.2
)
  [chunk 450-500] cumul 492/500 = 98.4%
  => N=150 pas=10 : 492/500 = 98.4% [96.9%, 99.2%]  t_succ_med=45.0 (13.2 min)

##### N=150 pas=20 #####

============= Initialized Observation Utils with Obs Spec =============

using obs modality: low_dim with keys: ['object', 'robot0_eef_quat', 'robot0_eef_pos', 'robot0_gripper_qpos']
using obs modality: rgb with keys: []
Created environment with name Lift
Action size is 7
ROBOMIMIC WARNING(
    Dataset and installed environment version mismatch!
    Dataset environment version: 1.4.1
    Installed environment version: 1.5.2
)
  [chunk 0-50] cumul 50/50 = 100.0%

============= Initialized Observation Utils with Obs Spec =============

using obs modality: low_dim with keys: ['object', 'robot0_eef_quat', 'robot0_eef_pos', 'robot0_gripper_qpos']
using obs modality: rgb with keys: []
Created environment with name Lift
Action size is 7
ROBOMIMIC WARNING(
    Dataset and installed environment version mismatch!
    Dataset environment version: 1.4.1
    Installed environment version: 1.5.2
)
  [chunk 50-100] cumul 99/100 = 99.0%

============= Initialized Observation Utils with Obs Spec =============

using obs modality: low_dim with keys: ['object', 'robot0_eef_quat', 'robot0_eef_pos', 'robot0_gripper_qpos']
using obs modality: rgb with keys: []
Created environment with name Lift
Action size is 7
ROBOMIMIC WARNING(
    Dataset and installed environment version mismatch!
    Dataset environment version: 1.4.1
    Installed environment version: 1.5.2
)
  [chunk 100-150] cumul 146/150 = 97.3%

============= Initialized Observation Utils with Obs Spec =============

using obs modality: low_dim with keys: ['object', 'robot0_eef_quat', 'robot0_eef_pos', 'robot0_gripper_qpos']
using obs modality: rgb with keys: []
Created environment with name Lift
Action size is 7
ROBOMIMIC WARNING(
    Dataset and installed environment version mismatch!
    Dataset environment version: 1.4.1
    Installed environment version: 1.5.2
)
  [chunk 150-200] cumul 196/200 = 98.0%

============= Initialized Observation Utils with Obs Spec =============

using obs modality: low_dim with keys: ['object', 'robot0_eef_quat', 'robot0_eef_pos', 'robot0_gripper_qpos']
using obs modality: rgb with keys: []
Created environment with name Lift
Action size is 7
ROBOMIMIC WARNING(
    Dataset and installed environment version mismatch!
    Dataset environment version: 1.4.1
    Installed environment version: 1.5.2
)
  [chunk 200-250] cumul 246/250 = 98.4%

============= Initialized Observation Utils with Obs Spec =============

using obs modality: low_dim with keys: ['object', 'robot0_eef_quat', 'robot0_eef_pos', 'robot0_gripper_qpos']
using obs modality: rgb with keys: []
Created environment with name Lift
Action size is 7
ROBOMIMIC WARNING(
    Dataset and installed environment version mismatch!
    Dataset environment version: 1.4.1
    Installed environment version: 1.5.2
)
  [chunk 250-300] cumul 295/300 = 98.3%

============= Initialized Observation Utils with Obs Spec =============

using obs modality: low_dim with keys: ['object', 'robot0_eef_quat', 'robot0_eef_pos', 'robot0_gripper_qpos']
using obs modality: rgb with keys: []
Created environment with name Lift
Action size is 7
ROBOMIMIC WARNING(
    Dataset and installed environment version mismatch!
    Dataset environment version: 1.4.1
    Installed environment version: 1.5.2
)
  [chunk 300-350] cumul 344/350 = 98.3%

============= Initialized Observation Utils with Obs Spec =============

using obs modality: low_dim with keys: ['object', 'robot0_eef_quat', 'robot0_eef_pos', 'robot0_gripper_qpos']
using obs modality: rgb with keys: []
Created environment with name Lift
Action size is 7
ROBOMIMIC WARNING(
    Dataset and installed environment version mismatch!
    Dataset environment version: 1.4.1
    Installed environment version: 1.5.2
)
  [chunk 350-400] cumul 393/400 = 98.2%

============= Initialized Observation Utils with Obs Spec =============

using obs modality: low_dim with keys: ['object', 'robot0_eef_quat', 'robot0_eef_pos', 'robot0_gripper_qpos']
using obs modality: rgb with keys: []
Created environment with name Lift
Action size is 7
ROBOMIMIC WARNING(
    Dataset and installed environment version mismatch!
    Dataset environment version: 1.4.1
    Installed environment version: 1.5.2
)
  [chunk 400-450] cumul 441/450 = 98.0%

============= Initialized Observation Utils with Obs Spec =============

using obs modality: low_dim with keys: ['object', 'robot0_eef_quat', 'robot0_eef_pos', 'robot0_gripper_qpos']
using obs modality: rgb with keys: []
Created environment with name Lift
Action size is 7
ROBOMIMIC WARNING(
    Dataset and installed environment version mismatch!
    Dataset environment version: 1.4.1
    Installed environment version: 1.5.2
)
  [chunk 450-500] cumul 490/500 = 98.0%
  => N=150 pas=20 : 490/500 = 98.0% [96.4%, 98.9%]  t_succ_med=45.0 (19.6 min)

##### N=150 pas=50 #####

============= Initialized Observation Utils with Obs Spec =============

using obs modality: low_dim with keys: ['object', 'robot0_eef_quat', 'robot0_eef_pos', 'robot0_gripper_qpos']
using obs modality: rgb with keys: []
Created environment with name Lift
Action size is 7
ROBOMIMIC WARNING(
    Dataset and installed environment version mismatch!
    Dataset environment version: 1.4.1
    Installed environment version: 1.5.2
)
  [chunk 0-50] cumul 44/50 = 88.0%

============= Initialized Observation Utils with Obs Spec =============

using obs modality: low_dim with keys: ['object', 'robot0_eef_quat', 'robot0_eef_pos', 'robot0_gripper_qpos']
using obs modality: rgb with keys: []
Created environment with name Lift
Action size is 7
ROBOMIMIC WARNING(
    Dataset and installed environment version mismatch!
    Dataset environment version: 1.4.1
    Installed environment version: 1.5.2
)
  [chunk 50-100] cumul 93/100 = 93.0%

============= Initialized Observation Utils with Obs Spec =============

using obs modality: low_dim with keys: ['object', 'robot0_eef_quat', 'robot0_eef_pos', 'robot0_gripper_qpos']
using obs modality: rgb with keys: []
Created environment with name Lift
Action size is 7
ROBOMIMIC WARNING(
    Dataset and installed environment version mismatch!
    Dataset environment version: 1.4.1
    Installed environment version: 1.5.2
)
  [chunk 100-150] cumul 143/150 = 95.3%

============= Initialized Observation Utils with Obs Spec =============

using obs modality: low_dim with keys: ['object', 'robot0_eef_quat', 'robot0_eef_pos', 'robot0_gripper_qpos']
using obs modality: rgb with keys: []
Created environment with name Lift
Action size is 7
ROBOMIMIC WARNING(
    Dataset and installed environment version mismatch!
    Dataset environment version: 1.4.1
    Installed environment version: 1.5.2
)
  [chunk 150-200] cumul 192/200 = 96.0%

============= Initialized Observation Utils with Obs Spec =============

using obs modality: low_dim with keys: ['object', 'robot0_eef_quat', 'robot0_eef_pos', 'robot0_gripper_qpos']
using obs modality: rgb with keys: []
Created environment with name Lift
Action size is 7
ROBOMIMIC WARNING(
    Dataset and installed environment version mismatch!
    Dataset environment version: 1.4.1
    Installed environment version: 1.5.2
)
  [chunk 200-250] cumul 236/250 = 94.4%

============= Initialized Observation Utils with Obs Spec =============

using obs modality: low_dim with keys: ['object', 'robot0_eef_quat', 'robot0_eef_pos', 'robot0_gripper_qpos']
using obs modality: rgb with keys: []
Created environment with name Lift
Action size is 7
ROBOMIMIC WARNING(
    Dataset and installed environment version mismatch!
    Dataset environment version: 1.4.1
    Installed environment version: 1.5.2
)
  [chunk 250-300] cumul 286/300 = 95.3%

============= Initialized Observation Utils with Obs Spec =============

using obs modality: low_dim with keys: ['object', 'robot0_eef_quat', 'robot0_eef_pos', 'robot0_gripper_qpos']
using obs modality: rgb with keys: []
Created environment with name Lift
Action size is 7
ROBOMIMIC WARNING(
    Dataset and installed environment version mismatch!
    Dataset environment version: 1.4.1
    Installed environment version: 1.5.2
)
  [chunk 300-350] cumul 335/350 = 95.7%

============= Initialized Observation Utils with Obs Spec =============

using obs modality: low_dim with keys: ['object', 'robot0_eef_quat', 'robot0_eef_pos', 'robot0_gripper_qpos']
using obs modality: rgb with keys: []
Created environment with name Lift
Action size is 7
ROBOMIMIC WARNING(
    Dataset and installed environment version mismatch!
    Dataset environment version: 1.4.1
    Installed environment version: 1.5.2
)
  [chunk 350-400] cumul 382/400 = 95.5%

============= Initialized Observation Utils with Obs Spec =============

using obs modality: low_dim with keys: ['object', 'robot0_eef_quat', 'robot0_eef_pos', 'robot0_gripper_qpos']
using obs modality: rgb with keys: []
Created environment with name Lift
Action size is 7
ROBOMIMIC WARNING(
    Dataset and installed environment version mismatch!
    Dataset environment version: 1.4.1
    Installed environment version: 1.5.2
)
  [chunk 400-450] cumul 432/450 = 96.0%

============= Initialized Observation Utils with Obs Spec =============

using obs modality: low_dim with keys: ['object', 'robot0_eef_quat', 'robot0_eef_pos', 'robot0_gripper_qpos']
using obs modality: rgb with keys: []
Created environment with name Lift
Action size is 7
ROBOMIMIC WARNING(
    Dataset and installed environment version mismatch!
    Dataset environment version: 1.4.1
    Installed environment version: 1.5.2
)
  [chunk 450-500] cumul 480/500 = 96.0%
  => N=150 pas=50 : 480/500 = 96.0% [93.9%, 97.4%]  t_succ_med=46.0 (41.0 min)
Loading weights from local directory

##### N=100 pas=2 #####

============= Initialized Observation Utils with Obs Spec =============

using obs modality: low_dim with keys: ['object', 'robot0_eef_quat', 'robot0_eef_pos', 'robot0_gripper_qpos']
using obs modality: rgb with keys: []
Created environment with name Lift
Action size is 7
ROBOMIMIC WARNING(
    Dataset and installed environment version mismatch!
    Dataset environment version: 1.4.1
    Installed environment version: 1.5.2
)
  [chunk 0-50] cumul 4/50 = 8.0%

============= Initialized Observation Utils with Obs Spec =============

using obs modality: low_dim with keys: ['object', 'robot0_eef_quat', 'robot0_eef_pos', 'robot0_gripper_qpos']
using obs modality: rgb with keys: []
Created environment with name Lift
Action size is 7
ROBOMIMIC WARNING(
    Dataset and installed environment version mismatch!
    Dataset environment version: 1.4.1
    Installed environment version: 1.5.2
)
  [chunk 50-100] cumul 4/100 = 4.0%

============= Initialized Observation Utils with Obs Spec =============

using obs modality: low_dim with keys: ['object', 'robot0_eef_quat', 'robot0_eef_pos', 'robot0_gripper_qpos']
using obs modality: rgb with keys: []
Created environment with name Lift
Action size is 7
ROBOMIMIC WARNING(
    Dataset and installed environment version mismatch!
    Dataset environment version: 1.4.1
    Installed environment version: 1.5.2
)
  [chunk 100-150] cumul 10/150 = 6.7%

============= Initialized Observation Utils with Obs Spec =============

using obs modality: low_dim with keys: ['object', 'robot0_eef_quat', 'robot0_eef_pos', 'robot0_gripper_qpos']
using obs modality: rgb with keys: []
Created environment with name Lift
Action size is 7
ROBOMIMIC WARNING(
    Dataset and installed environment version mismatch!
    Dataset environment version: 1.4.1
    Installed environment version: 1.5.2
)
  [chunk 150-200] cumul 13/200 = 6.5%

============= Initialized Observation Utils with Obs Spec =============

using obs modality: low_dim with keys: ['object', 'robot0_eef_quat', 'robot0_eef_pos', 'robot0_gripper_qpos']
using obs modality: rgb with keys: []
Created environment with name Lift
Action size is 7
ROBOMIMIC WARNING(
    Dataset and installed environment version mismatch!
    Dataset environment version: 1.4.1
    Installed environment version: 1.5.2
)
  [chunk 200-250] cumul 17/250 = 6.8%

============= Initialized Observation Utils with Obs Spec =============

using obs modality: low_dim with keys: ['object', 'robot0_eef_quat', 'robot0_eef_pos', 'robot0_gripper_qpos']
using obs modality: rgb with keys: []
Created environment with name Lift
Action size is 7
ROBOMIMIC WARNING(
    Dataset and installed environment version mismatch!
    Dataset environment version: 1.4.1
    Installed environment version: 1.5.2
)
  [chunk 250-300] cumul 18/300 = 6.0%

============= Initialized Observation Utils with Obs Spec =============

using obs modality: low_dim with keys: ['object', 'robot0_eef_quat', 'robot0_eef_pos', 'robot0_gripper_qpos']
using obs modality: rgb with keys: []
Created environment with name Lift
Action size is 7
ROBOMIMIC WARNING(
    Dataset and installed environment version mismatch!
    Dataset environment version: 1.4.1
    Installed environment version: 1.5.2
)
  [chunk 300-350] cumul 22/350 = 6.3%

============= Initialized Observation Utils with Obs Spec =============

using obs modality: low_dim with keys: ['object', 'robot0_eef_quat', 'robot0_eef_pos', 'robot0_gripper_qpos']
using obs modality: rgb with keys: []
Created environment with name Lift
Action size is 7
ROBOMIMIC WARNING(
    Dataset and installed environment version mismatch!
    Dataset environment version: 1.4.1
    Installed environment version: 1.5.2
)
  [chunk 350-400] cumul 25/400 = 6.2%

============= Initialized Observation Utils with Obs Spec =============

using obs modality: low_dim with keys: ['object', 'robot0_eef_quat', 'robot0_eef_pos', 'robot0_gripper_qpos']
using obs modality: rgb with keys: []
Created environment with name Lift
Action size is 7
ROBOMIMIC WARNING(
    Dataset and installed environment version mismatch!
    Dataset environment version: 1.4.1
    Installed environment version: 1.5.2
)
  [chunk 400-450] cumul 29/450 = 6.4%

============= Initialized Observation Utils with Obs Spec =============

using obs modality: low_dim with keys: ['object', 'robot0_eef_quat', 'robot0_eef_pos', 'robot0_gripper_qpos']
using obs modality: rgb with keys: []
Created environment with name Lift
Action size is 7
ROBOMIMIC WARNING(
    Dataset and installed environment version mismatch!
    Dataset environment version: 1.4.1
    Installed environment version: 1.5.2
)
  [chunk 450-500] cumul 32/500 = 6.4%
  => N=100 pas=2 : 32/500 = 6.4% [4.6%, 8.9%]  t_succ_med=62.0 (46.0 min)

##### N=100 pas=10 #####

============= Initialized Observation Utils with Obs Spec =============

using obs modality: low_dim with keys: ['object', 'robot0_eef_quat', 'robot0_eef_pos', 'robot0_gripper_qpos']
using obs modality: rgb with keys: []
Created environment with name Lift
Action size is 7
ROBOMIMIC WARNING(
    Dataset and installed environment version mismatch!
    Dataset environment version: 1.4.1
    Installed environment version: 1.5.2
)
  [chunk 0-50] cumul 50/50 = 100.0%

============= Initialized Observation Utils with Obs Spec =============

using obs modality: low_dim with keys: ['object', 'robot0_eef_quat', 'robot0_eef_pos', 'robot0_gripper_qpos']
using obs modality: rgb with keys: []
Created environment with name Lift
Action size is 7
ROBOMIMIC WARNING(
    Dataset and installed environment version mismatch!
    Dataset environment version: 1.4.1
    Installed environment version: 1.5.2
)
  [chunk 50-100] cumul 96/100 = 96.0%

============= Initialized Observation Utils with Obs Spec =============

using obs modality: low_dim with keys: ['object', 'robot0_eef_quat', 'robot0_eef_pos', 'robot0_gripper_qpos']
using obs modality: rgb with keys: []
Created environment with name Lift
Action size is 7
ROBOMIMIC WARNING(
    Dataset and installed environment version mismatch!
    Dataset environment version: 1.4.1
    Installed environment version: 1.5.2
)
  [chunk 100-150] cumul 143/150 = 95.3%

============= Initialized Observation Utils with Obs Spec =============

using obs modality: low_dim with keys: ['object', 'robot0_eef_quat', 'robot0_eef_pos', 'robot0_gripper_qpos']
using obs modality: rgb with keys: []
Created environment with name Lift
Action size is 7
ROBOMIMIC WARNING(
    Dataset and installed environment version mismatch!
    Dataset environment version: 1.4.1
    Installed environment version: 1.5.2
)
  [chunk 150-200] cumul 192/200 = 96.0%

============= Initialized Observation Utils with Obs Spec =============

using obs modality: low_dim with keys: ['object', 'robot0_eef_quat', 'robot0_eef_pos', 'robot0_gripper_qpos']
using obs modality: rgb with keys: []
Created environment with name Lift
Action size is 7
ROBOMIMIC WARNING(
    Dataset and installed environment version mismatch!
    Dataset environment version: 1.4.1
    Installed environment version: 1.5.2
)
  [chunk 200-250] cumul 240/250 = 96.0%

============= Initialized Observation Utils with Obs Spec =============

using obs modality: low_dim with keys: ['object', 'robot0_eef_quat', 'robot0_eef_pos', 'robot0_gripper_qpos']
using obs modality: rgb with keys: []
Created environment with name Lift
Action size is 7
ROBOMIMIC WARNING(
    Dataset and installed environment version mismatch!
    Dataset environment version: 1.4.1
    Installed environment version: 1.5.2
)
  [chunk 250-300] cumul 288/300 = 96.0%

============= Initialized Observation Utils with Obs Spec =============

using obs modality: low_dim with keys: ['object', 'robot0_eef_quat', 'robot0_eef_pos', 'robot0_gripper_qpos']
using obs modality: rgb with keys: []
Created environment with name Lift
Action size is 7
ROBOMIMIC WARNING(
    Dataset and installed environment version mismatch!
    Dataset environment version: 1.4.1
    Installed environment version: 1.5.2
)
  [chunk 300-350] cumul 337/350 = 96.3%

============= Initialized Observation Utils with Obs Spec =============

using obs modality: low_dim with keys: ['object', 'robot0_eef_quat', 'robot0_eef_pos', 'robot0_gripper_qpos']
using obs modality: rgb with keys: []
Created environment with name Lift
Action size is 7
ROBOMIMIC WARNING(
    Dataset and installed environment version mismatch!
    Dataset environment version: 1.4.1
    Installed environment version: 1.5.2
)
  [chunk 350-400] cumul 386/400 = 96.5%

============= Initialized Observation Utils with Obs Spec =============

using obs modality: low_dim with keys: ['object', 'robot0_eef_quat', 'robot0_eef_pos', 'robot0_gripper_qpos']
using obs modality: rgb with keys: []
Created environment with name Lift
Action size is 7
ROBOMIMIC WARNING(
    Dataset and installed environment version mismatch!
    Dataset environment version: 1.4.1
    Installed environment version: 1.5.2
)
  [chunk 400-450] cumul 434/450 = 96.4%

============= Initialized Observation Utils with Obs Spec =============

using obs modality: low_dim with keys: ['object', 'robot0_eef_quat', 'robot0_eef_pos', 'robot0_gripper_qpos']
using obs modality: rgb with keys: []
Created environment with name Lift
Action size is 7
ROBOMIMIC WARNING(
    Dataset and installed environment version mismatch!
    Dataset environment version: 1.4.1
    Installed environment version: 1.5.2
)
  [chunk 450-500] cumul 481/500 = 96.2%
  => N=100 pas=10 : 481/500 = 96.2% [94.1%, 97.6%]  t_succ_med=50.0 (586.3 min)

##### N=100 pas=20 #####

============= Initialized Observation Utils with Obs Spec =============

using obs modality: low_dim with keys: ['object', 'robot0_eef_quat', 'robot0_eef_pos', 'robot0_gripper_qpos']
using obs modality: rgb with keys: []
Created environment with name Lift
Action size is 7
ROBOMIMIC WARNING(
    Dataset and installed environment version mismatch!
    Dataset environment version: 1.4.1
    Installed environment version: 1.5.2
)
  [chunk 0-50] cumul 48/50 = 96.0%

============= Initialized Observation Utils with Obs Spec =============

using obs modality: low_dim with keys: ['object', 'robot0_eef_quat', 'robot0_eef_pos', 'robot0_gripper_qpos']
using obs modality: rgb with keys: []
Created environment with name Lift
Action size is 7
ROBOMIMIC WARNING(
    Dataset and installed environment version mismatch!
    Dataset environment version: 1.4.1
    Installed environment version: 1.5.2
)
  [chunk 50-100] cumul 97/100 = 97.0%

============= Initialized Observation Utils with Obs Spec =============

using obs modality: low_dim with keys: ['object', 'robot0_eef_quat', 'robot0_eef_pos', 'robot0_gripper_qpos']
using obs modality: rgb with keys: []
Created environment with name Lift
Action size is 7
ROBOMIMIC WARNING(
    Dataset and installed environment version mismatch!
    Dataset environment version: 1.4.1
    Installed environment version: 1.5.2
)
  [chunk 100-150] cumul 144/150 = 96.0%

============= Initialized Observation Utils with Obs Spec =============

using obs modality: low_dim with keys: ['object', 'robot0_eef_quat', 'robot0_eef_pos', 'robot0_gripper_qpos']
using obs modality: rgb with keys: []
Created environment with name Lift
Action size is 7
ROBOMIMIC WARNING(
    Dataset and installed environment version mismatch!
    Dataset environment version: 1.4.1
    Installed environment version: 1.5.2
)
  [chunk 150-200] cumul 193/200 = 96.5%

============= Initialized Observation Utils with Obs Spec =============

using obs modality: low_dim with keys: ['object', 'robot0_eef_quat', 'robot0_eef_pos', 'robot0_gripper_qpos']
using obs modality: rgb with keys: []
Created environment with name Lift
Action size is 7
ROBOMIMIC WARNING(
    Dataset and installed environment version mismatch!
    Dataset environment version: 1.4.1
    Installed environment version: 1.5.2
)
  [chunk 200-250] cumul 243/250 = 97.2%

============= Initialized Observation Utils with Obs Spec =============

using obs modality: low_dim with keys: ['object', 'robot0_eef_quat', 'robot0_eef_pos', 'robot0_gripper_qpos']
using obs modality: rgb with keys: []
Created environment with name Lift
Action size is 7
ROBOMIMIC WARNING(
    Dataset and installed environment version mismatch!
    Dataset environment version: 1.4.1
    Installed environment version: 1.5.2
)
  [chunk 250-300] cumul 291/300 = 97.0%

============= Initialized Observation Utils with Obs Spec =============

using obs modality: low_dim with keys: ['object', 'robot0_eef_quat', 'robot0_eef_pos', 'robot0_gripper_qpos']
using obs modality: rgb with keys: []
Created environment with name Lift
Action size is 7
ROBOMIMIC WARNING(
    Dataset and installed environment version mismatch!
    Dataset environment version: 1.4.1
    Installed environment version: 1.5.2
)
  [chunk 300-350] cumul 337/350 = 96.3%

============= Initialized Observation Utils with Obs Spec =============

using obs modality: low_dim with keys: ['object', 'robot0_eef_quat', 'robot0_eef_pos', 'robot0_gripper_qpos']
using obs modality: rgb with keys: []
Created environment with name Lift
Action size is 7
ROBOMIMIC WARNING(
    Dataset and installed environment version mismatch!
    Dataset environment version: 1.4.1
    Installed environment version: 1.5.2
)
  [chunk 350-400] cumul 386/400 = 96.5%

============= Initialized Observation Utils with Obs Spec =============

using obs modality: low_dim with keys: ['object', 'robot0_eef_quat', 'robot0_eef_pos', 'robot0_gripper_qpos']
using obs modality: rgb with keys: []
Created environment with name Lift
Action size is 7
ROBOMIMIC WARNING(
    Dataset and installed environment version mismatch!
    Dataset environment version: 1.4.1
    Installed environment version: 1.5.2
)
  [chunk 400-450] cumul 434/450 = 96.4%

============= Initialized Observation Utils with Obs Spec =============

using obs modality: low_dim with keys: ['object', 'robot0_eef_quat', 'robot0_eef_pos', 'robot0_gripper_qpos']
using obs modality: rgb with keys: []
Created environment with name Lift
Action size is 7
ROBOMIMIC WARNING(
    Dataset and installed environment version mismatch!
    Dataset environment version: 1.4.1
    Installed environment version: 1.5.2
)
  [chunk 450-500] cumul 484/500 = 96.8%
  => N=100 pas=20 : 484/500 = 96.8% [94.9%, 98.0%]  t_succ_med=49.0 (24.6 min)

##### N=100 pas=50 #####

============= Initialized Observation Utils with Obs Spec =============

using obs modality: low_dim with keys: ['object', 'robot0_eef_quat', 'robot0_eef_pos', 'robot0_gripper_qpos']
using obs modality: rgb with keys: []
Created environment with name Lift
Action size is 7
ROBOMIMIC WARNING(
    Dataset and installed environment version mismatch!
    Dataset environment version: 1.4.1
    Installed environment version: 1.5.2
)
  [chunk 0-50] cumul 47/50 = 94.0%

============= Initialized Observation Utils with Obs Spec =============

using obs modality: low_dim with keys: ['object', 'robot0_eef_quat', 'robot0_eef_pos', 'robot0_gripper_qpos']
using obs modality: rgb with keys: []
Created environment with name Lift
Action size is 7
ROBOMIMIC WARNING(
    Dataset and installed environment version mismatch!
    Dataset environment version: 1.4.1
    Installed environment version: 1.5.2
)
  [chunk 50-100] cumul 94/100 = 94.0%

============= Initialized Observation Utils with Obs Spec =============

using obs modality: low_dim with keys: ['object', 'robot0_eef_quat', 'robot0_eef_pos', 'robot0_gripper_qpos']
using obs modality: rgb with keys: []
Created environment with name Lift
Action size is 7
ROBOMIMIC WARNING(
    Dataset and installed environment version mismatch!
    Dataset environment version: 1.4.1
    Installed environment version: 1.5.2
)
  [chunk 100-150] cumul 140/150 = 93.3%

============= Initialized Observation Utils with Obs Spec =============

using obs modality: low_dim with keys: ['object', 'robot0_eef_quat', 'robot0_eef_pos', 'robot0_gripper_qpos']
using obs modality: rgb with keys: []
Created environment with name Lift
Action size is 7
ROBOMIMIC WARNING(
    Dataset and installed environment version mismatch!
    Dataset environment version: 1.4.1
    Installed environment version: 1.5.2
)
  [chunk 150-200] cumul 189/200 = 94.5%

============= Initialized Observation Utils with Obs Spec =============

using obs modality: low_dim with keys: ['object', 'robot0_eef_quat', 'robot0_eef_pos', 'robot0_gripper_qpos']
using obs modality: rgb with keys: []
Created environment with name Lift
Action size is 7
ROBOMIMIC WARNING(
    Dataset and installed environment version mismatch!
    Dataset environment version: 1.4.1
    Installed environment version: 1.5.2
)
  [chunk 200-250] cumul 237/250 = 94.8%

============= Initialized Observation Utils with Obs Spec =============

using obs modality: low_dim with keys: ['object', 'robot0_eef_quat', 'robot0_eef_pos', 'robot0_gripper_qpos']
using obs modality: rgb with keys: []
Created environment with name Lift
Action size is 7
ROBOMIMIC WARNING(
    Dataset and installed environment version mismatch!
    Dataset environment version: 1.4.1
    Installed environment version: 1.5.2
)
  [chunk 250-300] cumul 285/300 = 95.0%

============= Initialized Observation Utils with Obs Spec =============

using obs modality: low_dim with keys: ['object', 'robot0_eef_quat', 'robot0_eef_pos', 'robot0_gripper_qpos']
using obs modality: rgb with keys: []
Created environment with name Lift
Action size is 7
ROBOMIMIC WARNING(
    Dataset and installed environment version mismatch!
    Dataset environment version: 1.4.1
    Installed environment version: 1.5.2
)
  [chunk 300-350] cumul 331/350 = 94.6%

============= Initialized Observation Utils with Obs Spec =============

using obs modality: low_dim with keys: ['object', 'robot0_eef_quat', 'robot0_eef_pos', 'robot0_gripper_qpos']
using obs modality: rgb with keys: []
Created environment with name Lift
Action size is 7
ROBOMIMIC WARNING(
    Dataset and installed environment version mismatch!
    Dataset environment version: 1.4.1
    Installed environment version: 1.5.2
)
  [chunk 350-400] cumul 380/400 = 95.0%

============= Initialized Observation Utils with Obs Spec =============

using obs modality: low_dim with keys: ['object', 'robot0_eef_quat', 'robot0_eef_pos', 'robot0_gripper_qpos']
using obs modality: rgb with keys: []
Created environment with name Lift
Action size is 7
ROBOMIMIC WARNING(
    Dataset and installed environment version mismatch!
    Dataset environment version: 1.4.1
    Installed environment version: 1.5.2
)
  [chunk 400-450] cumul 428/450 = 95.1%

============= Initialized Observation Utils with Obs Spec =============

using obs modality: low_dim with keys: ['object', 'robot0_eef_quat', 'robot0_eef_pos', 'robot0_gripper_qpos']
using obs modality: rgb with keys: []
Created environment with name Lift
Action size is 7
ROBOMIMIC WARNING(
    Dataset and installed environment version mismatch!
    Dataset environment version: 1.4.1
    Installed environment version: 1.5.2
)
  [chunk 450-500] cumul 478/500 = 95.6%
  => N=100 pas=50 : 478/500 = 95.6% [93.4%, 97.1%]  t_succ_med=49.5 (46.1 min)
Loading weights from local directory

##### N=50 pas=2 #####

============= Initialized Observation Utils with Obs Spec =============

using obs modality: low_dim with keys: ['object', 'robot0_eef_quat', 'robot0_eef_pos', 'robot0_gripper_qpos']
using obs modality: rgb with keys: []
Created environment with name Lift
Action size is 7
ROBOMIMIC WARNING(
    Dataset and installed environment version mismatch!
    Dataset environment version: 1.4.1
    Installed environment version: 1.5.2
)
  [chunk 0-50] cumul 5/50 = 10.0%

============= Initialized Observation Utils with Obs Spec =============

using obs modality: low_dim with keys: ['object', 'robot0_eef_quat', 'robot0_eef_pos', 'robot0_gripper_qpos']
using obs modality: rgb with keys: []
Created environment with name Lift
Action size is 7
ROBOMIMIC WARNING(
    Dataset and installed environment version mismatch!
    Dataset environment version: 1.4.1
    Installed environment version: 1.5.2
)
  [chunk 50-100] cumul 14/100 = 14.0%

============= Initialized Observation Utils with Obs Spec =============

using obs modality: low_dim with keys: ['object', 'robot0_eef_quat', 'robot0_eef_pos', 'robot0_gripper_qpos']
using obs modality: rgb with keys: []
Created environment with name Lift
Action size is 7
ROBOMIMIC WARNING(
    Dataset and installed environment version mismatch!
    Dataset environment version: 1.4.1
    Installed environment version: 1.5.2
)
  [chunk 100-150] cumul 19/150 = 12.7%

============= Initialized Observation Utils with Obs Spec =============

using obs modality: low_dim with keys: ['object', 'robot0_eef_quat', 'robot0_eef_pos', 'robot0_gripper_qpos']
using obs modality: rgb with keys: []
Created environment with name Lift
Action size is 7
ROBOMIMIC WARNING(
    Dataset and installed environment version mismatch!
    Dataset environment version: 1.4.1
    Installed environment version: 1.5.2
)
  [chunk 150-200] cumul 22/200 = 11.0%

============= Initialized Observation Utils with Obs Spec =============

using obs modality: low_dim with keys: ['object', 'robot0_eef_quat', 'robot0_eef_pos', 'robot0_gripper_qpos']
using obs modality: rgb with keys: []
Created environment with name Lift
Action size is 7
ROBOMIMIC WARNING(
    Dataset and installed environment version mismatch!
    Dataset environment version: 1.4.1
    Installed environment version: 1.5.2
)
  [chunk 200-250] cumul 25/250 = 10.0%

============= Initialized Observation Utils with Obs Spec =============

using obs modality: low_dim with keys: ['object', 'robot0_eef_quat', 'robot0_eef_pos', 'robot0_gripper_qpos']
using obs modality: rgb with keys: []
Created environment with name Lift
Action size is 7
ROBOMIMIC WARNING(
    Dataset and installed environment version mismatch!
    Dataset environment version: 1.4.1
    Installed environment version: 1.5.2
)
  [chunk 250-300] cumul 28/300 = 9.3%

============= Initialized Observation Utils with Obs Spec =============

using obs modality: low_dim with keys: ['object', 'robot0_eef_quat', 'robot0_eef_pos', 'robot0_gripper_qpos']
using obs modality: rgb with keys: []
Created environment with name Lift
Action size is 7
ROBOMIMIC WARNING(
    Dataset and installed environment version mismatch!
    Dataset environment version: 1.4.1
    Installed environment version: 1.5.2
)
  [chunk 300-350] cumul 33/350 = 9.4%

============= Initialized Observation Utils with Obs Spec =============

using obs modality: low_dim with keys: ['object', 'robot0_eef_quat', 'robot0_eef_pos', 'robot0_gripper_qpos']
using obs modality: rgb with keys: []
Created environment with name Lift
Action size is 7
ROBOMIMIC WARNING(
    Dataset and installed environment version mismatch!
    Dataset environment version: 1.4.1
    Installed environment version: 1.5.2
)
  [chunk 350-400] cumul 36/400 = 9.0%

============= Initialized Observation Utils with Obs Spec =============

using obs modality: low_dim with keys: ['object', 'robot0_eef_quat', 'robot0_eef_pos', 'robot0_gripper_qpos']
using obs modality: rgb with keys: []
Created environment with name Lift
Action size is 7
ROBOMIMIC WARNING(
    Dataset and installed environment version mismatch!
    Dataset environment version: 1.4.1
    Installed environment version: 1.5.2
)
  [chunk 400-450] cumul 37/450 = 8.2%

============= Initialized Observation Utils with Obs Spec =============

using obs modality: low_dim with keys: ['object', 'robot0_eef_quat', 'robot0_eef_pos', 'robot0_gripper_qpos']
using obs modality: rgb with keys: []
Created environment with name Lift
Action size is 7
ROBOMIMIC WARNING(
    Dataset and installed environment version mismatch!
    Dataset environment version: 1.4.1
    Installed environment version: 1.5.2
)
  [chunk 450-500] cumul 40/500 = 8.0%
  => N=50 pas=2 : 40/500 = 8.0% [5.9%, 10.7%]  t_succ_med=77.0 (29.8 min)

##### N=50 pas=10 #####

============= Initialized Observation Utils with Obs Spec =============

using obs modality: low_dim with keys: ['object', 'robot0_eef_quat', 'robot0_eef_pos', 'robot0_gripper_qpos']
using obs modality: rgb with keys: []
Created environment with name Lift
Action size is 7
ROBOMIMIC WARNING(
    Dataset and installed environment version mismatch!
    Dataset environment version: 1.4.1
    Installed environment version: 1.5.2
)
  [chunk 0-50] cumul 48/50 = 96.0%

============= Initialized Observation Utils with Obs Spec =============

using obs modality: low_dim with keys: ['object', 'robot0_eef_quat', 'robot0_eef_pos', 'robot0_gripper_qpos']
using obs modality: rgb with keys: []
Created environment with name Lift
Action size is 7
ROBOMIMIC WARNING(
    Dataset and installed environment version mismatch!
    Dataset environment version: 1.4.1
    Installed environment version: 1.5.2
)
  [chunk 50-100] cumul 98/100 = 98.0%

============= Initialized Observation Utils with Obs Spec =============

using obs modality: low_dim with keys: ['object', 'robot0_eef_quat', 'robot0_eef_pos', 'robot0_gripper_qpos']
using obs modality: rgb with keys: []
Created environment with name Lift
Action size is 7
ROBOMIMIC WARNING(
    Dataset and installed environment version mismatch!
    Dataset environment version: 1.4.1
    Installed environment version: 1.5.2
)
  [chunk 100-150] cumul 148/150 = 98.7%

============= Initialized Observation Utils with Obs Spec =============

using obs modality: low_dim with keys: ['object', 'robot0_eef_quat', 'robot0_eef_pos', 'robot0_gripper_qpos']
using obs modality: rgb with keys: []
Created environment with name Lift
Action size is 7
ROBOMIMIC WARNING(
    Dataset and installed environment version mismatch!
    Dataset environment version: 1.4.1
    Installed environment version: 1.5.2
)
  [chunk 150-200] cumul 198/200 = 99.0%

============= Initialized Observation Utils with Obs Spec =============

using obs modality: low_dim with keys: ['object', 'robot0_eef_quat', 'robot0_eef_pos', 'robot0_gripper_qpos']
using obs modality: rgb with keys: []
Created environment with name Lift
Action size is 7
ROBOMIMIC WARNING(
    Dataset and installed environment version mismatch!
    Dataset environment version: 1.4.1
    Installed environment version: 1.5.2
)
  [chunk 200-250] cumul 246/250 = 98.4%

============= Initialized Observation Utils with Obs Spec =============

using obs modality: low_dim with keys: ['object', 'robot0_eef_quat', 'robot0_eef_pos', 'robot0_gripper_qpos']
using obs modality: rgb with keys: []
Created environment with name Lift
Action size is 7
ROBOMIMIC WARNING(
    Dataset and installed environment version mismatch!
    Dataset environment version: 1.4.1
    Installed environment version: 1.5.2
)
  [chunk 250-300] cumul 296/300 = 98.7%

============= Initialized Observation Utils with Obs Spec =============

using obs modality: low_dim with keys: ['object', 'robot0_eef_quat', 'robot0_eef_pos', 'robot0_gripper_qpos']
using obs modality: rgb with keys: []
Created environment with name Lift
Action size is 7
ROBOMIMIC WARNING(
    Dataset and installed environment version mismatch!
    Dataset environment version: 1.4.1
    Installed environment version: 1.5.2
)
  [chunk 300-350] cumul 344/350 = 98.3%

============= Initialized Observation Utils with Obs Spec =============

using obs modality: low_dim with keys: ['object', 'robot0_eef_quat', 'robot0_eef_pos', 'robot0_gripper_qpos']
using obs modality: rgb with keys: []
Created environment with name Lift
Action size is 7
ROBOMIMIC WARNING(
    Dataset and installed environment version mismatch!
    Dataset environment version: 1.4.1
    Installed environment version: 1.5.2
)
  [chunk 350-400] cumul 394/400 = 98.5%

============= Initialized Observation Utils with Obs Spec =============

using obs modality: low_dim with keys: ['object', 'robot0_eef_quat', 'robot0_eef_pos', 'robot0_gripper_qpos']
using obs modality: rgb with keys: []
Created environment with name Lift
Action size is 7
ROBOMIMIC WARNING(
    Dataset and installed environment version mismatch!
    Dataset environment version: 1.4.1
    Installed environment version: 1.5.2
)
  [chunk 400-450] cumul 444/450 = 98.7%

============= Initialized Observation Utils with Obs Spec =============

using obs modality: low_dim with keys: ['object', 'robot0_eef_quat', 'robot0_eef_pos', 'robot0_gripper_qpos']
using obs modality: rgb with keys: []
Created environment with name Lift
Action size is 7
ROBOMIMIC WARNING(
    Dataset and installed environment version mismatch!
    Dataset environment version: 1.4.1
    Installed environment version: 1.5.2
)
  [chunk 450-500] cumul 494/500 = 98.8%
  => N=50 pas=10 : 494/500 = 98.8% [97.4%, 99.4%]  t_succ_med=55.0 (16.4 min)

##### N=50 pas=20 #####

============= Initialized Observation Utils with Obs Spec =============

using obs modality: low_dim with keys: ['object', 'robot0_eef_quat', 'robot0_eef_pos', 'robot0_gripper_qpos']
using obs modality: rgb with keys: []
Created environment with name Lift
Action size is 7
ROBOMIMIC WARNING(
    Dataset and installed environment version mismatch!
    Dataset environment version: 1.4.1
    Installed environment version: 1.5.2
)
  [chunk 0-50] cumul 49/50 = 98.0%

============= Initialized Observation Utils with Obs Spec =============

using obs modality: low_dim with keys: ['object', 'robot0_eef_quat', 'robot0_eef_pos', 'robot0_gripper_qpos']
using obs modality: rgb with keys: []
Created environment with name Lift
Action size is 7
ROBOMIMIC WARNING(
    Dataset and installed environment version mismatch!
    Dataset environment version: 1.4.1
    Installed environment version: 1.5.2
)
  [chunk 50-100] cumul 99/100 = 99.0%

============= Initialized Observation Utils with Obs Spec =============

using obs modality: low_dim with keys: ['object', 'robot0_eef_quat', 'robot0_eef_pos', 'robot0_gripper_qpos']
using obs modality: rgb with keys: []
Created environment with name Lift
Action size is 7
ROBOMIMIC WARNING(
    Dataset and installed environment version mismatch!
    Dataset environment version: 1.4.1
    Installed environment version: 1.5.2
)
  [chunk 100-150] cumul 148/150 = 98.7%

============= Initialized Observation Utils with Obs Spec =============

using obs modality: low_dim with keys: ['object', 'robot0_eef_quat', 'robot0_eef_pos', 'robot0_gripper_qpos']
using obs modality: rgb with keys: []
Created environment with name Lift
Action size is 7
ROBOMIMIC WARNING(
    Dataset and installed environment version mismatch!
    Dataset environment version: 1.4.1
    Installed environment version: 1.5.2
)
  [chunk 150-200] cumul 198/200 = 99.0%

============= Initialized Observation Utils with Obs Spec =============

using obs modality: low_dim with keys: ['object', 'robot0_eef_quat', 'robot0_eef_pos', 'robot0_gripper_qpos']
using obs modality: rgb with keys: []
Created environment with name Lift
Action size is 7
ROBOMIMIC WARNING(
    Dataset and installed environment version mismatch!
    Dataset environment version: 1.4.1
    Installed environment version: 1.5.2
)
  [chunk 200-250] cumul 248/250 = 99.2%

============= Initialized Observation Utils with Obs Spec =============

using obs modality: low_dim with keys: ['object', 'robot0_eef_quat', 'robot0_eef_pos', 'robot0_gripper_qpos']
using obs modality: rgb with keys: []
Created environment with name Lift
Action size is 7
ROBOMIMIC WARNING(
    Dataset and installed environment version mismatch!
    Dataset environment version: 1.4.1
    Installed environment version: 1.5.2
)
  [chunk 250-300] cumul 298/300 = 99.3%

============= Initialized Observation Utils with Obs Spec =============

using obs modality: low_dim with keys: ['object', 'robot0_eef_quat', 'robot0_eef_pos', 'robot0_gripper_qpos']
using obs modality: rgb with keys: []
Created environment with name Lift
Action size is 7
ROBOMIMIC WARNING(
    Dataset and installed environment version mismatch!
    Dataset environment version: 1.4.1
    Installed environment version: 1.5.2
)
  [chunk 300-350] cumul 348/350 = 99.4%

============= Initialized Observation Utils with Obs Spec =============

using obs modality: low_dim with keys: ['object', 'robot0_eef_quat', 'robot0_eef_pos', 'robot0_gripper_qpos']
using obs modality: rgb with keys: []
Created environment with name Lift
Action size is 7
ROBOMIMIC WARNING(
    Dataset and installed environment version mismatch!
    Dataset environment version: 1.4.1
    Installed environment version: 1.5.2
)
  [chunk 350-400] cumul 398/400 = 99.5%

============= Initialized Observation Utils with Obs Spec =============

using obs modality: low_dim with keys: ['object', 'robot0_eef_quat', 'robot0_eef_pos', 'robot0_gripper_qpos']
using obs modality: rgb with keys: []
Created environment with name Lift
Action size is 7
ROBOMIMIC WARNING(
    Dataset and installed environment version mismatch!
    Dataset environment version: 1.4.1
    Installed environment version: 1.5.2
)
  [chunk 400-450] cumul 448/450 = 99.6%

============= Initialized Observation Utils with Obs Spec =============

using obs modality: low_dim with keys: ['object', 'robot0_eef_quat', 'robot0_eef_pos', 'robot0_gripper_qpos']
using obs modality: rgb with keys: []
Created environment with name Lift
Action size is 7
ROBOMIMIC WARNING(
    Dataset and installed environment version mismatch!
    Dataset environment version: 1.4.1
    Installed environment version: 1.5.2
)
  [chunk 450-500] cumul 497/500 = 99.4%
  => N=50 pas=20 : 497/500 = 99.4% [98.3%, 99.8%]  t_succ_med=55.0 (23.3 min)

##### N=50 pas=50 #####

============= Initialized Observation Utils with Obs Spec =============

using obs modality: low_dim with keys: ['object', 'robot0_eef_quat', 'robot0_eef_pos', 'robot0_gripper_qpos']
using obs modality: rgb with keys: []
Created environment with name Lift
Action size is 7
ROBOMIMIC WARNING(
    Dataset and installed environment version mismatch!
    Dataset environment version: 1.4.1
    Installed environment version: 1.5.2
)
  [chunk 0-50] cumul 50/50 = 100.0%

============= Initialized Observation Utils with Obs Spec =============

using obs modality: low_dim with keys: ['object', 'robot0_eef_quat', 'robot0_eef_pos', 'robot0_gripper_qpos']
using obs modality: rgb with keys: []
Created environment with name Lift
Action size is 7
ROBOMIMIC WARNING(
    Dataset and installed environment version mismatch!
    Dataset environment version: 1.4.1
    Installed environment version: 1.5.2
)
  [chunk 50-100] cumul 100/100 = 100.0%

============= Initialized Observation Utils with Obs Spec =============

using obs modality: low_dim with keys: ['object', 'robot0_eef_quat', 'robot0_eef_pos', 'robot0_gripper_qpos']
using obs modality: rgb with keys: []
Created environment with name Lift
Action size is 7
ROBOMIMIC WARNING(
    Dataset and installed environment version mismatch!
    Dataset environment version: 1.4.1
    Installed environment version: 1.5.2
)
  [chunk 100-150] cumul 149/150 = 99.3%

============= Initialized Observation Utils with Obs Spec =============

using obs modality: low_dim with keys: ['object', 'robot0_eef_quat', 'robot0_eef_pos', 'robot0_gripper_qpos']
using obs modality: rgb with keys: []
Created environment with name Lift
Action size is 7
ROBOMIMIC WARNING(
    Dataset and installed environment version mismatch!
    Dataset environment version: 1.4.1
    Installed environment version: 1.5.2
)
  [chunk 150-200] cumul 197/200 = 98.5%

============= Initialized Observation Utils with Obs Spec =============

using obs modality: low_dim with keys: ['object', 'robot0_eef_quat', 'robot0_eef_pos', 'robot0_gripper_qpos']
using obs modality: rgb with keys: []
Created environment with name Lift
Action size is 7
ROBOMIMIC WARNING(
    Dataset and installed environment version mismatch!
    Dataset environment version: 1.4.1
    Installed environment version: 1.5.2
)
  [chunk 200-250] cumul 246/250 = 98.4%

============= Initialized Observation Utils with Obs Spec =============

using obs modality: low_dim with keys: ['object', 'robot0_eef_quat', 'robot0_eef_pos', 'robot0_gripper_qpos']
using obs modality: rgb with keys: []
Created environment with name Lift
Action size is 7
ROBOMIMIC WARNING(
    Dataset and installed environment version mismatch!
    Dataset environment version: 1.4.1
    Installed environment version: 1.5.2
)
  [chunk 250-300] cumul 294/300 = 98.0%

============= Initialized Observation Utils with Obs Spec =============

using obs modality: low_dim with keys: ['object', 'robot0_eef_quat', 'robot0_eef_pos', 'robot0_gripper_qpos']
using obs modality: rgb with keys: []
Created environment with name Lift
Action size is 7
ROBOMIMIC WARNING(
    Dataset and installed environment version mismatch!
    Dataset environment version: 1.4.1
    Installed environment version: 1.5.2
)
  [chunk 300-350] cumul 344/350 = 98.3%

============= Initialized Observation Utils with Obs Spec =============

using obs modality: low_dim with keys: ['object', 'robot0_eef_quat', 'robot0_eef_pos', 'robot0_gripper_qpos']
using obs modality: rgb with keys: []
Created environment with name Lift
Action size is 7
ROBOMIMIC WARNING(
    Dataset and installed environment version mismatch!
    Dataset environment version: 1.4.1
    Installed environment version: 1.5.2
)
  [chunk 350-400] cumul 392/400 = 98.0%

============= Initialized Observation Utils with Obs Spec =============

using obs modality: low_dim with keys: ['object', 'robot0_eef_quat', 'robot0_eef_pos', 'robot0_gripper_qpos']
using obs modality: rgb with keys: []
Created environment with name Lift
Action size is 7
ROBOMIMIC WARNING(
    Dataset and installed environment version mismatch!
    Dataset environment version: 1.4.1
    Installed environment version: 1.5.2
)
  [chunk 400-450] cumul 441/450 = 98.0%

============= Initialized Observation Utils with Obs Spec =============

using obs modality: low_dim with keys: ['object', 'robot0_eef_quat', 'robot0_eef_pos', 'robot0_gripper_qpos']
using obs modality: rgb with keys: []
Created environment with name Lift
Action size is 7
ROBOMIMIC WARNING(
    Dataset and installed environment version mismatch!
    Dataset environment version: 1.4.1
    Installed environment version: 1.5.2
)
  [chunk 450-500] cumul 491/500 = 98.2%
  => N=50 pas=50 : 491/500 = 98.2% [96.6%, 99.1%]  t_succ_med=55.0 (47.5 min)
Loading weights from local directory

##### N=20 pas=2 #####

============= Initialized Observation Utils with Obs Spec =============

using obs modality: low_dim with keys: ['object', 'robot0_eef_quat', 'robot0_eef_pos', 'robot0_gripper_qpos']
using obs modality: rgb with keys: []
Created environment with name Lift
Action size is 7
ROBOMIMIC WARNING(
    Dataset and installed environment version mismatch!
    Dataset environment version: 1.4.1
    Installed environment version: 1.5.2
)
  [chunk 0-50] cumul 2/50 = 4.0%

============= Initialized Observation Utils with Obs Spec =============

using obs modality: low_dim with keys: ['object', 'robot0_eef_quat', 'robot0_eef_pos', 'robot0_gripper_qpos']
using obs modality: rgb with keys: []
Created environment with name Lift
Action size is 7
ROBOMIMIC WARNING(
    Dataset and installed environment version mismatch!
    Dataset environment version: 1.4.1
    Installed environment version: 1.5.2
)
  [chunk 50-100] cumul 6/100 = 6.0%

============= Initialized Observation Utils with Obs Spec =============

using obs modality: low_dim with keys: ['object', 'robot0_eef_quat', 'robot0_eef_pos', 'robot0_gripper_qpos']
using obs modality: rgb with keys: []
Created environment with name Lift
Action size is 7
ROBOMIMIC WARNING(
    Dataset and installed environment version mismatch!
    Dataset environment version: 1.4.1
    Installed environment version: 1.5.2
)
  [chunk 100-150] cumul 10/150 = 6.7%

============= Initialized Observation Utils with Obs Spec =============

using obs modality: low_dim with keys: ['object', 'robot0_eef_quat', 'robot0_eef_pos', 'robot0_gripper_qpos']
using obs modality: rgb with keys: []
Created environment with name Lift
Action size is 7
ROBOMIMIC WARNING(
    Dataset and installed environment version mismatch!
    Dataset environment version: 1.4.1
    Installed environment version: 1.5.2
)
  [chunk 150-200] cumul 12/200 = 6.0%

============= Initialized Observation Utils with Obs Spec =============

using obs modality: low_dim with keys: ['object', 'robot0_eef_quat', 'robot0_eef_pos', 'robot0_gripper_qpos']
using obs modality: rgb with keys: []
Created environment with name Lift
Action size is 7
ROBOMIMIC WARNING(
    Dataset and installed environment version mismatch!
    Dataset environment version: 1.4.1
    Installed environment version: 1.5.2
)
  [chunk 200-250] cumul 17/250 = 6.8%

============= Initialized Observation Utils with Obs Spec =============

using obs modality: low_dim with keys: ['object', 'robot0_eef_quat', 'robot0_eef_pos', 'robot0_gripper_qpos']
using obs modality: rgb with keys: []
Created environment with name Lift
Action size is 7
ROBOMIMIC WARNING(
    Dataset and installed environment version mismatch!
    Dataset environment version: 1.4.1
    Installed environment version: 1.5.2
)
  [chunk 250-300] cumul 21/300 = 7.0%

============= Initialized Observation Utils with Obs Spec =============

using obs modality: low_dim with keys: ['object', 'robot0_eef_quat', 'robot0_eef_pos', 'robot0_gripper_qpos']
using obs modality: rgb with keys: []
Created environment with name Lift
Action size is 7
ROBOMIMIC WARNING(
    Dataset and installed environment version mismatch!
    Dataset environment version: 1.4.1
    Installed environment version: 1.5.2
)
  [chunk 300-350] cumul 23/350 = 6.6%

============= Initialized Observation Utils with Obs Spec =============

using obs modality: low_dim with keys: ['object', 'robot0_eef_quat', 'robot0_eef_pos', 'robot0_gripper_qpos']
using obs modality: rgb with keys: []
Created environment with name Lift
Action size is 7
ROBOMIMIC WARNING(
    Dataset and installed environment version mismatch!
    Dataset environment version: 1.4.1
    Installed environment version: 1.5.2
)
  [chunk 350-400] cumul 25/400 = 6.2%

============= Initialized Observation Utils with Obs Spec =============

using obs modality: low_dim with keys: ['object', 'robot0_eef_quat', 'robot0_eef_pos', 'robot0_gripper_qpos']
using obs modality: rgb with keys: []
Created environment with name Lift
Action size is 7
ROBOMIMIC WARNING(
    Dataset and installed environment version mismatch!
    Dataset environment version: 1.4.1
    Installed environment version: 1.5.2
)
  [chunk 400-450] cumul 26/450 = 5.8%

============= Initialized Observation Utils with Obs Spec =============

using obs modality: low_dim with keys: ['object', 'robot0_eef_quat', 'robot0_eef_pos', 'robot0_gripper_qpos']
using obs modality: rgb with keys: []
Created environment with name Lift
Action size is 7
ROBOMIMIC WARNING(
    Dataset and installed environment version mismatch!
    Dataset environment version: 1.4.1
    Installed environment version: 1.5.2
)
  [chunk 450-500] cumul 29/500 = 5.8%
  => N=20 pas=2 : 29/500 = 5.8% [4.1%, 8.2%]  t_succ_med=94.0 (30.3 min)

##### N=20 pas=10 #####

============= Initialized Observation Utils with Obs Spec =============

using obs modality: low_dim with keys: ['object', 'robot0_eef_quat', 'robot0_eef_pos', 'robot0_gripper_qpos']
using obs modality: rgb with keys: []
Created environment with name Lift
Action size is 7
ROBOMIMIC WARNING(
    Dataset and installed environment version mismatch!
    Dataset environment version: 1.4.1
    Installed environment version: 1.5.2
)
  [chunk 0-50] cumul 50/50 = 100.0%

============= Initialized Observation Utils with Obs Spec =============

using obs modality: low_dim with keys: ['object', 'robot0_eef_quat', 'robot0_eef_pos', 'robot0_gripper_qpos']
using obs modality: rgb with keys: []
Created environment with name Lift
Action size is 7
ROBOMIMIC WARNING(
    Dataset and installed environment version mismatch!
    Dataset environment version: 1.4.1
    Installed environment version: 1.5.2
)
  [chunk 50-100] cumul 99/100 = 99.0%

============= Initialized Observation Utils with Obs Spec =============

using obs modality: low_dim with keys: ['object', 'robot0_eef_quat', 'robot0_eef_pos', 'robot0_gripper_qpos']
using obs modality: rgb with keys: []
Created environment with name Lift
Action size is 7
ROBOMIMIC WARNING(
    Dataset and installed environment version mismatch!
    Dataset environment version: 1.4.1
    Installed environment version: 1.5.2
)
  [chunk 100-150] cumul 147/150 = 98.0%

============= Initialized Observation Utils with Obs Spec =============

using obs modality: low_dim with keys: ['object', 'robot0_eef_quat', 'robot0_eef_pos', 'robot0_gripper_qpos']
using obs modality: rgb with keys: []
Created environment with name Lift
Action size is 7
ROBOMIMIC WARNING(
    Dataset and installed environment version mismatch!
    Dataset environment version: 1.4.1
    Installed environment version: 1.5.2
)
  [chunk 150-200] cumul 196/200 = 98.0%

============= Initialized Observation Utils with Obs Spec =============

using obs modality: low_dim with keys: ['object', 'robot0_eef_quat', 'robot0_eef_pos', 'robot0_gripper_qpos']
using obs modality: rgb with keys: []
Created environment with name Lift
Action size is 7
ROBOMIMIC WARNING(
    Dataset and installed environment version mismatch!
    Dataset environment version: 1.4.1
    Installed environment version: 1.5.2
)
  [chunk 200-250] cumul 245/250 = 98.0%

============= Initialized Observation Utils with Obs Spec =============

using obs modality: low_dim with keys: ['object', 'robot0_eef_quat', 'robot0_eef_pos', 'robot0_gripper_qpos']
using obs modality: rgb with keys: []
Created environment with name Lift
Action size is 7
ROBOMIMIC WARNING(
    Dataset and installed environment version mismatch!
    Dataset environment version: 1.4.1
    Installed environment version: 1.5.2
)
  [chunk 250-300] cumul 295/300 = 98.3%

============= Initialized Observation Utils with Obs Spec =============

using obs modality: low_dim with keys: ['object', 'robot0_eef_quat', 'robot0_eef_pos', 'robot0_gripper_qpos']
using obs modality: rgb with keys: []
Created environment with name Lift
Action size is 7
ROBOMIMIC WARNING(
    Dataset and installed environment version mismatch!
    Dataset environment version: 1.4.1
    Installed environment version: 1.5.2
)
  [chunk 300-350] cumul 345/350 = 98.6%

============= Initialized Observation Utils with Obs Spec =============

using obs modality: low_dim with keys: ['object', 'robot0_eef_quat', 'robot0_eef_pos', 'robot0_gripper_qpos']
using obs modality: rgb with keys: []
Created environment with name Lift
Action size is 7
ROBOMIMIC WARNING(
    Dataset and installed environment version mismatch!
    Dataset environment version: 1.4.1
    Installed environment version: 1.5.2
)
  [chunk 350-400] cumul 395/400 = 98.8%

============= Initialized Observation Utils with Obs Spec =============

using obs modality: low_dim with keys: ['object', 'robot0_eef_quat', 'robot0_eef_pos', 'robot0_gripper_qpos']
using obs modality: rgb with keys: []
Created environment with name Lift
Action size is 7
ROBOMIMIC WARNING(
    Dataset and installed environment version mismatch!
    Dataset environment version: 1.4.1
    Installed environment version: 1.5.2
)
  [chunk 400-450] cumul 444/450 = 98.7%

============= Initialized Observation Utils with Obs Spec =============

using obs modality: low_dim with keys: ['object', 'robot0_eef_quat', 'robot0_eef_pos', 'robot0_gripper_qpos']
using obs modality: rgb with keys: []
Created environment with name Lift
Action size is 7
ROBOMIMIC WARNING(
    Dataset and installed environment version mismatch!
    Dataset environment version: 1.4.1
    Installed environment version: 1.5.2
)
  [chunk 450-500] cumul 494/500 = 98.8%
  => N=20 pas=10 : 494/500 = 98.8% [97.4%, 99.4%]  t_succ_med=55.0 (16.4 min)

##### N=20 pas=20 #####

============= Initialized Observation Utils with Obs Spec =============

using obs modality: low_dim with keys: ['object', 'robot0_eef_quat', 'robot0_eef_pos', 'robot0_gripper_qpos']
using obs modality: rgb with keys: []
Created environment with name Lift
Action size is 7
ROBOMIMIC WARNING(
    Dataset and installed environment version mismatch!
    Dataset environment version: 1.4.1
    Installed environment version: 1.5.2
)
  [chunk 0-50] cumul 50/50 = 100.0%

============= Initialized Observation Utils with Obs Spec =============

using obs modality: low_dim with keys: ['object', 'robot0_eef_quat', 'robot0_eef_pos', 'robot0_gripper_qpos']
using obs modality: rgb with keys: []
Created environment with name Lift
Action size is 7
ROBOMIMIC WARNING(
    Dataset and installed environment version mismatch!
    Dataset environment version: 1.4.1
    Installed environment version: 1.5.2
)
  [chunk 50-100] cumul 100/100 = 100.0%

============= Initialized Observation Utils with Obs Spec =============

using obs modality: low_dim with keys: ['object', 'robot0_eef_quat', 'robot0_eef_pos', 'robot0_gripper_qpos']
using obs modality: rgb with keys: []
Created environment with name Lift
Action size is 7
ROBOMIMIC WARNING(
    Dataset and installed environment version mismatch!
    Dataset environment version: 1.4.1
    Installed environment version: 1.5.2
)
  [chunk 100-150] cumul 150/150 = 100.0%

============= Initialized Observation Utils with Obs Spec =============

using obs modality: low_dim with keys: ['object', 'robot0_eef_quat', 'robot0_eef_pos', 'robot0_gripper_qpos']
using obs modality: rgb with keys: []
Created environment with name Lift
Action size is 7
ROBOMIMIC WARNING(
    Dataset and installed environment version mismatch!
    Dataset environment version: 1.4.1
    Installed environment version: 1.5.2
)
  [chunk 150-200] cumul 199/200 = 99.5%

============= Initialized Observation Utils with Obs Spec =============

using obs modality: low_dim with keys: ['object', 'robot0_eef_quat', 'robot0_eef_pos', 'robot0_gripper_qpos']
using obs modality: rgb with keys: []
Created environment with name Lift
Action size is 7
ROBOMIMIC WARNING(
    Dataset and installed environment version mismatch!
    Dataset environment version: 1.4.1
    Installed environment version: 1.5.2
)
  [chunk 200-250] cumul 248/250 = 99.2%

============= Initialized Observation Utils with Obs Spec =============

using obs modality: low_dim with keys: ['object', 'robot0_eef_quat', 'robot0_eef_pos', 'robot0_gripper_qpos']
using obs modality: rgb with keys: []
Created environment with name Lift
Action size is 7
ROBOMIMIC WARNING(
    Dataset and installed environment version mismatch!
    Dataset environment version: 1.4.1
    Installed environment version: 1.5.2
)
  [chunk 250-300] cumul 296/300 = 98.7%

============= Initialized Observation Utils with Obs Spec =============

using obs modality: low_dim with keys: ['object', 'robot0_eef_quat', 'robot0_eef_pos', 'robot0_gripper_qpos']
using obs modality: rgb with keys: []
Created environment with name Lift
Action size is 7
ROBOMIMIC WARNING(
    Dataset and installed environment version mismatch!
    Dataset environment version: 1.4.1
    Installed environment version: 1.5.2
)
  [chunk 300-350] cumul 346/350 = 98.9%

============= Initialized Observation Utils with Obs Spec =============

using obs modality: low_dim with keys: ['object', 'robot0_eef_quat', 'robot0_eef_pos', 'robot0_gripper_qpos']
using obs modality: rgb with keys: []
Created environment with name Lift
Action size is 7
ROBOMIMIC WARNING(
    Dataset and installed environment version mismatch!
    Dataset environment version: 1.4.1
    Installed environment version: 1.5.2
)
  [chunk 350-400] cumul 396/400 = 99.0%

============= Initialized Observation Utils with Obs Spec =============

using obs modality: low_dim with keys: ['object', 'robot0_eef_quat', 'robot0_eef_pos', 'robot0_gripper_qpos']
using obs modality: rgb with keys: []
Created environment with name Lift
Action size is 7
ROBOMIMIC WARNING(
    Dataset and installed environment version mismatch!
    Dataset environment version: 1.4.1
    Installed environment version: 1.5.2
)
  [chunk 400-450] cumul 445/450 = 98.9%

============= Initialized Observation Utils with Obs Spec =============

using obs modality: low_dim with keys: ['object', 'robot0_eef_quat', 'robot0_eef_pos', 'robot0_gripper_qpos']
using obs modality: rgb with keys: []
Created environment with name Lift
Action size is 7
ROBOMIMIC WARNING(
    Dataset and installed environment version mismatch!
    Dataset environment version: 1.4.1
    Installed environment version: 1.5.2
)
  [chunk 450-500] cumul 495/500 = 99.0%
  => N=20 pas=20 : 495/500 = 99.0% [97.7%, 99.6%]  t_succ_med=54.0 (23.5 min)

##### N=20 pas=50 #####

============= Initialized Observation Utils with Obs Spec =============

using obs modality: low_dim with keys: ['object', 'robot0_eef_quat', 'robot0_eef_pos', 'robot0_gripper_qpos']
using obs modality: rgb with keys: []
Created environment with name Lift
Action size is 7
ROBOMIMIC WARNING(
    Dataset and installed environment version mismatch!
    Dataset environment version: 1.4.1
    Installed environment version: 1.5.2
)
  [chunk 0-50] cumul 50/50 = 100.0%

============= Initialized Observation Utils with Obs Spec =============

using obs modality: low_dim with keys: ['object', 'robot0_eef_quat', 'robot0_eef_pos', 'robot0_gripper_qpos']
using obs modality: rgb with keys: []
Created environment with name Lift
Action size is 7
ROBOMIMIC WARNING(
    Dataset and installed environment version mismatch!
    Dataset environment version: 1.4.1
    Installed environment version: 1.5.2
)
  [chunk 50-100] cumul 99/100 = 99.0%

============= Initialized Observation Utils with Obs Spec =============

using obs modality: low_dim with keys: ['object', 'robot0_eef_quat', 'robot0_eef_pos', 'robot0_gripper_qpos']
using obs modality: rgb with keys: []
Created environment with name Lift
Action size is 7
ROBOMIMIC WARNING(
    Dataset and installed environment version mismatch!
    Dataset environment version: 1.4.1
    Installed environment version: 1.5.2
)
  [chunk 100-150] cumul 148/150 = 98.7%

============= Initialized Observation Utils with Obs Spec =============

using obs modality: low_dim with keys: ['object', 'robot0_eef_quat', 'robot0_eef_pos', 'robot0_gripper_qpos']
using obs modality: rgb with keys: []
Created environment with name Lift
Action size is 7
ROBOMIMIC WARNING(
    Dataset and installed environment version mismatch!
    Dataset environment version: 1.4.1
    Installed environment version: 1.5.2
)
  [chunk 150-200] cumul 197/200 = 98.5%

============= Initialized Observation Utils with Obs Spec =============

using obs modality: low_dim with keys: ['object', 'robot0_eef_quat', 'robot0_eef_pos', 'robot0_gripper_qpos']
using obs modality: rgb with keys: []
Created environment with name Lift
Action size is 7
ROBOMIMIC WARNING(
    Dataset and installed environment version mismatch!
    Dataset environment version: 1.4.1
    Installed environment version: 1.5.2
)
  [chunk 200-250] cumul 247/250 = 98.8%

============= Initialized Observation Utils with Obs Spec =============

using obs modality: low_dim with keys: ['object', 'robot0_eef_quat', 'robot0_eef_pos', 'robot0_gripper_qpos']
using obs modality: rgb with keys: []
Created environment with name Lift
Action size is 7
ROBOMIMIC WARNING(
    Dataset and installed environment version mismatch!
    Dataset environment version: 1.4.1
    Installed environment version: 1.5.2
)
  [chunk 250-300] cumul 297/300 = 99.0%

============= Initialized Observation Utils with Obs Spec =============

using obs modality: low_dim with keys: ['object', 'robot0_eef_quat', 'robot0_eef_pos', 'robot0_gripper_qpos']
using obs modality: rgb with keys: []
Created environment with name Lift
Action size is 7
ROBOMIMIC WARNING(
    Dataset and installed environment version mismatch!
    Dataset environment version: 1.4.1
    Installed environment version: 1.5.2
)
  [chunk 300-350] cumul 347/350 = 99.1%

============= Initialized Observation Utils with Obs Spec =============

using obs modality: low_dim with keys: ['object', 'robot0_eef_quat', 'robot0_eef_pos', 'robot0_gripper_qpos']
using obs modality: rgb with keys: []
Created environment with name Lift
Action size is 7
ROBOMIMIC WARNING(
    Dataset and installed environment version mismatch!
    Dataset environment version: 1.4.1
    Installed environment version: 1.5.2
)
  [chunk 350-400] cumul 397/400 = 99.2%

============= Initialized Observation Utils with Obs Spec =============

using obs modality: low_dim with keys: ['object', 'robot0_eef_quat', 'robot0_eef_pos', 'robot0_gripper_qpos']
using obs modality: rgb with keys: []
Created environment with name Lift
Action size is 7
ROBOMIMIC WARNING(
    Dataset and installed environment version mismatch!
    Dataset environment version: 1.4.1
    Installed environment version: 1.5.2
)
  [chunk 400-450] cumul 447/450 = 99.3%

============= Initialized Observation Utils with Obs Spec =============

using obs modality: low_dim with keys: ['object', 'robot0_eef_quat', 'robot0_eef_pos', 'robot0_gripper_qpos']
using obs modality: rgb with keys: []
Created environment with name Lift
Action size is 7
ROBOMIMIC WARNING(
    Dataset and installed environment version mismatch!
    Dataset environment version: 1.4.1
    Installed environment version: 1.5.2
)
  [chunk 450-500] cumul 495/500 = 99.0%
  => N=20 pas=50 : 495/500 = 99.0% [97.7%, 99.6%]  t_succ_med=55.0 (46.3 min)
Loading weights from local directory

##### N=10 pas=2 #####

============= Initialized Observation Utils with Obs Spec =============

using obs modality: low_dim with keys: ['object', 'robot0_eef_quat', 'robot0_eef_pos', 'robot0_gripper_qpos']
using obs modality: rgb with keys: []
Created environment with name Lift
Action size is 7
ROBOMIMIC WARNING(
    Dataset and installed environment version mismatch!
    Dataset environment version: 1.4.1
    Installed environment version: 1.5.2
)
  [chunk 0-50] cumul 0/50 = 0.0%

============= Initialized Observation Utils with Obs Spec =============

using obs modality: low_dim with keys: ['object', 'robot0_eef_quat', 'robot0_eef_pos', 'robot0_gripper_qpos']
using obs modality: rgb with keys: []
Created environment with name Lift
Action size is 7
ROBOMIMIC WARNING(
    Dataset and installed environment version mismatch!
    Dataset environment version: 1.4.1
    Installed environment version: 1.5.2
)
  [chunk 50-100] cumul 2/100 = 2.0%

============= Initialized Observation Utils with Obs Spec =============

using obs modality: low_dim with keys: ['object', 'robot0_eef_quat', 'robot0_eef_pos', 'robot0_gripper_qpos']
using obs modality: rgb with keys: []
Created environment with name Lift
Action size is 7
ROBOMIMIC WARNING(
    Dataset and installed environment version mismatch!
    Dataset environment version: 1.4.1
    Installed environment version: 1.5.2
)
  [chunk 100-150] cumul 4/150 = 2.7%

============= Initialized Observation Utils with Obs Spec =============

using obs modality: low_dim with keys: ['object', 'robot0_eef_quat', 'robot0_eef_pos', 'robot0_gripper_qpos']
using obs modality: rgb with keys: []
Created environment with name Lift
Action size is 7
ROBOMIMIC WARNING(
    Dataset and installed environment version mismatch!
    Dataset environment version: 1.4.1
    Installed environment version: 1.5.2
)
  [chunk 150-200] cumul 5/200 = 2.5%

============= Initialized Observation Utils with Obs Spec =============

using obs modality: low_dim with keys: ['object', 'robot0_eef_quat', 'robot0_eef_pos', 'robot0_gripper_qpos']
using obs modality: rgb with keys: []
Created environment with name Lift
Action size is 7
ROBOMIMIC WARNING(
    Dataset and installed environment version mismatch!
    Dataset environment version: 1.4.1
    Installed environment version: 1.5.2
)
  [chunk 200-250] cumul 7/250 = 2.8%

============= Initialized Observation Utils with Obs Spec =============

using obs modality: low_dim with keys: ['object', 'robot0_eef_quat', 'robot0_eef_pos', 'robot0_gripper_qpos']
using obs modality: rgb with keys: []
Created environment with name Lift
Action size is 7
ROBOMIMIC WARNING(
    Dataset and installed environment version mismatch!
    Dataset environment version: 1.4.1
    Installed environment version: 1.5.2
)
  [chunk 250-300] cumul 8/300 = 2.7%

============= Initialized Observation Utils with Obs Spec =============

using obs modality: low_dim with keys: ['object', 'robot0_eef_quat', 'robot0_eef_pos', 'robot0_gripper_qpos']
using obs modality: rgb with keys: []
Created environment with name Lift
Action size is 7
ROBOMIMIC WARNING(
    Dataset and installed environment version mismatch!
    Dataset environment version: 1.4.1
    Installed environment version: 1.5.2
)
  [chunk 300-350] cumul 9/350 = 2.6%

============= Initialized Observation Utils with Obs Spec =============

using obs modality: low_dim with keys: ['object', 'robot0_eef_quat', 'robot0_eef_pos', 'robot0_gripper_qpos']
using obs modality: rgb with keys: []
Created environment with name Lift
Action size is 7
ROBOMIMIC WARNING(
    Dataset and installed environment version mismatch!
    Dataset environment version: 1.4.1
    Installed environment version: 1.5.2
)
  [chunk 350-400] cumul 11/400 = 2.8%

============= Initialized Observation Utils with Obs Spec =============

using obs modality: low_dim with keys: ['object', 'robot0_eef_quat', 'robot0_eef_pos', 'robot0_gripper_qpos']
using obs modality: rgb with keys: []
Created environment with name Lift
Action size is 7
ROBOMIMIC WARNING(
    Dataset and installed environment version mismatch!
    Dataset environment version: 1.4.1
    Installed environment version: 1.5.2
)
  [chunk 400-450] cumul 13/450 = 2.9%

============= Initialized Observation Utils with Obs Spec =============

using obs modality: low_dim with keys: ['object', 'robot0_eef_quat', 'robot0_eef_pos', 'robot0_gripper_qpos']
using obs modality: rgb with keys: []
Created environment with name Lift
Action size is 7
ROBOMIMIC WARNING(
    Dataset and installed environment version mismatch!
    Dataset environment version: 1.4.1
    Installed environment version: 1.5.2
)
  [chunk 450-500] cumul 15/500 = 3.0%
  => N=10 pas=2 : 15/500 = 3.0% [1.8%, 4.9%]  t_succ_med=65.0 (30.5 min)

##### N=10 pas=10 #####

============= Initialized Observation Utils with Obs Spec =============

using obs modality: low_dim with keys: ['object', 'robot0_eef_quat', 'robot0_eef_pos', 'robot0_gripper_qpos']
using obs modality: rgb with keys: []
Created environment with name Lift
Action size is 7
ROBOMIMIC WARNING(
    Dataset and installed environment version mismatch!
    Dataset environment version: 1.4.1
    Installed environment version: 1.5.2
)
  [chunk 0-50] cumul 49/50 = 98.0%

============= Initialized Observation Utils with Obs Spec =============

using obs modality: low_dim with keys: ['object', 'robot0_eef_quat', 'robot0_eef_pos', 'robot0_gripper_qpos']
using obs modality: rgb with keys: []
Created environment with name Lift
Action size is 7
ROBOMIMIC WARNING(
    Dataset and installed environment version mismatch!
    Dataset environment version: 1.4.1
    Installed environment version: 1.5.2
)
  [chunk 50-100] cumul 97/100 = 97.0%

============= Initialized Observation Utils with Obs Spec =============

using obs modality: low_dim with keys: ['object', 'robot0_eef_quat', 'robot0_eef_pos', 'robot0_gripper_qpos']
using obs modality: rgb with keys: []
Created environment with name Lift
Action size is 7
ROBOMIMIC WARNING(
    Dataset and installed environment version mismatch!
    Dataset environment version: 1.4.1
    Installed environment version: 1.5.2
)
  [chunk 100-150] cumul 144/150 = 96.0%

============= Initialized Observation Utils with Obs Spec =============

using obs modality: low_dim with keys: ['object', 'robot0_eef_quat', 'robot0_eef_pos', 'robot0_gripper_qpos']
using obs modality: rgb with keys: []
Created environment with name Lift
Action size is 7
ROBOMIMIC WARNING(
    Dataset and installed environment version mismatch!
    Dataset environment version: 1.4.1
    Installed environment version: 1.5.2
)
  [chunk 150-200] cumul 192/200 = 96.0%

============= Initialized Observation Utils with Obs Spec =============

using obs modality: low_dim with keys: ['object', 'robot0_eef_quat', 'robot0_eef_pos', 'robot0_gripper_qpos']
using obs modality: rgb with keys: []
Created environment with name Lift
Action size is 7
ROBOMIMIC WARNING(
    Dataset and installed environment version mismatch!
    Dataset environment version: 1.4.1
    Installed environment version: 1.5.2
)
  [chunk 200-250] cumul 239/250 = 95.6%

============= Initialized Observation Utils with Obs Spec =============

using obs modality: low_dim with keys: ['object', 'robot0_eef_quat', 'robot0_eef_pos', 'robot0_gripper_qpos']
using obs modality: rgb with keys: []
Created environment with name Lift
Action size is 7
ROBOMIMIC WARNING(
    Dataset and installed environment version mismatch!
    Dataset environment version: 1.4.1
    Installed environment version: 1.5.2
)
  [chunk 250-300] cumul 286/300 = 95.3%

============= Initialized Observation Utils with Obs Spec =============

using obs modality: low_dim with keys: ['object', 'robot0_eef_quat', 'robot0_eef_pos', 'robot0_gripper_qpos']
using obs modality: rgb with keys: []
Created environment with name Lift
Action size is 7
ROBOMIMIC WARNING(
    Dataset and installed environment version mismatch!
    Dataset environment version: 1.4.1
    Installed environment version: 1.5.2
)
  [chunk 300-350] cumul 333/350 = 95.1%

============= Initialized Observation Utils with Obs Spec =============

using obs modality: low_dim with keys: ['object', 'robot0_eef_quat', 'robot0_eef_pos', 'robot0_gripper_qpos']
using obs modality: rgb with keys: []
Created environment with name Lift
Action size is 7
ROBOMIMIC WARNING(
    Dataset and installed environment version mismatch!
    Dataset environment version: 1.4.1
    Installed environment version: 1.5.2
)
  [chunk 350-400] cumul 379/400 = 94.8%

============= Initialized Observation Utils with Obs Spec =============

using obs modality: low_dim with keys: ['object', 'robot0_eef_quat', 'robot0_eef_pos', 'robot0_gripper_qpos']
using obs modality: rgb with keys: []
Created environment with name Lift
Action size is 7
ROBOMIMIC WARNING(
    Dataset and installed environment version mismatch!
    Dataset environment version: 1.4.1
    Installed environment version: 1.5.2
)
  [chunk 400-450] cumul 428/450 = 95.1%

============= Initialized Observation Utils with Obs Spec =============

using obs modality: low_dim with keys: ['object', 'robot0_eef_quat', 'robot0_eef_pos', 'robot0_gripper_qpos']
using obs modality: rgb with keys: []
Created environment with name Lift
Action size is 7
ROBOMIMIC WARNING(
    Dataset and installed environment version mismatch!
    Dataset environment version: 1.4.1
    Installed environment version: 1.5.2
)
  [chunk 450-500] cumul 478/500 = 95.6%
  => N=10 pas=10 : 478/500 = 95.6% [93.4%, 97.1%]  t_succ_med=55.0 (18.3 min)

##### N=10 pas=20 #####

============= Initialized Observation Utils with Obs Spec =============

using obs modality: low_dim with keys: ['object', 'robot0_eef_quat', 'robot0_eef_pos', 'robot0_gripper_qpos']
using obs modality: rgb with keys: []
Created environment with name Lift
Action size is 7
ROBOMIMIC WARNING(
    Dataset and installed environment version mismatch!
    Dataset environment version: 1.4.1
    Installed environment version: 1.5.2
)
  [chunk 0-50] cumul 48/50 = 96.0%

============= Initialized Observation Utils with Obs Spec =============

using obs modality: low_dim with keys: ['object', 'robot0_eef_quat', 'robot0_eef_pos', 'robot0_gripper_qpos']
using obs modality: rgb with keys: []
Created environment with name Lift
Action size is 7
ROBOMIMIC WARNING(
    Dataset and installed environment version mismatch!
    Dataset environment version: 1.4.1
    Installed environment version: 1.5.2
)
  [chunk 50-100] cumul 97/100 = 97.0%

============= Initialized Observation Utils with Obs Spec =============

using obs modality: low_dim with keys: ['object', 'robot0_eef_quat', 'robot0_eef_pos', 'robot0_gripper_qpos']
using obs modality: rgb with keys: []
Created environment with name Lift
Action size is 7
ROBOMIMIC WARNING(
    Dataset and installed environment version mismatch!
    Dataset environment version: 1.4.1
    Installed environment version: 1.5.2
)
  [chunk 100-150] cumul 143/150 = 95.3%

============= Initialized Observation Utils with Obs Spec =============

using obs modality: low_dim with keys: ['object', 'robot0_eef_quat', 'robot0_eef_pos', 'robot0_gripper_qpos']
using obs modality: rgb with keys: []
Created environment with name Lift
Action size is 7
ROBOMIMIC WARNING(
    Dataset and installed environment version mismatch!
    Dataset environment version: 1.4.1
    Installed environment version: 1.5.2
)
  [chunk 150-200] cumul 191/200 = 95.5%

============= Initialized Observation Utils with Obs Spec =============

using obs modality: low_dim with keys: ['object', 'robot0_eef_quat', 'robot0_eef_pos', 'robot0_gripper_qpos']
using obs modality: rgb with keys: []
Created environment with name Lift
Action size is 7
ROBOMIMIC WARNING(
    Dataset and installed environment version mismatch!
    Dataset environment version: 1.4.1
    Installed environment version: 1.5.2
)
  [chunk 200-250] cumul 238/250 = 95.2%

============= Initialized Observation Utils with Obs Spec =============

using obs modality: low_dim with keys: ['object', 'robot0_eef_quat', 'robot0_eef_pos', 'robot0_gripper_qpos']
using obs modality: rgb with keys: []
Created environment with name Lift
Action size is 7
ROBOMIMIC WARNING(
    Dataset and installed environment version mismatch!
    Dataset environment version: 1.4.1
    Installed environment version: 1.5.2
)
  [chunk 250-300] cumul 285/300 = 95.0%

============= Initialized Observation Utils with Obs Spec =============

using obs modality: low_dim with keys: ['object', 'robot0_eef_quat', 'robot0_eef_pos', 'robot0_gripper_qpos']
using obs modality: rgb with keys: []
Created environment with name Lift
Action size is 7
ROBOMIMIC WARNING(
    Dataset and installed environment version mismatch!
    Dataset environment version: 1.4.1
    Installed environment version: 1.5.2
)
  [chunk 300-350] cumul 330/350 = 94.3%

============= Initialized Observation Utils with Obs Spec =============

using obs modality: low_dim with keys: ['object', 'robot0_eef_quat', 'robot0_eef_pos', 'robot0_gripper_qpos']
using obs modality: rgb with keys: []
Created environment with name Lift
Action size is 7
ROBOMIMIC WARNING(
    Dataset and installed environment version mismatch!
    Dataset environment version: 1.4.1
    Installed environment version: 1.5.2
)
  [chunk 350-400] cumul 378/400 = 94.5%

============= Initialized Observation Utils with Obs Spec =============

using obs modality: low_dim with keys: ['object', 'robot0_eef_quat', 'robot0_eef_pos', 'robot0_gripper_qpos']
using obs modality: rgb with keys: []
Created environment with name Lift
Action size is 7
ROBOMIMIC WARNING(
    Dataset and installed environment version mismatch!
    Dataset environment version: 1.4.1
    Installed environment version: 1.5.2
)
  [chunk 400-450] cumul 426/450 = 94.7%

============= Initialized Observation Utils with Obs Spec =============

using obs modality: low_dim with keys: ['object', 'robot0_eef_quat', 'robot0_eef_pos', 'robot0_gripper_qpos']
using obs modality: rgb with keys: []
Created environment with name Lift
Action size is 7
ROBOMIMIC WARNING(
    Dataset and installed environment version mismatch!
    Dataset environment version: 1.4.1
    Installed environment version: 1.5.2
)
  [chunk 450-500] cumul 470/500 = 94.0%
  => N=10 pas=20 : 470/500 = 94.0% [91.6%, 95.8%]  t_succ_med=53.0 (115.5 min)

##### N=10 pas=50 #####

============= Initialized Observation Utils with Obs Spec =============

using obs modality: low_dim with keys: ['object', 'robot0_eef_quat', 'robot0_eef_pos', 'robot0_gripper_qpos']
using obs modality: rgb with keys: []
Created environment with name Lift
Action size is 7
ROBOMIMIC WARNING(
    Dataset and installed environment version mismatch!
    Dataset environment version: 1.4.1
    Installed environment version: 1.5.2
)
  [chunk 0-50] cumul 45/50 = 90.0%

============= Initialized Observation Utils with Obs Spec =============

using obs modality: low_dim with keys: ['object', 'robot0_eef_quat', 'robot0_eef_pos', 'robot0_gripper_qpos']
using obs modality: rgb with keys: []
Created environment with name Lift
Action size is 7
ROBOMIMIC WARNING(
    Dataset and installed environment version mismatch!
    Dataset environment version: 1.4.1
    Installed environment version: 1.5.2
)
  [chunk 50-100] cumul 95/100 = 95.0%

============= Initialized Observation Utils with Obs Spec =============

using obs modality: low_dim with keys: ['object', 'robot0_eef_quat', 'robot0_eef_pos', 'robot0_gripper_qpos']
using obs modality: rgb with keys: []
Created environment with name Lift
Action size is 7
ROBOMIMIC WARNING(
    Dataset and installed environment version mismatch!
    Dataset environment version: 1.4.1
    Installed environment version: 1.5.2
)
  [chunk 100-150] cumul 141/150 = 94.0%

============= Initialized Observation Utils with Obs Spec =============

using obs modality: low_dim with keys: ['object', 'robot0_eef_quat', 'robot0_eef_pos', 'robot0_gripper_qpos']
using obs modality: rgb with keys: []
Created environment with name Lift
Action size is 7
ROBOMIMIC WARNING(
    Dataset and installed environment version mismatch!
    Dataset environment version: 1.4.1
    Installed environment version: 1.5.2
)
  [chunk 150-200] cumul 189/200 = 94.5%

============= Initialized Observation Utils with Obs Spec =============

using obs modality: low_dim with keys: ['object', 'robot0_eef_quat', 'robot0_eef_pos', 'robot0_gripper_qpos']
using obs modality: rgb with keys: []
Created environment with name Lift
Action size is 7
ROBOMIMIC WARNING(
    Dataset and installed environment version mismatch!
    Dataset environment version: 1.4.1
    Installed environment version: 1.5.2
)
  [chunk 200-250] cumul 236/250 = 94.4%

============= Initialized Observation Utils with Obs Spec =============

using obs modality: low_dim with keys: ['object', 'robot0_eef_quat', 'robot0_eef_pos', 'robot0_gripper_qpos']
using obs modality: rgb with keys: []
Created environment with name Lift
Action size is 7
ROBOMIMIC WARNING(
    Dataset and installed environment version mismatch!
    Dataset environment version: 1.4.1
    Installed environment version: 1.5.2
)
  [chunk 250-300] cumul 282/300 = 94.0%

============= Initialized Observation Utils with Obs Spec =============

using obs modality: low_dim with keys: ['object', 'robot0_eef_quat', 'robot0_eef_pos', 'robot0_gripper_qpos']
using obs modality: rgb with keys: []
Created environment with name Lift
Action size is 7
ROBOMIMIC WARNING(
    Dataset and installed environment version mismatch!
    Dataset environment version: 1.4.1
    Installed environment version: 1.5.2
)
  [chunk 300-350] cumul 329/350 = 94.0%

============= Initialized Observation Utils with Obs Spec =============

using obs modality: low_dim with keys: ['object', 'robot0_eef_quat', 'robot0_eef_pos', 'robot0_gripper_qpos']
using obs modality: rgb with keys: []
Created environment with name Lift
Action size is 7
ROBOMIMIC WARNING(
    Dataset and installed environment version mismatch!
    Dataset environment version: 1.4.1
    Installed environment version: 1.5.2
)
  [chunk 350-400] cumul 377/400 = 94.2%

============= Initialized Observation Utils with Obs Spec =============

using obs modality: low_dim with keys: ['object', 'robot0_eef_quat', 'robot0_eef_pos', 'robot0_gripper_qpos']
using obs modality: rgb with keys: []
Created environment with name Lift
Action size is 7
ROBOMIMIC WARNING(
    Dataset and installed environment version mismatch!
    Dataset environment version: 1.4.1
    Installed environment version: 1.5.2
)
  [chunk 400-450] cumul 422/450 = 93.8%

============= Initialized Observation Utils with Obs Spec =============

using obs modality: low_dim with keys: ['object', 'robot0_eef_quat', 'robot0_eef_pos', 'robot0_gripper_qpos']
using obs modality: rgb with keys: []
Created environment with name Lift
Action size is 7
ROBOMIMIC WARNING(
    Dataset and installed environment version mismatch!
    Dataset environment version: 1.4.1
    Installed environment version: 1.5.2
)
  [chunk 450-500] cumul 468/500 = 93.6%
  => N=10 pas=50 : 468/500 = 93.6% [91.1%, 95.4%]  t_succ_med=55.0 (159.2 min)

STEPS-DATA DONE — results/runs/lift/71_steps_data_500.json
