[robosuite WARNING] No private macro file found! (macros.py:57)
[robosuite WARNING] It is recommended to use a private macro file (macros.py:58)
[robosuite WARNING] To setup, run: python /Users/nielsmurawka/Documents/VScodeProject/experience_Le/venv312/lib/python3.12/site-packages/robosuite/scripts/setup_macros.py (macros.py:59)
[robosuite WARNING] Could not import robosuite_models. Some robots may not be available. If you want to use these robots, please install robosuite_models from source (https://github.com/ARISE-Initiative/robosuite_models) or through pip install. (__init__.py:30)
[robosuite WARNING] Could not load the mink-based whole-body IK. Make sure you install related import properly, otherwise you will not be able to use the default IK controller setting for GR1 robot. (__init__.py:40)
objc[44878]: Class AVFFrameReceiver is implemented in both /Users/nielsmurawka/Documents/VScodeProject/experience_Le/venv312/lib/python3.12/site-packages/cv2/.dylibs/libavdevice.61.3.100.dylib (0x1079943a8) and /Users/nielsmurawka/Documents/VScodeProject/experience_Le/venv312/lib/python3.12/site-packages/av/.dylibs/libavdevice.61.3.100.dylib (0x1568303a8). This may cause spurious casting failures and mysterious crashes. One of the duplicates must be removed or renamed.
objc[44878]: Class AVFAudioReceiver is implemented in both /Users/nielsmurawka/Documents/VScodeProject/experience_Le/venv312/lib/python3.12/site-packages/cv2/.dylibs/libavdevice.61.3.100.dylib (0x1079943f8) and /Users/nielsmurawka/Documents/VScodeProject/experience_Le/venv312/lib/python3.12/site-packages/av/.dylibs/libavdevice.61.3.100.dylib (0x1568303f8). This may cause spurious casting failures and mysterious crashes. One of the duplicates must be removed or renamed.

============================================================
EXPÉRIENCE : lift/42_lift_unfrozen_resnet
============================================================

Chargement images brutes + states...
  Cache images brutes : data_cache/lift_ph_raw_images.pt
  Images shape : (9666, 3, 96, 96) (dtype=torch.uint8)

Construction des chunks...
  5866 chunks (chunk_size=20)
  Split : 160 démos train (4701 chunks), 40 démos test (1165 chunks)
  Total params : 12,890,680 (dont ResNet18 ~11.2M trainable)
  Device : mps

Entraînement (ResNet trainable, 2 LR groups)...
  Backbone trainable : 11,176,512 params (LR=1e-05)
  Head     trainable : 1,714,168 params (LR=0.001)
  Epoch   1/100 — train: 2.7680 (ce=2.5955 mse=0.1725) test: inf — 31s
  Epoch   5/100 — train: 1.5393 (ce=1.5103 mse=0.0290) test: 1.4711 — 160s
  Epoch  10/100 — train: 1.3918 (ce=1.3867 mse=0.0051) test: 1.3948 — 297s
  Epoch  15/100 — train: 1.3346 (ce=1.3324 mse=0.0023) test: 1.3870 — 418s
  Epoch  20/100 — train: 1.2956 (ce=1.2941 mse=0.0015) test: 1.4052 — 538s
  Epoch  25/100 — train: 1.2673 (ce=1.2661 mse=0.0012) test: 1.4143 — 666s

  [CHECKPOINT] Éval à epoch 25 (argmax)...
  Évaluation (50 épisodes, mode=argmax)...
    Episode  10/50 : ✓ max_z=0.869
    Episode  20/50 : ✓ max_z=0.891
    Episode  30/50 : ✓ max_z=0.902
    Episode  40/50 : ✓ max_z=0.848
    Episode  50/50 : ✓ max_z=0.892
    Success rate : 33/50 (66%) — avg max cube_z : 0.865 m
  [CHECKPOINT epoch 25] train=1.2673 test=1.4143 success=66% max_z=0.865
  [NEW BEST] epoch 25 : success 66%
  Epoch  30/100 — train: nan (ce=nan mse=nan) test: nan — 865s
  Epoch  35/100 — train: nan (ce=nan mse=nan) test: nan — 981s
  Epoch  40/100 — train: nan (ce=nan mse=nan) test: nan — 1104s
  Epoch  45/100 — train: nan (ce=nan mse=nan) test: nan — 1234s
  Epoch  50/100 — train: nan (ce=nan mse=nan) test: nan — 1345s

  [CHECKPOINT] Éval à epoch 50 (argmax)...
  Évaluation (50 épisodes, mode=argmax)...
WARNING: Nan, Inf or huge value in CTRL at ACTUATOR 0. The simulation is unstable. Time = 0.0000.

WARNING: Nan, Inf or huge value in CTRL at ACTUATOR 0. The simulation is unstable. Time = 0.0000.

WARNING: Nan, Inf or huge value in CTRL at ACTUATOR 0. The simulation is unstable. Time = 0.0000.

WARNING: Nan, Inf or huge value in CTRL at ACTUATOR 0. The simulation is unstable. Time = 0.0000.

WARNING: Nan, Inf or huge value in CTRL at ACTUATOR 0. The simulation is unstable. Time = 0.0000.

WARNING: Nan, Inf or huge value in CTRL at ACTUATOR 0. The simulation is unstable. Time = 0.0000.

WARNING: Nan, Inf or huge value in CTRL at ACTUATOR 0. The simulation is unstable. Time = 0.0000.

WARNING: Nan, Inf or huge value in CTRL at ACTUATOR 0. The simulation is unstable. Time = 0.0000.

WARNING: Nan, Inf or huge value in CTRL at ACTUATOR 0. The simulation is unstable. Time = 0.0000.

WARNING: Nan, Inf or huge value in CTRL at ACTUATOR 0. The simulation is unstable. Time = 0.0000.

    Episode  10/50 : ✗ max_z=0.820
WARNING: Nan, Inf or huge value in CTRL at ACTUATOR 0. The simulation is unstable. Time = 0.0000.

WARNING: Nan, Inf or huge value in CTRL at ACTUATOR 0. The simulation is unstable. Time = 0.0000.

WARNING: Nan, Inf or huge value in CTRL at ACTUATOR 0. The simulation is unstable. Time = 0.0000.

WARNING: Nan, Inf or huge value in CTRL at ACTUATOR 0. The simulation is unstable. Time = 0.0000.

WARNING: Nan, Inf or huge value in CTRL at ACTUATOR 0. The simulation is unstable. Time = 0.0000.

WARNING: Nan, Inf or huge value in CTRL at ACTUATOR 0. The simulation is unstable. Time = 0.0000.

WARNING: Nan, Inf or huge value in CTRL at ACTUATOR 0. The simulation is unstable. Time = 0.0000.

WARNING: Nan, Inf or huge value in CTRL at ACTUATOR 0. The simulation is unstable. Time = 0.0000.

WARNING: Nan, Inf or huge value in CTRL at ACTUATOR 0. The simulation is unstable. Time = 0.0000.

WARNING: Nan, Inf or huge value in CTRL at ACTUATOR 0. The simulation is unstable. Time = 0.0000.

    Episode  20/50 : ✗ max_z=0.821
WARNING: Nan, Inf or huge value in CTRL at ACTUATOR 0. The simulation is unstable. Time = 0.0000.

WARNING: Nan, Inf or huge value in CTRL at ACTUATOR 0. The simulation is unstable. Time = 0.0000.

WARNING: Nan, Inf or huge value in CTRL at ACTUATOR 0. The simulation is unstable. Time = 0.0000.

WARNING: Nan, Inf or huge value in CTRL at ACTUATOR 0. The simulation is unstable. Time = 0.0000.

WARNING: Nan, Inf or huge value in CTRL at ACTUATOR 0. The simulation is unstable. Time = 0.0000.

WARNING: Nan, Inf or huge value in CTRL at ACTUATOR 0. The simulation is unstable. Time = 0.0000.

WARNING: Nan, Inf or huge value in CTRL at ACTUATOR 0. The simulation is unstable. Time = 0.0000.

WARNING: Nan, Inf or huge value in CTRL at ACTUATOR 0. The simulation is unstable. Time = 0.0000.

WARNING: Nan, Inf or huge value in CTRL at ACTUATOR 0. The simulation is unstable. Time = 0.0000.

WARNING: Nan, Inf or huge value in CTRL at ACTUATOR 0. The simulation is unstable. Time = 0.0000.

    Episode  30/50 : ✗ max_z=0.820
WARNING: Nan, Inf or huge value in CTRL at ACTUATOR 0. The simulation is unstable. Time = 0.0000.

WARNING: Nan, Inf or huge value in CTRL at ACTUATOR 0. The simulation is unstable. Time = 0.0000.

WARNING: Nan, Inf or huge value in CTRL at ACTUATOR 0. The simulation is unstable. Time = 0.0000.

WARNING: Nan, Inf or huge value in CTRL at ACTUATOR 0. The simulation is unstable. Time = 0.0000.

WARNING: Nan, Inf or huge value in CTRL at ACTUATOR 0. The simulation is unstable. Time = 0.0000.

WARNING: Nan, Inf or huge value in CTRL at ACTUATOR 0. The simulation is unstable. Time = 0.0000.

WARNING: Nan, Inf or huge value in CTRL at ACTUATOR 0. The simulation is unstable. Time = 0.0000.

WARNING: Nan, Inf or huge value in CTRL at ACTUATOR 0. The simulation is unstable. Time = 0.0000.

WARNING: Nan, Inf or huge value in CTRL at ACTUATOR 0. The simulation is unstable. Time = 0.0000.

WARNING: Nan, Inf or huge value in CTRL at ACTUATOR 0. The simulation is unstable. Time = 0.0000.

    Episode  40/50 : ✗ max_z=0.821
WARNING: Nan, Inf or huge value in CTRL at ACTUATOR 0. The simulation is unstable. Time = 0.0000.

WARNING: Nan, Inf or huge value in CTRL at ACTUATOR 0. The simulation is unstable. Time = 0.0000.

WARNING: Nan, Inf or huge value in CTRL at ACTUATOR 0. The simulation is unstable. Time = 0.0000.

WARNING: Nan, Inf or huge value in CTRL at ACTUATOR 0. The simulation is unstable. Time = 0.0000.

WARNING: Nan, Inf or huge value in CTRL at ACTUATOR 0. The simulation is unstable. Time = 0.0000.

WARNING: Nan, Inf or huge value in CTRL at ACTUATOR 0. The simulation is unstable. Time = 0.0000.

WARNING: Nan, Inf or huge value in CTRL at ACTUATOR 0. The simulation is unstable. Time = 0.0000.

WARNING: Nan, Inf or huge value in CTRL at ACTUATOR 0. The simulation is unstable. Time = 0.0000.

WARNING: Nan, Inf or huge value in CTRL at ACTUATOR 0. The simulation is unstable. Time = 0.0000.

WARNING: Nan, Inf or huge value in CTRL at ACTUATOR 0. The simulation is unstable. Time = 0.0000.

    Episode  50/50 : ✗ max_z=0.822
    Success rate : 0/50 (0%) — avg max cube_z : 0.821 m
  [CHECKPOINT epoch 50] train=nan test=nan success=0% max_z=0.821
  Epoch  55/100 — train: nan (ce=nan mse=nan) test: nan — 1538s
  Epoch  60/100 — train: nan (ce=nan mse=nan) test: nan — 1651s
  Epoch  65/100 — train: nan (ce=nan mse=nan) test: nan — 1762s
  Epoch  70/100 — train: nan (ce=nan mse=nan) test: nan — 1873s
  Epoch  75/100 — train: nan (ce=nan mse=nan) test: nan — 1984s

  [CHECKPOINT] Éval à epoch 75 (argmax)...
  Évaluation (50 épisodes, mode=argmax)...
WARNING: Nan, Inf or huge value in CTRL at ACTUATOR 0. The simulation is unstable. Time = 0.0000.

WARNING: Nan, Inf or huge value in CTRL at ACTUATOR 0. The simulation is unstable. Time = 0.0000.

WARNING: Nan, Inf or huge value in CTRL at ACTUATOR 0. The simulation is unstable. Time = 0.0000.

WARNING: Nan, Inf or huge value in CTRL at ACTUATOR 0. The simulation is unstable. Time = 0.0000.

WARNING: Nan, Inf or huge value in CTRL at ACTUATOR 0. The simulation is unstable. Time = 0.0000.

WARNING: Nan, Inf or huge value in CTRL at ACTUATOR 0. The simulation is unstable. Time = 0.0000.

WARNING: Nan, Inf or huge value in CTRL at ACTUATOR 0. The simulation is unstable. Time = 0.0000.

WARNING: Nan, Inf or huge value in CTRL at ACTUATOR 0. The simulation is unstable. Time = 0.0000.

WARNING: Nan, Inf or huge value in CTRL at ACTUATOR 0. The simulation is unstable. Time = 0.0000.

WARNING: Nan, Inf or huge value in CTRL at ACTUATOR 0. The simulation is unstable. Time = 0.0000.

    Episode  10/50 : ✗ max_z=0.820
WARNING: Nan, Inf or huge value in CTRL at ACTUATOR 0. The simulation is unstable. Time = 0.0000.

WARNING: Nan, Inf or huge value in CTRL at ACTUATOR 0. The simulation is unstable. Time = 0.0000.

WARNING: Nan, Inf or huge value in CTRL at ACTUATOR 0. The simulation is unstable. Time = 0.0000.

WARNING: Nan, Inf or huge value in CTRL at ACTUATOR 0. The simulation is unstable. Time = 0.0000.

WARNING: Nan, Inf or huge value in CTRL at ACTUATOR 0. The simulation is unstable. Time = 0.0000.

WARNING: Nan, Inf or huge value in CTRL at ACTUATOR 0. The simulation is unstable. Time = 0.0000.

WARNING: Nan, Inf or huge value in CTRL at ACTUATOR 0. The simulation is unstable. Time = 0.0000.

WARNING: Nan, Inf or huge value in CTRL at ACTUATOR 0. The simulation is unstable. Time = 0.0000.

WARNING: Nan, Inf or huge value in CTRL at ACTUATOR 0. The simulation is unstable. Time = 0.0000.

WARNING: Nan, Inf or huge value in CTRL at ACTUATOR 0. The simulation is unstable. Time = 0.0000.

    Episode  20/50 : ✗ max_z=0.821
WARNING: Nan, Inf or huge value in CTRL at ACTUATOR 0. The simulation is unstable. Time = 0.0000.

WARNING: Nan, Inf or huge value in CTRL at ACTUATOR 0. The simulation is unstable. Time = 0.0000.

WARNING: Nan, Inf or huge value in CTRL at ACTUATOR 0. The simulation is unstable. Time = 0.0000.

WARNING: Nan, Inf or huge value in CTRL at ACTUATOR 0. The simulation is unstable. Time = 0.0000.

WARNING: Nan, Inf or huge value in CTRL at ACTUATOR 0. The simulation is unstable. Time = 0.0000.

WARNING: Nan, Inf or huge value in CTRL at ACTUATOR 0. The simulation is unstable. Time = 0.0000.

WARNING: Nan, Inf or huge value in CTRL at ACTUATOR 0. The simulation is unstable. Time = 0.0000.

WARNING: Nan, Inf or huge value in CTRL at ACTUATOR 0. The simulation is unstable. Time = 0.0000.

WARNING: Nan, Inf or huge value in CTRL at ACTUATOR 0. The simulation is unstable. Time = 0.0000.

WARNING: Nan, Inf or huge value in CTRL at ACTUATOR 0. The simulation is unstable. Time = 0.0000.

    Episode  30/50 : ✗ max_z=0.821
WARNING: Nan, Inf or huge value in CTRL at ACTUATOR 0. The simulation is unstable. Time = 0.0000.

WARNING: Nan, Inf or huge value in CTRL at ACTUATOR 0. The simulation is unstable. Time = 0.0000.

WARNING: Nan, Inf or huge value in CTRL at ACTUATOR 0. The simulation is unstable. Time = 0.0000.

WARNING: Nan, Inf or huge value in CTRL at ACTUATOR 0. The simulation is unstable. Time = 0.0000.

WARNING: Nan, Inf or huge value in CTRL at ACTUATOR 0. The simulation is unstable. Time = 0.0000.

WARNING: Nan, Inf or huge value in CTRL at ACTUATOR 0. The simulation is unstable. Time = 0.0000.

WARNING: Nan, Inf or huge value in CTRL at ACTUATOR 0. The simulation is unstable. Time = 0.0000.

WARNING: Nan, Inf or huge value in CTRL at ACTUATOR 0. The simulation is unstable. Time = 0.0000.

WARNING: Nan, Inf or huge value in CTRL at ACTUATOR 0. The simulation is unstable. Time = 0.0000.

WARNING: Nan, Inf or huge value in CTRL at ACTUATOR 0. The simulation is unstable. Time = 0.0000.

    Episode  40/50 : ✗ max_z=0.820
WARNING: Nan, Inf or huge value in CTRL at ACTUATOR 0. The simulation is unstable. Time = 0.0000.

WARNING: Nan, Inf or huge value in CTRL at ACTUATOR 0. The simulation is unstable. Time = 0.0000.

WARNING: Nan, Inf or huge value in CTRL at ACTUATOR 0. The simulation is unstable. Time = 0.0000.

WARNING: Nan, Inf or huge value in CTRL at ACTUATOR 0. The simulation is unstable. Time = 0.0000.

WARNING: Nan, Inf or huge value in CTRL at ACTUATOR 0. The simulation is unstable. Time = 0.0000.

WARNING: Nan, Inf or huge value in CTRL at ACTUATOR 0. The simulation is unstable. Time = 0.0000.

WARNING: Nan, Inf or huge value in CTRL at ACTUATOR 0. The simulation is unstable. Time = 0.0000.

WARNING: Nan, Inf or huge value in CTRL at ACTUATOR 0. The simulation is unstable. Time = 0.0000.

WARNING: Nan, Inf or huge value in CTRL at ACTUATOR 0. The simulation is unstable. Time = 0.0000.

WARNING: Nan, Inf or huge value in CTRL at ACTUATOR 0. The simulation is unstable. Time = 0.0000.

    Episode  50/50 : ✗ max_z=0.821
    Success rate : 0/50 (0%) — avg max cube_z : 0.821 m
  [CHECKPOINT epoch 75] train=nan test=nan success=0% max_z=0.821
  Epoch  80/100 — train: nan (ce=nan mse=nan) test: nan — 2307s
  Epoch  85/100 — train: nan (ce=nan mse=nan) test: nan — 2467s
  Epoch  90/100 — train: nan (ce=nan mse=nan) test: nan — 2580s
  Epoch  95/100 — train: nan (ce=nan mse=nan) test: nan — 2701s
  Epoch 100/100 — train: nan (ce=nan mse=nan) test: nan — 2821s

  [CHECKPOINT] Éval à epoch 100 (argmax)...
  Évaluation (50 épisodes, mode=argmax)...
WARNING: Nan, Inf or huge value in CTRL at ACTUATOR 0. The simulation is unstable. Time = 0.0000.

WARNING: Nan, Inf or huge value in CTRL at ACTUATOR 0. The simulation is unstable. Time = 0.0000.

WARNING: Nan, Inf or huge value in CTRL at ACTUATOR 0. The simulation is unstable. Time = 0.0000.

WARNING: Nan, Inf or huge value in CTRL at ACTUATOR 0. The simulation is unstable. Time = 0.0000.

WARNING: Nan, Inf or huge value in CTRL at ACTUATOR 0. The simulation is unstable. Time = 0.0000.

WARNING: Nan, Inf or huge value in CTRL at ACTUATOR 0. The simulation is unstable. Time = 0.0000.

WARNING: Nan, Inf or huge value in CTRL at ACTUATOR 0. The simulation is unstable. Time = 0.0000.

WARNING: Nan, Inf or huge value in CTRL at ACTUATOR 0. The simulation is unstable. Time = 0.0000.

WARNING: Nan, Inf or huge value in CTRL at ACTUATOR 0. The simulation is unstable. Time = 0.0000.

WARNING: Nan, Inf or huge value in CTRL at ACTUATOR 0. The simulation is unstable. Time = 0.0000.

    Episode  10/50 : ✗ max_z=0.820
WARNING: Nan, Inf or huge value in CTRL at ACTUATOR 0. The simulation is unstable. Time = 0.0000.

WARNING: Nan, Inf or huge value in CTRL at ACTUATOR 0. The simulation is unstable. Time = 0.0000.

WARNING: Nan, Inf or huge value in CTRL at ACTUATOR 0. The simulation is unstable. Time = 0.0000.

WARNING: Nan, Inf or huge value in CTRL at ACTUATOR 0. The simulation is unstable. Time = 0.0000.

WARNING: Nan, Inf or huge value in CTRL at ACTUATOR 0. The simulation is unstable. Time = 0.0000.

WARNING: Nan, Inf or huge value in CTRL at ACTUATOR 0. The simulation is unstable. Time = 0.0000.

WARNING: Nan, Inf or huge value in CTRL at ACTUATOR 0. The simulation is unstable. Time = 0.0000.

WARNING: Nan, Inf or huge value in CTRL at ACTUATOR 0. The simulation is unstable. Time = 0.0000.

WARNING: Nan, Inf or huge value in CTRL at ACTUATOR 0. The simulation is unstable. Time = 0.0000.

WARNING: Nan, Inf or huge value in CTRL at ACTUATOR 0. The simulation is unstable. Time = 0.0000.

    Episode  20/50 : ✗ max_z=0.822
WARNING: Nan, Inf or huge value in CTRL at ACTUATOR 0. The simulation is unstable. Time = 0.0000.

WARNING: Nan, Inf or huge value in CTRL at ACTUATOR 0. The simulation is unstable. Time = 0.0000.

WARNING: Nan, Inf or huge value in CTRL at ACTUATOR 0. The simulation is unstable. Time = 0.0000.

WARNING: Nan, Inf or huge value in CTRL at ACTUATOR 0. The simulation is unstable. Time = 0.0000.

WARNING: Nan, Inf or huge value in CTRL at ACTUATOR 0. The simulation is unstable. Time = 0.0000.

WARNING: Nan, Inf or huge value in CTRL at ACTUATOR 0. The simulation is unstable. Time = 0.0000.

WARNING: Nan, Inf or huge value in CTRL at ACTUATOR 0. The simulation is unstable. Time = 0.0000.

WARNING: Nan, Inf or huge value in CTRL at ACTUATOR 0. The simulation is unstable. Time = 0.0000.

WARNING: Nan, Inf or huge value in CTRL at ACTUATOR 0. The simulation is unstable. Time = 0.0000.

WARNING: Nan, Inf or huge value in CTRL at ACTUATOR 0. The simulation is unstable. Time = 0.0000.

    Episode  30/50 : ✗ max_z=0.821
WARNING: Nan, Inf or huge value in CTRL at ACTUATOR 0. The simulation is unstable. Time = 0.0000.

WARNING: Nan, Inf or huge value in CTRL at ACTUATOR 0. The simulation is unstable. Time = 0.0000.

WARNING: Nan, Inf or huge value in CTRL at ACTUATOR 0. The simulation is unstable. Time = 0.0000.

WARNING: Nan, Inf or huge value in CTRL at ACTUATOR 0. The simulation is unstable. Time = 0.0000.

WARNING: Nan, Inf or huge value in CTRL at ACTUATOR 0. The simulation is unstable. Time = 0.0000.

WARNING: Nan, Inf or huge value in CTRL at ACTUATOR 0. The simulation is unstable. Time = 0.0000.

WARNING: Nan, Inf or huge value in CTRL at ACTUATOR 0. The simulation is unstable. Time = 0.0000.

WARNING: Nan, Inf or huge value in CTRL at ACTUATOR 0. The simulation is unstable. Time = 0.0000.

WARNING: Nan, Inf or huge value in CTRL at ACTUATOR 0. The simulation is unstable. Time = 0.0000.

WARNING: Nan, Inf or huge value in CTRL at ACTUATOR 0. The simulation is unstable. Time = 0.0000.

    Episode  40/50 : ✗ max_z=0.821
WARNING: Nan, Inf or huge value in CTRL at ACTUATOR 0. The simulation is unstable. Time = 0.0000.

WARNING: Nan, Inf or huge value in CTRL at ACTUATOR 0. The simulation is unstable. Time = 0.0000.

WARNING: Nan, Inf or huge value in CTRL at ACTUATOR 0. The simulation is unstable. Time = 0.0000.

WARNING: Nan, Inf or huge value in CTRL at ACTUATOR 0. The simulation is unstable. Time = 0.0000.

WARNING: Nan, Inf or huge value in CTRL at ACTUATOR 0. The simulation is unstable. Time = 0.0000.

WARNING: Nan, Inf or huge value in CTRL at ACTUATOR 0. The simulation is unstable. Time = 0.0000.

WARNING: Nan, Inf or huge value in CTRL at ACTUATOR 0. The simulation is unstable. Time = 0.0000.

WARNING: Nan, Inf or huge value in CTRL at ACTUATOR 0. The simulation is unstable. Time = 0.0000.

WARNING: Nan, Inf or huge value in CTRL at ACTUATOR 0. The simulation is unstable. Time = 0.0000.

WARNING: Nan, Inf or huge value in CTRL at ACTUATOR 0. The simulation is unstable. Time = 0.0000.

    Episode  50/50 : ✗ max_z=0.820
    Success rate : 0/50 (0%) — avg max cube_z : 0.821 m
  [CHECKPOINT epoch 100] train=nan test=nan success=0% max_z=0.821
  Temps total : 2904.3s

Éval finale 200 eps (argmax + vidéos)...
  Évaluation (200 épisodes, mode=argmax)...
WARNING: Nan, Inf or huge value in CTRL at ACTUATOR 0. The simulation is unstable. Time = 0.0000.

WARNING: Nan, Inf or huge value in CTRL at ACTUATOR 0. The simulation is unstable. Time = 0.0000.

WARNING: Nan, Inf or huge value in CTRL at ACTUATOR 0. The simulation is unstable. Time = 0.0000.

WARNING: Nan, Inf or huge value in CTRL at ACTUATOR 0. The simulation is unstable. Time = 0.0000.

WARNING: Nan, Inf or huge value in CTRL at ACTUATOR 0. The simulation is unstable. Time = 0.0000.

WARNING: Nan, Inf or huge value in CTRL at ACTUATOR 0. The simulation is unstable. Time = 0.0000.

WARNING: Nan, Inf or huge value in CTRL at ACTUATOR 0. The simulation is unstable. Time = 0.0000.

WARNING: Nan, Inf or huge value in CTRL at ACTUATOR 0. The simulation is unstable. Time = 0.0000.

WARNING: Nan, Inf or huge value in CTRL at ACTUATOR 0. The simulation is unstable. Time = 0.0000.

WARNING: Nan, Inf or huge value in CTRL at ACTUATOR 0. The simulation is unstable. Time = 0.0000.

WARNING: Nan, Inf or huge value in CTRL at ACTUATOR 0. The simulation is unstable. Time = 0.0000.

WARNING: Nan, Inf or huge value in CTRL at ACTUATOR 0. The simulation is unstable. Time = 0.0000.

WARNING: Nan, Inf or huge value in CTRL at ACTUATOR 0. The simulation is unstable. Time = 0.0000.

WARNING: Nan, Inf or huge value in CTRL at ACTUATOR 0. The simulation is unstable. Time = 0.0000.

WARNING: Nan, Inf or huge value in CTRL at ACTUATOR 0. The simulation is unstable. Time = 0.0000.

WARNING: Nan, Inf or huge value in CTRL at ACTUATOR 0. The simulation is unstable. Time = 0.0000.

WARNING: Nan, Inf or huge value in CTRL at ACTUATOR 0. The simulation is unstable. Time = 0.0000.

WARNING: Nan, Inf or huge value in CTRL at ACTUATOR 0. The simulation is unstable. Time = 0.0000.

WARNING: Nan, Inf or huge value in CTRL at ACTUATOR 0. The simulation is unstable. Time = 0.0000.

WARNING: Nan, Inf or huge value in CTRL at ACTUATOR 0. The simulation is unstable. Time = 0.0000.

WARNING: Nan, Inf or huge value in CTRL at ACTUATOR 0. The simulation is unstable. Time = 0.0000.

WARNING: Nan, Inf or huge value in CTRL at ACTUATOR 0. The simulation is unstable. Time = 0.0000.

WARNING: Nan, Inf or huge value in CTRL at ACTUATOR 0. The simulation is unstable. Time = 0.0000.

WARNING: Nan, Inf or huge value in CTRL at ACTUATOR 0. The simulation is unstable. Time = 0.0000.

WARNING: Nan, Inf or huge value in CTRL at ACTUATOR 0. The simulation is unstable. Time = 0.0000.

WARNING: Nan, Inf or huge value in CTRL at ACTUATOR 0. The simulation is unstable. Time = 0.0000.

WARNING: Nan, Inf or huge value in CTRL at ACTUATOR 0. The simulation is unstable. Time = 0.0000.

WARNING: Nan, Inf or huge value in CTRL at ACTUATOR 0. The simulation is unstable. Time = 0.0000.

WARNING: Nan, Inf or huge value in CTRL at ACTUATOR 0. The simulation is unstable. Time = 0.0000.

WARNING: Nan, Inf or huge value in CTRL at ACTUATOR 0. The simulation is unstable. Time = 0.0000.

WARNING: Nan, Inf or huge value in CTRL at ACTUATOR 0. The simulation is unstable. Time = 0.0000.

WARNING: Nan, Inf or huge value in CTRL at ACTUATOR 0. The simulation is unstable. Time = 0.0000.

WARNING: Nan, Inf or huge value in CTRL at ACTUATOR 0. The simulation is unstable. Time = 0.0000.

WARNING: Nan, Inf or huge value in CTRL at ACTUATOR 0. The simulation is unstable. Time = 0.0000.

WARNING: Nan, Inf or huge value in CTRL at ACTUATOR 0. The simulation is unstable. Time = 0.0000.

WARNING: Nan, Inf or huge value in CTRL at ACTUATOR 0. The simulation is unstable. Time = 0.0000.

WARNING: Nan, Inf or huge value in CTRL at ACTUATOR 0. The simulation is unstable. Time = 0.0000.

WARNING: Nan, Inf or huge value in CTRL at ACTUATOR 0. The simulation is unstable. Time = 0.0000.

WARNING: Nan, Inf or huge value in CTRL at ACTUATOR 0. The simulation is unstable. Time = 0.0000.

WARNING: Nan, Inf or huge value in CTRL at ACTUATOR 0. The simulation is unstable. Time = 0.0000.

    Episode  40/200 : ✗ max_z=0.821
WARNING: Nan, Inf or huge value in CTRL at ACTUATOR 0. The simulation is unstable. Time = 0.0000.

WARNING: Nan, Inf or huge value in CTRL at ACTUATOR 0. The simulation is unstable. Time = 0.0000.

WARNING: Nan, Inf or huge value in CTRL at ACTUATOR 0. The simulation is unstable. Time = 0.0000.

WARNING: Nan, Inf or huge value in CTRL at ACTUATOR 0. The simulation is unstable. Time = 0.0000.

WARNING: Nan, Inf or huge value in CTRL at ACTUATOR 0. The simulation is unstable. Time = 0.0000.

WARNING: Nan, Inf or huge value in CTRL at ACTUATOR 0. The simulation is unstable. Time = 0.0000.

WARNING: Nan, Inf or huge value in CTRL at ACTUATOR 0. The simulation is unstable. Time = 0.0000.

WARNING: Nan, Inf or huge value in CTRL at ACTUATOR 0. The simulation is unstable. Time = 0.0000.

WARNING: Nan, Inf or huge value in CTRL at ACTUATOR 0. The simulation is unstable. Time = 0.0000.

WARNING: Nan, Inf or huge value in CTRL at ACTUATOR 0. The simulation is unstable. Time = 0.0000.

WARNING: Nan, Inf or huge value in CTRL at ACTUATOR 0. The simulation is unstable. Time = 0.0000.

WARNING: Nan, Inf or huge value in CTRL at ACTUATOR 0. The simulation is unstable. Time = 0.0000.

WARNING: Nan, Inf or huge value in CTRL at ACTUATOR 0. The simulation is unstable. Time = 0.0000.

WARNING: Nan, Inf or huge value in CTRL at ACTUATOR 0. The simulation is unstable. Time = 0.0000.

WARNING: Nan, Inf or huge value in CTRL at ACTUATOR 0. The simulation is unstable. Time = 0.0000.

WARNING: Nan, Inf or huge value in CTRL at ACTUATOR 0. The simulation is unstable. Time = 0.0000.

WARNING: Nan, Inf or huge value in CTRL at ACTUATOR 0. The simulation is unstable. Time = 0.0000.

WARNING: Nan, Inf or huge value in CTRL at ACTUATOR 0. The simulation is unstable. Time = 0.0000.

WARNING: Nan, Inf or huge value in CTRL at ACTUATOR 0. The simulation is unstable. Time = 0.0000.

WARNING: Nan, Inf or huge value in CTRL at ACTUATOR 0. The simulation is unstable. Time = 0.0000.

WARNING: Nan, Inf or huge value in CTRL at ACTUATOR 0. The simulation is unstable. Time = 0.0000.

WARNING: Nan, Inf or huge value in CTRL at ACTUATOR 0. The simulation is unstable. Time = 0.0000.

WARNING: Nan, Inf or huge value in CTRL at ACTUATOR 0. The simulation is unstable. Time = 0.0000.

WARNING: Nan, Inf or huge value in CTRL at ACTUATOR 0. The simulation is unstable. Time = 0.0000.

WARNING: Nan, Inf or huge value in CTRL at ACTUATOR 0. The simulation is unstable. Time = 0.0000.

WARNING: Nan, Inf or huge value in CTRL at ACTUATOR 0. The simulation is unstable. Time = 0.0000.

WARNING: Nan, Inf or huge value in CTRL at ACTUATOR 0. The simulation is unstable. Time = 0.0000.

WARNING: Nan, Inf or huge value in CTRL at ACTUATOR 0. The simulation is unstable. Time = 0.0000.

WARNING: Nan, Inf or huge value in CTRL at ACTUATOR 0. The simulation is unstable. Time = 0.0000.

WARNING: Nan, Inf or huge value in CTRL at ACTUATOR 0. The simulation is unstable. Time = 0.0000.

WARNING: Nan, Inf or huge value in CTRL at ACTUATOR 0. The simulation is unstable. Time = 0.0000.

WARNING: Nan, Inf or huge value in CTRL at ACTUATOR 0. The simulation is unstable. Time = 0.0000.

WARNING: Nan, Inf or huge value in CTRL at ACTUATOR 0. The simulation is unstable. Time = 0.0000.

WARNING: Nan, Inf or huge value in CTRL at ACTUATOR 0. The simulation is unstable. Time = 0.0000.

WARNING: Nan, Inf or huge value in CTRL at ACTUATOR 0. The simulation is unstable. Time = 0.0000.

WARNING: Nan, Inf or huge value in CTRL at ACTUATOR 0. The simulation is unstable. Time = 0.0000.

WARNING: Nan, Inf or huge value in CTRL at ACTUATOR 0. The simulation is unstable. Time = 0.0000.

WARNING: Nan, Inf or huge value in CTRL at ACTUATOR 0. The simulation is unstable. Time = 0.0000.

WARNING: Nan, Inf or huge value in CTRL at ACTUATOR 0. The simulation is unstable. Time = 0.0000.

WARNING: Nan, Inf or huge value in CTRL at ACTUATOR 0. The simulation is unstable. Time = 0.0000.

    Episode  80/200 : ✗ max_z=0.822
WARNING: Nan, Inf or huge value in CTRL at ACTUATOR 0. The simulation is unstable. Time = 0.0000.

WARNING: Nan, Inf or huge value in CTRL at ACTUATOR 0. The simulation is unstable. Time = 0.0000.

WARNING: Nan, Inf or huge value in CTRL at ACTUATOR 0. The simulation is unstable. Time = 0.0000.

WARNING: Nan, Inf or huge value in CTRL at ACTUATOR 0. The simulation is unstable. Time = 0.0000.

WARNING: Nan, Inf or huge value in CTRL at ACTUATOR 0. The simulation is unstable. Time = 0.0000.

WARNING: Nan, Inf or huge value in CTRL at ACTUATOR 0. The simulation is unstable. Time = 0.0000.

WARNING: Nan, Inf or huge value in CTRL at ACTUATOR 0. The simulation is unstable. Time = 0.0000.

WARNING: Nan, Inf or huge value in CTRL at ACTUATOR 0. The simulation is unstable. Time = 0.0000.

WARNING: Nan, Inf or huge value in CTRL at ACTUATOR 0. The simulation is unstable. Time = 0.0000.

WARNING: Nan, Inf or huge value in CTRL at ACTUATOR 0. The simulation is unstable. Time = 0.0000.

WARNING: Nan, Inf or huge value in CTRL at ACTUATOR 0. The simulation is unstable. Time = 0.0000.

WARNING: Nan, Inf or huge value in CTRL at ACTUATOR 0. The simulation is unstable. Time = 0.0000.

WARNING: Nan, Inf or huge value in CTRL at ACTUATOR 0. The simulation is unstable. Time = 0.0000.

WARNING: Nan, Inf or huge value in CTRL at ACTUATOR 0. The simulation is unstable. Time = 0.0000.

WARNING: Nan, Inf or huge value in CTRL at ACTUATOR 0. The simulation is unstable. Time = 0.0000.

WARNING: Nan, Inf or huge value in CTRL at ACTUATOR 0. The simulation is unstable. Time = 0.0000.

WARNING: Nan, Inf or huge value in CTRL at ACTUATOR 0. The simulation is unstable. Time = 0.0000.

WARNING: Nan, Inf or huge value in CTRL at ACTUATOR 0. The simulation is unstable. Time = 0.0000.

WARNING: Nan, Inf or huge value in CTRL at ACTUATOR 0. The simulation is unstable. Time = 0.0000.

WARNING: Nan, Inf or huge value in CTRL at ACTUATOR 0. The simulation is unstable. Time = 0.0000.

WARNING: Nan, Inf or huge value in CTRL at ACTUATOR 0. The simulation is unstable. Time = 0.0000.

WARNING: Nan, Inf or huge value in CTRL at ACTUATOR 0. The simulation is unstable. Time = 0.0000.

WARNING: Nan, Inf or huge value in CTRL at ACTUATOR 0. The simulation is unstable. Time = 0.0000.

WARNING: Nan, Inf or huge value in CTRL at ACTUATOR 0. The simulation is unstable. Time = 0.0000.

WARNING: Nan, Inf or huge value in CTRL at ACTUATOR 0. The simulation is unstable. Time = 0.0000.

WARNING: Nan, Inf or huge value in CTRL at ACTUATOR 0. The simulation is unstable. Time = 0.0000.

WARNING: Nan, Inf or huge value in CTRL at ACTUATOR 0. The simulation is unstable. Time = 0.0000.

WARNING: Nan, Inf or huge value in CTRL at ACTUATOR 0. The simulation is unstable. Time = 0.0000.

WARNING: Nan, Inf or huge value in CTRL at ACTUATOR 0. The simulation is unstable. Time = 0.0000.

WARNING: Nan, Inf or huge value in CTRL at ACTUATOR 0. The simulation is unstable. Time = 0.0000.

WARNING: Nan, Inf or huge value in CTRL at ACTUATOR 0. The simulation is unstable. Time = 0.0000.

WARNING: Nan, Inf or huge value in CTRL at ACTUATOR 0. The simulation is unstable. Time = 0.0000.

WARNING: Nan, Inf or huge value in CTRL at ACTUATOR 0. The simulation is unstable. Time = 0.0000.

WARNING: Nan, Inf or huge value in CTRL at ACTUATOR 0. The simulation is unstable. Time = 0.0000.

WARNING: Nan, Inf or huge value in CTRL at ACTUATOR 0. The simulation is unstable. Time = 0.0000.

WARNING: Nan, Inf or huge value in CTRL at ACTUATOR 0. The simulation is unstable. Time = 0.0000.

WARNING: Nan, Inf or huge value in CTRL at ACTUATOR 0. The simulation is unstable. Time = 0.0000.

WARNING: Nan, Inf or huge value in CTRL at ACTUATOR 0. The simulation is unstable. Time = 0.0000.

WARNING: Nan, Inf or huge value in CTRL at ACTUATOR 0. The simulation is unstable. Time = 0.0000.

WARNING: Nan, Inf or huge value in CTRL at ACTUATOR 0. The simulation is unstable. Time = 0.0000.

    Episode 120/200 : ✗ max_z=0.820
WARNING: Nan, Inf or huge value in CTRL at ACTUATOR 0. The simulation is unstable. Time = 0.0000.

WARNING: Nan, Inf or huge value in CTRL at ACTUATOR 0. The simulation is unstable. Time = 0.0000.

WARNING: Nan, Inf or huge value in CTRL at ACTUATOR 0. The simulation is unstable. Time = 0.0000.

WARNING: Nan, Inf or huge value in CTRL at ACTUATOR 0. The simulation is unstable. Time = 0.0000.

WARNING: Nan, Inf or huge value in CTRL at ACTUATOR 0. The simulation is unstable. Time = 0.0000.

WARNING: Nan, Inf or huge value in CTRL at ACTUATOR 0. The simulation is unstable. Time = 0.0000.

WARNING: Nan, Inf or huge value in CTRL at ACTUATOR 0. The simulation is unstable. Time = 0.0000.

WARNING: Nan, Inf or huge value in CTRL at ACTUATOR 0. The simulation is unstable. Time = 0.0000.

WARNING: Nan, Inf or huge value in CTRL at ACTUATOR 0. The simulation is unstable. Time = 0.0000.

WARNING: Nan, Inf or huge value in CTRL at ACTUATOR 0. The simulation is unstable. Time = 0.0000.

WARNING: Nan, Inf or huge value in CTRL at ACTUATOR 0. The simulation is unstable. Time = 0.0000.

WARNING: Nan, Inf or huge value in CTRL at ACTUATOR 0. The simulation is unstable. Time = 0.0000.

WARNING: Nan, Inf or huge value in CTRL at ACTUATOR 0. The simulation is unstable. Time = 0.0000.

WARNING: Nan, Inf or huge value in CTRL at ACTUATOR 0. The simulation is unstable. Time = 0.0000.

WARNING: Nan, Inf or huge value in CTRL at ACTUATOR 0. The simulation is unstable. Time = 0.0000.

WARNING: Nan, Inf or huge value in CTRL at ACTUATOR 0. The simulation is unstable. Time = 0.0000.

WARNING: Nan, Inf or huge value in CTRL at ACTUATOR 0. The simulation is unstable. Time = 0.0000.

WARNING: Nan, Inf or huge value in CTRL at ACTUATOR 0. The simulation is unstable. Time = 0.0000.

WARNING: Nan, Inf or huge value in CTRL at ACTUATOR 0. The simulation is unstable. Time = 0.0000.

WARNING: Nan, Inf or huge value in CTRL at ACTUATOR 0. The simulation is unstable. Time = 0.0000.

WARNING: Nan, Inf or huge value in CTRL at ACTUATOR 0. The simulation is unstable. Time = 0.0000.

WARNING: Nan, Inf or huge value in CTRL at ACTUATOR 0. The simulation is unstable. Time = 0.0000.

WARNING: Nan, Inf or huge value in CTRL at ACTUATOR 0. The simulation is unstable. Time = 0.0000.

WARNING: Nan, Inf or huge value in CTRL at ACTUATOR 0. The simulation is unstable. Time = 0.0000.

WARNING: Nan, Inf or huge value in CTRL at ACTUATOR 0. The simulation is unstable. Time = 0.0000.

WARNING: Nan, Inf or huge value in CTRL at ACTUATOR 0. The simulation is unstable. Time = 0.0000.

WARNING: Nan, Inf or huge value in CTRL at ACTUATOR 0. The simulation is unstable. Time = 0.0000.

WARNING: Nan, Inf or huge value in CTRL at ACTUATOR 0. The simulation is unstable. Time = 0.0000.

WARNING: Nan, Inf or huge value in CTRL at ACTUATOR 0. The simulation is unstable. Time = 0.0000.

WARNING: Nan, Inf or huge value in CTRL at ACTUATOR 0. The simulation is unstable. Time = 0.0000.

WARNING: Nan, Inf or huge value in CTRL at ACTUATOR 0. The simulation is unstable. Time = 0.0000.

WARNING: Nan, Inf or huge value in CTRL at ACTUATOR 0. The simulation is unstable. Time = 0.0000.

WARNING: Nan, Inf or huge value in CTRL at ACTUATOR 0. The simulation is unstable. Time = 0.0000.

WARNING: Nan, Inf or huge value in CTRL at ACTUATOR 0. The simulation is unstable. Time = 0.0000.

WARNING: Nan, Inf or huge value in CTRL at ACTUATOR 0. The simulation is unstable. Time = 0.0000.

WARNING: Nan, Inf or huge value in CTRL at ACTUATOR 0. The simulation is unstable. Time = 0.0000.

WARNING: Nan, Inf or huge value in CTRL at ACTUATOR 0. The simulation is unstable. Time = 0.0000.

WARNING: Nan, Inf or huge value in CTRL at ACTUATOR 0. The simulation is unstable. Time = 0.0000.

WARNING: Nan, Inf or huge value in CTRL at ACTUATOR 0. The simulation is unstable. Time = 0.0000.

WARNING: Nan, Inf or huge value in CTRL at ACTUATOR 0. The simulation is unstable. Time = 0.0000.

    Episode 160/200 : ✗ max_z=0.821
WARNING: Nan, Inf or huge value in CTRL at ACTUATOR 0. The simulation is unstable. Time = 0.0000.

WARNING: Nan, Inf or huge value in CTRL at ACTUATOR 0. The simulation is unstable. Time = 0.0000.

WARNING: Nan, Inf or huge value in CTRL at ACTUATOR 0. The simulation is unstable. Time = 0.0000.

WARNING: Nan, Inf or huge value in CTRL at ACTUATOR 0. The simulation is unstable. Time = 0.0000.

WARNING: Nan, Inf or huge value in CTRL at ACTUATOR 0. The simulation is unstable. Time = 0.0000.

WARNING: Nan, Inf or huge value in CTRL at ACTUATOR 0. The simulation is unstable. Time = 0.0000.

WARNING: Nan, Inf or huge value in CTRL at ACTUATOR 0. The simulation is unstable. Time = 0.0000.

WARNING: Nan, Inf or huge value in CTRL at ACTUATOR 0. The simulation is unstable. Time = 0.0000.

WARNING: Nan, Inf or huge value in CTRL at ACTUATOR 0. The simulation is unstable. Time = 0.0000.

WARNING: Nan, Inf or huge value in CTRL at ACTUATOR 0. The simulation is unstable. Time = 0.0000.

WARNING: Nan, Inf or huge value in CTRL at ACTUATOR 0. The simulation is unstable. Time = 0.0000.

WARNING: Nan, Inf or huge value in CTRL at ACTUATOR 0. The simulation is unstable. Time = 0.0000.

WARNING: Nan, Inf or huge value in CTRL at ACTUATOR 0. The simulation is unstable. Time = 0.0000.

WARNING: Nan, Inf or huge value in CTRL at ACTUATOR 0. The simulation is unstable. Time = 0.0000.

WARNING: Nan, Inf or huge value in CTRL at ACTUATOR 0. The simulation is unstable. Time = 0.0000.

WARNING: Nan, Inf or huge value in CTRL at ACTUATOR 0. The simulation is unstable. Time = 0.0000.

WARNING: Nan, Inf or huge value in CTRL at ACTUATOR 0. The simulation is unstable. Time = 0.0000.

WARNING: Nan, Inf or huge value in CTRL at ACTUATOR 0. The simulation is unstable. Time = 0.0000.

WARNING: Nan, Inf or huge value in CTRL at ACTUATOR 0. The simulation is unstable. Time = 0.0000.

WARNING: Nan, Inf or huge value in CTRL at ACTUATOR 0. The simulation is unstable. Time = 0.0000.

WARNING: Nan, Inf or huge value in CTRL at ACTUATOR 0. The simulation is unstable. Time = 0.0000.

WARNING: Nan, Inf or huge value in CTRL at ACTUATOR 0. The simulation is unstable. Time = 0.0000.

WARNING: Nan, Inf or huge value in CTRL at ACTUATOR 0. The simulation is unstable. Time = 0.0000.

WARNING: Nan, Inf or huge value in CTRL at ACTUATOR 0. The simulation is unstable. Time = 0.0000.

WARNING: Nan, Inf or huge value in CTRL at ACTUATOR 0. The simulation is unstable. Time = 0.0000.

WARNING: Nan, Inf or huge value in CTRL at ACTUATOR 0. The simulation is unstable. Time = 0.0000.

WARNING: Nan, Inf or huge value in CTRL at ACTUATOR 0. The simulation is unstable. Time = 0.0000.

WARNING: Nan, Inf or huge value in CTRL at ACTUATOR 0. The simulation is unstable. Time = 0.0000.

WARNING: Nan, Inf or huge value in CTRL at ACTUATOR 0. The simulation is unstable. Time = 0.0000.

WARNING: Nan, Inf or huge value in CTRL at ACTUATOR 0. The simulation is unstable. Time = 0.0000.

WARNING: Nan, Inf or huge value in CTRL at ACTUATOR 0. The simulation is unstable. Time = 0.0000.

WARNING: Nan, Inf or huge value in CTRL at ACTUATOR 0. The simulation is unstable. Time = 0.0000.

WARNING: Nan, Inf or huge value in CTRL at ACTUATOR 0. The simulation is unstable. Time = 0.0000.

WARNING: Nan, Inf or huge value in CTRL at ACTUATOR 0. The simulation is unstable. Time = 0.0000.

WARNING: Nan, Inf or huge value in CTRL at ACTUATOR 0. The simulation is unstable. Time = 0.0000.

WARNING: Nan, Inf or huge value in CTRL at ACTUATOR 0. The simulation is unstable. Time = 0.0000.

WARNING: Nan, Inf or huge value in CTRL at ACTUATOR 0. The simulation is unstable. Time = 0.0000.

WARNING: Nan, Inf or huge value in CTRL at ACTUATOR 0. The simulation is unstable. Time = 0.0000.

WARNING: Nan, Inf or huge value in CTRL at ACTUATOR 0. The simulation is unstable. Time = 0.0000.

WARNING: Nan, Inf or huge value in CTRL at ACTUATOR 0. The simulation is unstable. Time = 0.0000.

    Episode 200/200 : ✗ max_z=0.820
    Success rate : 0/200 (0%) — avg max cube_z : 0.821 m
  Poids sauvegardés : /Users/nielsmurawka/Documents/VScodeProject/experience_Le/results/runs/lift/42_lift_unfrozen_resnet_mlp_unfrozen_resnet/model.pt
  Config modèle    : /Users/nielsmurawka/Documents/VScodeProject/experience_Le/results/runs/lift/42_lift_unfrozen_resnet_mlp_unfrozen_resnet/model_config.json
  Vidéo : /Users/nielsmurawka/Documents/VScodeProject/experience_Le/results/runs/lift/42_lift_unfrozen_resnet_mlp_unfrozen_resnet/ep0.mp4
  Vidéo : /Users/nielsmurawka/Documents/VScodeProject/experience_Le/results/runs/lift/42_lift_unfrozen_resnet_mlp_unfrozen_resnet/ep1.mp4
  Vidéo : /Users/nielsmurawka/Documents/VScodeProject/experience_Le/results/runs/lift/42_lift_unfrozen_resnet_mlp_unfrozen_resnet/ep2.mp4
  Best model : /Users/nielsmurawka/Documents/VScodeProject/experience_Le/results/runs/lift/42_lift_unfrozen_resnet_mlp_unfrozen_resnet/model_best_epoch25.pt (epoch 25, success 66%)
Run sauvegardé dans /Users/nielsmurawka/Documents/VScodeProject/experience_Le/results/all_runs.jsonl
  Graphe : /Users/nielsmurawka/Documents/VScodeProject/experience_Le/results/runs/lift/42_lift_unfrozen_resnet_mlp_unfrozen_resnet/losses.png
  Run info : /Users/nielsmurawka/Documents/VScodeProject/experience_Le/results/runs/lift/42_lift_unfrozen_resnet_mlp_unfrozen_resnet/run_info.md

============================================================
RÉSUMÉ
============================================================
  Success rate final : 0% (0/200)
  Best checkpoint    : 66% (epoch 25)
  Avg max cube_z     : 0.821 m
  Params             : 12,890,680
  Temps              : 2904s
    epoch  25 : train=1.2673 test=1.4143 success=66% max_z=0.865
    epoch  50 : train=nan test=nan success=0% max_z=0.821
    epoch  75 : train=nan test=nan success=0% max_z=0.821
    epoch 100 : train=nan test=nan success=0% max_z=0.821

  Dossier : /Users/nielsmurawka/Documents/VScodeProject/experience_Le/results/runs/lift/42_lift_unfrozen_resnet_mlp_unfrozen_resnet
